Archive member included to satisfy reference by file (symbol)

C:/ST/STM32CubeIDE_1.17.0/STM32CubeIDE/plugins/com.st.stm32cube.ide.mcu.externaltools.gnu-tools-for-stm32.12.3.rel1.win32_1.1.0.202410251130/tools/bin/../lib/gcc/arm-none-eabi/12.3.1/../../../../arm-none-eabi/lib/thumb/v7-m/nofp\libc_nano.a(libc_a-exit.o)
                              C:/ST/STM32CubeIDE_1.17.0/STM32CubeIDE/plugins/com.st.stm32cube.ide.mcu.externaltools.gnu-tools-for-stm32.12.3.rel1.win32_1.1.0.202410251130/tools/bin/../lib/gcc/arm-none-eabi/12.3.1/../../../../arm-none-eabi/lib/thumb/v7-m/nofp/crt0.o (exit)
C:/ST/STM32CubeIDE_1.17.0/STM32CubeIDE/plugins/com.st.stm32cube.ide.mcu.externaltools.gnu-tools-for-stm32.12.3.rel1.win32_1.1.0.202410251130/tools/bin/../lib/gcc/arm-none-eabi/12.3.1/../../../../arm-none-eabi/lib/thumb/v7-m/nofp\libc_nano.a(libc_a-findfp.o)
                              C:/ST/STM32CubeIDE_1.17.0/STM32CubeIDE/plugins/com.st.stm32cube.ide.mcu.externaltools.gnu-tools-for-stm32.12.3.rel1.win32_1.1.0.202410251130/tools/bin/../lib/gcc/arm-none-eabi/12.3.1/../../../../arm-none-eabi/lib/thumb/v7-m/nofp\libc_nano.a(libc_a-exit.o) (__stdio_exit_handler)
C:/ST/STM32CubeIDE_1.17.0/STM32CubeIDE/plugins/com.st.stm32cube.ide.mcu.externaltools.gnu-tools-for-stm32.12.3.rel1.win32_1.1.0.202410251130/tools/bin/../lib/gcc/arm-none-eabi/12.3.1/../../../../arm-none-eabi/lib/thumb/v7-m/nofp\libc_nano.a(libc_a-fwalk.o)
                              C:/ST/STM32CubeIDE_1.17.0/STM32CubeIDE/plugins/com.st.stm32cube.ide.mcu.externaltools.gnu-tools-for-stm32.12.3.rel1.win32_1.1.0.202410251130/tools/bin/../lib/gcc/arm-none-eabi/12.3.1/../../../../arm-none-eabi/lib/thumb/v7-m/nofp\libc_nano.a(libc_a-findfp.o) (_fwalk_sglue)
C:/ST/STM32CubeIDE_1.17.0/STM32CubeIDE/plugins/com.st.stm32cube.ide.mcu.externaltools.gnu-tools-for-stm32.12.3.rel1.win32_1.1.0.202410251130/tools/bin/../lib/gcc/arm-none-eabi/12.3.1/../../../../arm-none-eabi/lib/thumb/v7-m/nofp\libc_nano.a(libc_a-stdio.o)
                              C:/ST/STM32CubeIDE_1.17.0/STM32CubeIDE/plugins/com.st.stm32cube.ide.mcu.externaltools.gnu-tools-for-stm32.12.3.rel1.win32_1.1.0.202410251130/tools/bin/../lib/gcc/arm-none-eabi/12.3.1/../../../../arm-none-eabi/lib/thumb/v7-m/nofp\libc_nano.a(libc_a-findfp.o) (__sread)
C:/ST/STM32CubeIDE_1.17.0/STM32CubeIDE/plugins/com.st.stm32cube.ide.mcu.externaltools.gnu-tools-for-stm32.12.3.rel1.win32_1.1.0.202410251130/tools/bin/../lib/gcc/arm-none-eabi/12.3.1/../../../../arm-none-eabi/lib/thumb/v7-m/nofp\libc_nano.a(libc_a-vsprintf.o)
                              ./Drivers/Src/common.o (vsprintf)
C:/ST/STM32CubeIDE_1.17.0/STM32CubeIDE/plugins/com.st.stm32cube.ide.mcu.externaltools.gnu-tools-for-stm32.12.3.rel1.win32_1.1.0.202410251130/tools/bin/../lib/gcc/arm-none-eabi/12.3.1/../../../../arm-none-eabi/lib/thumb/v7-m/nofp\libc_nano.a(libc_a-memset.o)
                              C:/ST/STM32CubeIDE_1.17.0/STM32CubeIDE/plugins/com.st.stm32cube.ide.mcu.externaltools.gnu-tools-for-stm32.12.3.rel1.win32_1.1.0.202410251130/tools/bin/../lib/gcc/arm-none-eabi/12.3.1/../../../../arm-none-eabi/lib/thumb/v7-m/nofp/crt0.o (memset)
C:/ST/STM32CubeIDE_1.17.0/STM32CubeIDE/plugins/com.st.stm32cube.ide.mcu.externaltools.gnu-tools-for-stm32.12.3.rel1.win32_1.1.0.202410251130/tools/bin/../lib/gcc/arm-none-eabi/12.3.1/../../../../arm-none-eabi/lib/thumb/v7-m/nofp\libc_nano.a(libc_a-closer.o)
                              C:/ST/STM32CubeIDE_1.17.0/STM32CubeIDE/plugins/com.st.stm32cube.ide.mcu.externaltools.gnu-tools-for-stm32.12.3.rel1.win32_1.1.0.202410251130/tools/bin/../lib/gcc/arm-none-eabi/12.3.1/../../../../arm-none-eabi/lib/thumb/v7-m/nofp\libc_nano.a(libc_a-stdio.o) (_close_r)
C:/ST/STM32CubeIDE_1.17.0/STM32CubeIDE/plugins/com.st.stm32cube.ide.mcu.externaltools.gnu-tools-for-stm32.12.3.rel1.win32_1.1.0.202410251130/tools/bin/../lib/gcc/arm-none-eabi/12.3.1/../../../../arm-none-eabi/lib/thumb/v7-m/nofp\libc_nano.a(libc_a-reent.o)
                              C:/ST/STM32CubeIDE_1.17.0/STM32CubeIDE/plugins/com.st.stm32cube.ide.mcu.externaltools.gnu-tools-for-stm32.12.3.rel1.win32_1.1.0.202410251130/tools/bin/../lib/gcc/arm-none-eabi/12.3.1/../../../../arm-none-eabi/lib/thumb/v7-m/nofp\libc_nano.a(libc_a-closer.o) (errno)
C:/ST/STM32CubeIDE_1.17.0/STM32CubeIDE/plugins/com.st.stm32cube.ide.mcu.externaltools.gnu-tools-for-stm32.12.3.rel1.win32_1.1.0.202410251130/tools/bin/../lib/gcc/arm-none-eabi/12.3.1/../../../../arm-none-eabi/lib/thumb/v7-m/nofp\libc_nano.a(libc_a-impure.o)
                              C:/ST/STM32CubeIDE_1.17.0/STM32CubeIDE/plugins/com.st.stm32cube.ide.mcu.externaltools.gnu-tools-for-stm32.12.3.rel1.win32_1.1.0.202410251130/tools/bin/../lib/gcc/arm-none-eabi/12.3.1/../../../../arm-none-eabi/lib/thumb/v7-m/nofp\libc_nano.a(libc_a-vsprintf.o) (_impure_ptr)
[...]
Memory Configuration

Name             Origin             Length             Attributes
RAM              0x20000000         0x00005000         xrw
FLASH            0x08000000         0x00010000         xr
*default*        0x00000000         0xffffffff

Linker script and memory map

LOAD C:/ST/STM32CubeIDE_1.17.0/STM32CubeIDE/plugins/com.st.stm32cube.ide.mcu.externaltools.gnu-tools-for-stm32.12.3.rel1.win32_1.1.0.202410251130/tools/bin/../lib/gcc/arm-none-eabi/12.3.1/thumb/v7-m/nofp/crti.o
LOAD C:/ST/STM32CubeIDE_1.17.0/STM32CubeIDE/plugins/com.st.stm32cube.ide.mcu.externaltools.gnu-tools-for-stm32.12.3.rel1.win32_1.1.0.202410251130/tools/bin/../lib/gcc/arm-none-eabi/12.3.1/thumb/v7-m/nofp/crtbegin.o
LOAD C:/ST/STM32CubeIDE_1.17.0/STM32CubeIDE/plugins/com.st.stm32cube.ide.mcu.externaltools.gnu-tools-for-stm32.12.3.rel1.win32_1.1.0.202410251130/tools/bin/../lib/gcc/arm-none-eabi/12.3.1/../../../../arm-none-eabi/lib/thumb/v7-m/nofp/crt0.o
LOAD ./Drivers/Src/Clk.o
LOAD ./Drivers/Src/GPIO.o
LOAD ./Drivers/Src/System.o
LOAD ./Drivers/Src/UART.o
LOAD ./Drivers/Src/common.o
LOAD ./Drivers/Src/crc.o
LOAD ./Drivers/Src/flash.o
LOAD ./Src/app.o
LOAD ./Src/main.o
LOAD ./Src/syscalls.o
LOAD ./Src/sysmem.o
LOAD ./Startup/startup_stm32f103c8tx.o
START GROUP
LOAD C:/ST/STM32CubeIDE_1.17.0/STM32CubeIDE/plugins/com.st.stm32cube.ide.mcu.externaltools.gnu-tools-for-stm32.12.3.rel1.win32_1.1.0.202410251130/tools/bin/../lib/gcc/arm-none-eabi/12.3.1/../../../../arm-none-eabi/lib/thumb/v7-m/nofp\libc_nano.a
LOAD C:/ST/STM32CubeIDE_1.17.0/STM32CubeIDE/plugins/com.st.stm32cube.ide.mcu.externaltools.gnu-tools-for-stm32.12.3.rel1.win32_1.1.0.202410251130/tools/bin/../lib/gcc/arm-none-eabi/12.3.1/../../../../arm-none-eabi/lib/thumb/v7-m/nofp\libm.a
END GROUP
START GROUP
LOAD C:/ST/STM32CubeIDE_1.17.0/STM32CubeIDE/plugins/com.st.stm32cube.ide.mcu.externaltools.gnu-tools-for-stm32.12.3.rel1.win32_1.1.0.202410251130/tools/bin/../lib/gcc/arm-none-eabi/12.3.1/thumb/v7-m/nofp\libgcc.a
LOAD C:/ST/STM32CubeIDE_1.17.0/STM32CubeIDE/plugins/com.st.stm32cube.ide.mcu.externaltools.gnu-tools-for-stm32.12.3.rel1.win32_1.1.0.202410251130/tools/bin/../lib/gcc/arm-none-eabi/12.3.1/../../../../arm-none-eabi/lib/thumb/v7-m/nofp\libc_nano.a
END GROUP
START GROUP
LOAD C:/ST/STM32CubeIDE_1.17.0/STM32CubeIDE/plugins/com.st.stm32cube.ide.mcu.externaltools.gnu-tools-for-stm32.12.3.rel1.win32_1.1.0.202410251130/tools/bin/../lib/gcc/arm-none-eabi/12.3.1/thumb/v7-m/nofp\libgcc.a
LOAD C:/ST/STM32CubeIDE_1.17.0/STM32CubeIDE/plugins/com.st.stm32cube.ide.mcu.externaltools.gnu-tools-for-stm32.12.3.rel1.win32_1.1.0.202410251130/tools/bin/../lib/gcc/arm-none-eabi/12.3.1/../../../../arm-none-eabi/lib/thumb/v7-m/nofp\libc_nano.a
LOAD C:/ST/STM32CubeIDE_1.17.0/STM32CubeIDE/plugins/com.st.stm32cube.ide.mcu.externaltools.gnu-tools-for-stm32.12.3.rel1.win32_1.1.0.202410251130/tools/bin/../lib/gcc/arm-none-eabi/12.3.1/../../../../arm-none-eabi/lib/thumb/v7-m/nofp\libnosys.a
END GROUP
START GROUP
LOAD C:/ST/STM32CubeIDE_1.17.0/STM32CubeIDE/plugins/com.st.stm32cube.ide.mcu.externaltools.gnu-tools-for-stm32.12.3.rel1.win32_1.1.0.202410251130/tools/bin/../lib/gcc/arm-none-eabi/12.3.1/thumb/v7-m/nofp\libgcc.a
LOAD C:/ST/STM32CubeIDE_1.17.0/STM32CubeIDE/plugins/com.st.stm32cube.ide.mcu.externaltools.gnu-tools-for-stm32.12.3.rel1.win32_1.1.0.202410251130/tools/bin/../lib/gcc/arm-none-eabi/12.3.1/../../../../arm-none-eabi/lib/thumb/v7-m/nofp\libc_nano.a
LOAD C:/ST/STM32CubeIDE_1.17.0/STM32CubeIDE/plugins/com.st.stm32cube.ide.mcu.externaltools.gnu-tools-for-stm32.12.3.rel1.win32_1.1.0.202410251130/tools/bin/../lib/gcc/arm-none-eabi/12.3.1/../../../../arm-none-eabi/lib/thumb/v7-m/nofp\libnosys.a
END GROUP
LOAD C:/ST/STM32CubeIDE_1.17.0/STM32CubeIDE/plugins/com.st.stm32cube.ide.mcu.externaltools.gnu-tools-for-stm32.12.3.rel1.win32_1.1.0.202410251130/tools/bin/../lib/gcc/arm-none-eabi/12.3.1/thumb/v7-m/nofp/crtend.o
LOAD C:/ST/STM32CubeIDE_1.17.0/STM32CubeIDE/plugins/com.st.stm32cube.ide.mcu.externaltools.gnu-tools-for-stm32.12.3.rel1.win32_1.1.0.202410251130/tools/bin/../lib/gcc/arm-none-eabi/12.3.1/thumb/v7-m/nofp/crtn.o
                0x20005000                        _estack = (ORIGIN (RAM) + LENGTH (RAM))
                0x00000200                        _Min_Heap_Size = 0x200
                0x00000400                        _Min_Stack_Size = 0x400

.isr_vector     0x08000000      0x130
                0x08000000                        . = ALIGN (0x4)
 *(.isr_vector)
 .isr_vector    0x08000000      0x130 ./Startup/startup_stm32f103c8tx.o
                0x08000000                g_pfnVectors
                0x08000130                        . = ALIGN (0x4)

.text           0x08000130     0x2a04
                0x08000130                        . = ALIGN (0x4)
 *(.text)
 .text          0x08000130       0x40 C:/ST/STM32CubeIDE_1.17.0/STM32CubeIDE/plugins/com.st.stm32cube.ide.mcu.externaltools.gnu-tools-for-stm32.12.3.rel1.win32_1.1.0.202410251130/tools/bin/../lib/gcc/arm-none-eabi/12.3.1/thumb/v7-m/nofp/crtbegin.o
 .text          0x08000170      0x168 C:/ST/STM32CubeIDE_1.17.0/STM32CubeIDE/plugins/com.st.stm32cube.ide.mcu.externaltools.gnu-tools-for-stm32.12.3.rel1.win32_1.1.0.202410251130/tools/bin/../lib/gcc/arm-none-eabi/12.3.1/thumb/v7-m/nofp\libgcc.a(_arm_mulsf3.o)
                0x08000170                __aeabi_fmul
                0x08000170                __mulsf3
 .text          0x080002d8      0x378 C:/ST/STM32CubeIDE_1.17.0/STM32CubeIDE/plugins/com.st.stm32cube.ide.mcu.externaltools.gnu-tools-for-stm32.12.3.rel1.win32_1.1.0.202410251130/tools/bin/../lib/gcc/arm-none-eabi/12.3.1/thumb/v7-m/nofp\libgcc.a(_arm_addsubdf3.o)
                0x080002d8                __aeabi_drsub
                0x080002e0                __aeabi_dsub
                0x080002e0                __subdf3
                0x080002e4                __aeabi_dadd
                0x080002e4                __adddf3
                0x0800055c                __floatunsidf
                0x0800055c                __aeabi_ui2d
                0x0800057c                __floatsidf
                0x0800057c                __aeabi_i2d
                0x080005a0                __aeabi_f2d
                0x080005a0                __extendsfdf2
                0x080005e4                __floatundidf
                0x080005e4                __aeabi_ul2d
                0x080005f4                __floatdidf
                0x080005f4                __aeabi_l2d
 .text          0x08000650      0x424 C:/ST/STM32CubeIDE_1.17.0/STM32CubeIDE/plugins/com.st.stm32cube.ide.mcu.externaltools.gnu-tools-for-stm32.12.3.rel1.win32_1.1.0.202410251130/tools/bin/../lib/gcc/arm-none-eabi/12.3.1/thumb/v7-m/nofp\libgcc.a(_arm_muldivdf3.o)
                0x08000650                __aeabi_dmul
                0x08000650                __muldf3
                0x080008a4                __divdf3
                0x080008a4                __aeabi_ddiv
 .text          0x08000a74       0xa0 C:/ST/STM32CubeIDE_1.17.0/STM32CubeIDE/plugins/com.st.stm32cube.ide.mcu.externaltools.gnu-tools-for-stm32.12.3.rel1.win32_1.1.0.202410251130/tools/bin/../lib/gcc/arm-none-eabi/12.3.1/thumb/v7-m/nofp\libgcc.a(_arm_truncdfsf2.o)
                0x08000a74                __truncdfsf2
                0x08000a74                __aeabi_d2f
 .text          0x08000b14      0x21c C:/ST/STM32CubeIDE_1.17.0/STM32CubeIDE/plugins/com.st.stm32cube.ide.mcu.externaltools.gnu-tools-for-stm32.12.3.rel1.win32_1.1.0.202410251130/tools/bin/../lib/gcc/arm-none-eabi/12.3.1/thumb/v7-m/nofp\libgcc.a(_arm_addsubsf3.o)
                0x08000b14                __aeabi_frsub
                0x08000b1c                __subsf3
                0x08000b1c                __aeabi_fsub
                0x08000b20                __aeabi_fadd
                0x08000b20                __addsf3
                0x08000c80                __aeabi_ui2f
                0x08000c80                __floatunsisf
                0x08000c88                __aeabi_i2f
                0x08000c88                __floatsisf
                0x08000ca4                __aeabi_ul2f
                0x08000ca4                __floatundisf
                0x08000cb4                __aeabi_l2f
                0x08000cb4                __floatdisf
 .text          0x08000d30       0xec C:/ST/STM32CubeIDE_1.17.0/STM32CubeIDE/plugins/com.st.stm32cube.ide.mcu.externaltools.gnu-tools-for-stm32.12.3.rel1.win32_1.1.0.202410251130/tools/bin/../lib/gcc/arm-none-eabi/12.3.1/thumb/v7-m/nofp\libgcc.a(_arm_cmpsf2.o)
                0x08000d30                __gesf2
                0x08000d30                __gtsf2
                0x08000d38                __lesf2
                0x08000d38                __ltsf2
                0x08000d40                __nesf2
                0x08000d40                __eqsf2
                0x08000d40                __cmpsf2
                0x08000da0                __aeabi_cfrcmple
                0x08000da8                __aeabi_cfcmpeq
                0x08000da8                __aeabi_cfcmple
                0x08000db8                __aeabi_fcmpeq
                0x08000dcc                __aeabi_fcmplt
                0x08000de0                __aeabi_fcmple
                0x08000df4                __aeabi_fcmpge
                0x08000e08                __aeabi_fcmpgt
 .text          0x08000e1c       0x4c C:/ST/STM32CubeIDE_1.17.0/STM32CubeIDE/plugins/com.st.stm32cube.ide.mcu.externaltools.gnu-tools-for-stm32.12.3.rel1.win32_1.1.0.202410251130/tools/bin/../lib/gcc/arm-none-eabi/12.3.1/thumb/v7-m/nofp\libgcc.a(_arm_fixsfsi.o)
                0x08000e1c                __aeabi_f2iz
                0x08000e1c                __fixsfsi
 .text          0x08000e68       0x40 C:/ST/STM32CubeIDE_1.17.0/STM32CubeIDE/plugins/com.st.stm32cube.ide.mcu.externaltools.gnu-tools-for-stm32.12.3.rel1.win32_1.1.0.202410251130/tools/bin/../lib/gcc/arm-none-eabi/12.3.1/thumb/v7-m/nofp\libgcc.a(_arm_fixunssfsi.o)
                0x08000e68                __fixunssfsi
                0x08000e68                __aeabi_f2uiz
 *(.text*)
 .text.clock_init
                0x08000ea8       0x6c ./Drivers/Src/Clk.o
                0x08000ea8                clock_init
 .text.system_clock_set
                0x08000f14       0xd4 ./Drivers/Src/Clk.o
                0x08000f14                system_clock_set
 .text.pll_clk_config
                0x08000fe8       0x54 ./Drivers/Src/Clk.o
                0x08000fe8                pll_clk_config
 .text.ahb_clk_set
                0x0800103c       0x34 ./Drivers/Src/Clk.o
                0x0800103c                ahb_clk_set
 .text.apb1_clk_set
                0x08001070       0x34 ./Drivers/Src/Clk.o
                0x08001070                apb1_clk_set
 .text.apb2_clk_set
                0x080010a4       0x34 ./Drivers/Src/Clk.o
                0x080010a4                apb2_clk_set
 .text.apb2_peripheral_clock_en
                0x080010d8       0x24 ./Drivers/Src/Clk.o
                0x080010d8                apb2_peripheral_clock_en
 .text.apb1_peripheral_clock_en
                0x080010fc       0x24 ./Drivers/Src/Clk.o
                0x080010fc                apb1_peripheral_clock_en
 .text.ahb_peripheral_clock_en
                0x08001120       0x24 ./Drivers/Src/Clk.o
                0x08001120                ahb_peripheral_clock_en
 .text.apb_get_clock
                0x08001144       0xe8 ./Drivers/Src/Clk.o
                0x08001144                apb_get_clock
 .text.get_pll_clock
                0x0800122c       0x84 ./Drivers/Src/Clk.o
                0x0800122c                get_pll_clock
 .text.lsi_clock_en
                0x080012b0       0x2c ./Drivers/Src/Clk.o
                0x080012b0                lsi_clock_en
 .text.io_port  0x080012dc       0x20 ./Drivers/Src/GPIO.o
 .text.io_pin_bit
                0x080012fc       0x1c ./Drivers/Src/GPIO.o
 .text.io_init  0x08001318       0x3c ./Drivers/Src/GPIO.o
                0x08001318                io_init
 .text.io_config
                0x08001354       0x26 ./Drivers/Src/GPIO.o
                0x08001354                io_config
 *fill*         0x0800137a        0x2 
 .text.io_set_io_mode
                0x0800137c      0x120 ./Drivers/Src/GPIO.o
                0x0800137c                io_set_io_mode
 .text.io_set_out
                0x0800149c       0x74 ./Drivers/Src/GPIO.o
                0x0800149c                io_set_out
 .text.io_get_in
                0x08001510       0x44 ./Drivers/Src/GPIO.o
                0x08001510                io_get_in
 .text.EXTI4_IRQHandler
                0x08001554       0x50 ./Drivers/Src/GPIO.o
                0x08001554                EXTI4_IRQHandler
 .text.systick_init
                0x080015a4       0x2c ./Drivers/Src/System.o
                0x080015a4                systick_init
 .text.SysTick_Handler
                0x080015d0       0x4c ./Drivers/Src/System.o
                0x080015d0                SysTick_Handler
 .text.get_systick
                0x0800161c       0x14 ./Drivers/Src/System.o
                0x0800161c                get_systick
 .text.system_reset
                0x08001630       0x1c ./Drivers/Src/System.o
                0x08001630                system_reset
 .text.uart_2_configure_parameter
                0x0800164c       0x58 ./Drivers/Src/UART.o
                0x0800164c                uart_2_configure_parameter
 .text.uart_3_configure_parameter
                0x080016a4       0x58 ./Drivers/Src/UART.o
                0x080016a4                uart_3_configure_parameter
 .text.usart_init
                0x080016fc       0x96 ./Drivers/Src/UART.o
                0x080016fc                usart_init
 *fill*         0x08001792        0x2 
 .text.usart_set_baudrate
                0x08001794       0xc4 ./Drivers/Src/UART.o
                0x08001794                usart_set_baudrate
 .text.uart_transmit
                0x08001858       0x28 ./Drivers/Src/UART.o
                0x08001858                uart_transmit
 .text.usart_write_polling
                0x08001880       0xb4 ./Drivers/Src/UART.o
                0x08001880                usart_write_polling
 .text.usart_read
                0x08001934       0xda ./Drivers/Src/UART.o
                0x08001934                usart_read
 .text.usart_en
                0x08001a0e       0x1e ./Drivers/Src/UART.o
                0x08001a0e                usart_en
 .text.config_stop_bit
                0x08001a2c       0x30 ./Drivers/Src/UART.o
                0x08001a2c                config_stop_bit
 .text.config_data_word_len
                0x08001a5c       0x24 ./Drivers/Src/UART.o
                0x08001a5c                config_data_word_len
 .text.config_parity
                0x08001a80       0x3c ./Drivers/Src/UART.o
                0x08001a80                config_parity
 .text.config_mode
                0x08001abc       0x54 ./Drivers/Src/UART.o
                0x08001abc                config_mode
 .text.get_flag_status
                0x08001b10       0x28 ./Drivers/Src/UART.o
                0x08001b10                get_flag_status
 .text.usart_interrupt_handling
                0x08001b38      0x238 ./Drivers/Src/UART.o
                0x08001b38                usart_interrupt_handling
 .text.usart_rx_en
                0x08001d70       0x1e ./Drivers/Src/UART.o
                0x08001d70                usart_rx_en
 *fill*         0x08001d8e        0x2 
 .text.usart_dma_mode_en_di
                0x08001d90       0x6c ./Drivers/Src/UART.o
                0x08001d90                usart_dma_mode_en_di
 .text.USART2_IRQHandler
                0x08001dfc       0x14 ./Drivers/Src/UART.o
                0x08001dfc                USART2_IRQHandler
 .text.mcu_init
                0x08001e10       0x1c ./Drivers/Src/common.o
                0x08001e10                mcu_init
 .text.round_off
                0x08001e2c       0x66 ./Drivers/Src/common.o
                0x08001e2c                round_off
 .text.delay    0x08001e92       0x2a ./Drivers/Src/common.o
                0x08001e92                delay
 .text.memory_set
                0x08001ebc       0x34 ./Drivers/Src/common.o
                0x08001ebc                memory_set
 .text.word_to_byte
                0x08001ef0       0x2a ./Drivers/Src/common.o
                0x08001ef0                word_to_byte
 *fill*         0x08001f1a        0x2 
 .text.flash_sector_erase
                0x08001f1c       0x80 ./Drivers/Src/flash.o
                0x08001f1c                flash_sector_erase
 .text.flash_unlock
                0x08001f9c       0x24 ./Drivers/Src/flash.o
                0x08001f9c                flash_unlock
 .text.op_byte_unlock
                0x08001fc0       0x24 ./Drivers/Src/flash.o
                0x08001fc0                op_byte_unlock
 .text.is_flash_memory_write_protected
                0x08001fe4       0x20 ./Drivers/Src/flash.o
                0x08001fe4                is_flash_memory_write_protected
 .text.flash_lock
                0x08002004       0x1c ./Drivers/Src/flash.o
                0x08002004                flash_lock
 .text.flash_mass_erase
                0x08002020       0x68 ./Drivers/Src/flash.o
                0x08002020                flash_mass_erase
 .text.flash_mem_write
                0x08002088       0x8c ./Drivers/Src/flash.o
                0x08002088                flash_mem_write
 .text.option_byte_read
                0x08002114       0x40 ./Drivers/Src/flash.o
                0x08002114                option_byte_read
 .text.option_byte_erase
                0x08002154       0xa8 ./Drivers/Src/flash.o
                0x08002154                option_byte_erase
 .text.option_byte_write
                0x080021fc      0x15c ./Drivers/Src/flash.o
                0x080021fc                option_byte_write
 .text.jump_to_user_app
                0x08002358       0x38 ./Src/app.o
                0x08002358                jump_to_user_app
 .text.set_msp  0x08002390       0x18 ./Src/app.o
                0x08002390                set_msp
 .text.bl_read_uart_data
                0x080023a8       0x84 ./Src/app.o
                0x080023a8                bl_read_uart_data
 .text.execute_flash_mem_write
                0x0800242c       0x82 ./Src/app.o
                0x0800242c                execute_flash_mem_write
 .text.execute_ram_mem_write
                0x080024ae       0x34 ./Src/app.o
                0x080024ae                execute_ram_mem_write
 .text.execute_option_byte_write
                0x080024e2       0x26 ./Src/app.o
                0x080024e2                execute_option_byte_write
 .text.is_valid_cmd
                0x08002508       0x34 ./Src/app.o
                0x08002508                is_valid_cmd
 .text.is_protection_active
                0x0800253c        0xe ./Src/app.o
                0x0800253c                is_protection_active
 *fill*         0x0800254a        0x2 
 .text.is_supported_memory
                0x0800254c       0x60 ./Src/app.o
                0x0800254c                is_supported_memory
 .text.is_option_byte_address
                0x080025ac       0x30 ./Src/app.o
                0x080025ac                is_option_byte_address
 .text.bl_mem_write
                0x080025dc      0x168 ./Src/app.o
                0x080025dc                bl_mem_write
 .text.bl_verify_checksum
                0x08002744       0x52 ./Src/app.o
                0x08002744                bl_verify_checksum
 *fill*         0x08002796        0x2 
 .text.bl_get_ver_cmd
                0x08002798       0x4c ./Src/app.o
                0x08002798                bl_get_ver_cmd
 .text.bl_get   0x080027e4       0x6c ./Src/app.o
                0x080027e4                bl_get
 .text.bl_get_cid_cmd
                0x08002850       0x6c ./Src/app.o
                0x08002850                bl_get_cid_cmd
 .text.bl_go_to_addr
                0x080028bc       0x90 ./Src/app.o
                0x080028bc                bl_go_to_addr
 .text.bl_flash_erase
                0x0800294c       0xb0 ./Src/app.o
                0x0800294c                bl_flash_erase
 .text.bl_send_ack
                0x080029fc       0x2c ./Src/app.o
                0x080029fc                bl_send_ack
 .text.bl_send_nack
                0x08002a28       0x24 ./Src/app.o
                0x08002a28                bl_send_nack
 .text.main     0x08002a4c       0x34 ./Src/main.o
                0x08002a4c                main
 .text.Reset_Handler
                0x08002a80       0x50 ./Startup/startup_stm32f103c8tx.o
                0x08002a80                Reset_Handler
 .text.Default_Handler
                0x08002ad0        0x2 ./Startup/startup_stm32f103c8tx.o
                0x08002ad0                EXTI2_IRQHandler
                0x08002ad0                TIM8_TRG_COM_IRQHandler
                0x08002ad0                TIM8_CC_IRQHandler
                0x08002ad0                DebugMon_Handler
                0x08002ad0                TIM1_CC_IRQHandler
                0x08002ad0                HardFault_Handler
                0x08002ad0                TIM6_IRQHandler
                0x08002ad0                PVD_IRQHandler
                0x08002ad0                SDIO_IRQHandler
                0x08002ad0                PendSV_Handler
                0x08002ad0                NMI_Handler
                0x08002ad0                EXTI3_IRQHandler
                0x08002ad0                USB_HP_CAN_TX_IRQHandler
                0x08002ad0                EXTI0_IRQHandler
                0x08002ad0                I2C2_EV_IRQHandler
                0x08002ad0                UsageFault_Handler
                0x08002ad0                ADC1_2_IRQHandler
                0x08002ad0                SPI1_IRQHandler
                0x08002ad0                CAN_SCE_IRQHandler
                0x08002ad0                TAMPER_IRQHandler
                0x08002ad0                TIM8_UP_IRQHandler
                0x08002ad0                DMA2_Channel2_IRQHandler
                0x08002ad0                DMA1_Channel4_IRQHandler
                0x08002ad0                USART3_IRQHandler
                0x08002ad0                RTC_IRQHandler
                0x08002ad0                DMA1_Channel7_IRQHandler
                0x08002ad0                UART5_IRQHandler
                0x08002ad0                ADC3_IRQHandler
                0x08002ad0                TIM4_IRQHandler
                0x08002ad0                CAN_RX1_IRQHandler
                0x08002ad0                DMA2_Channel1_IRQHandler
                0x08002ad0                I2C1_EV_IRQHandler
                0x08002ad0                DMA1_Channel6_IRQHandler
                0x08002ad0                UART4_IRQHandler
                0x08002ad0                TIM3_IRQHandler
                0x08002ad0                RCC_IRQHandler
                0x08002ad0                TIM1_TRG_COM_IRQHandler
                0x08002ad0                DMA1_Channel1_IRQHandler
                0x08002ad0                Default_Handler
                0x08002ad0                EXTI15_10_IRQHandler
                0x08002ad0                TIM7_IRQHandler
                0x08002ad0                TIM5_IRQHandler
                0x08002ad0                EXTI9_5_IRQHandler
                0x08002ad0                SPI2_IRQHandler
                0x08002ad0                USB_LP_CAN_RX0_IRQHandler
                0x08002ad0                MemManage_Handler
                0x08002ad0                SVC_Handler
                0x08002ad0                DMA1_Channel5_IRQHandler
                0x08002ad0                DMA1_Channel3_IRQHandler
                0x08002ad0                FSMC_IRQHandler
                0x08002ad0                TIM1_UP_IRQHandler
                0x08002ad0                WWDG_IRQHandler
                0x08002ad0                TIM2_IRQHandler
                0x08002ad0                TIM1_BRK_IRQHandler
                0x08002ad0                EXTI1_IRQHandler
                0x08002ad0                RTCAlarm_IRQHandler
                0x08002ad0                DMA2_Channel4_5_IRQHandler
                0x08002ad0                I2C2_ER_IRQHandler
                0x08002ad0                DMA1_Channel2_IRQHandler
                0x08002ad0                TIM8_BRK_IRQHandler
                0x08002ad0                FLASH_IRQHandler
                0x08002ad0                BusFault_Handler
                0x08002ad0                USART1_IRQHandler
                0x08002ad0                SPI3_IRQHandler
                0x08002ad0                I2C1_ER_IRQHandler
                0x08002ad0                DMA2_Channel3_IRQHandler
 *fill*         0x08002ad2        0x2 
 .text.__libc_init_array
                0x08002ad4       0x48 C:/ST/STM32CubeIDE_1.17.0/STM32CubeIDE/plugins/com.st.stm32cube.ide.mcu.externaltools.gnu-tools-for-stm32.12.3.rel1.win32_1.1.0.202410251130/tools/bin/../lib/gcc/arm-none-eabi/12.3.1/../../../../arm-none-eabi/lib/thumb/v7-m/nofp\libc_nano.a(libc_a-init.o)
                0x08002ad4                __libc_init_array
 *(.glue_7)
 .glue_7        0x08002b1c        0x0 linker stubs
 *(.glue_7t)
 .glue_7t       0x08002b1c        0x0 linker stubs
 *(.eh_frame)
 .eh_frame      0x08002b1c        0x0 C:/ST/STM32CubeIDE_1.17.0/STM32CubeIDE/plugins/com.st.stm32cube.ide.mcu.externaltools.gnu-tools-for-stm32.12.3.rel1.win32_1.1.0.202410251130/tools/bin/../lib/gcc/arm-none-eabi/12.3.1/thumb/v7-m/nofp/crtbegin.o
 *(.init)
 .init          0x08002b1c        0x4 C:/ST/STM32CubeIDE_1.17.0/STM32CubeIDE/plugins/com.st.stm32cube.ide.mcu.externaltools.gnu-tools-for-stm32.12.3.rel1.win32_1.1.0.202410251130/tools/bin/../lib/gcc/arm-none-eabi/12.3.1/thumb/v7-m/nofp/crti.o
                0x08002b1c                _init
 .init          0x08002b20        0x8 C:/ST/STM32CubeIDE_1.17.0/STM32CubeIDE/plugins/com.st.stm32cube.ide.mcu.externaltools.gnu-tools-for-stm32.12.3.rel1.win32_1.1.0.202410251130/tools/bin/../lib/gcc/arm-none-eabi/12.3.1/thumb/v7-m/nofp/crtn.o
 *(.fini)
 .fini          0x08002b28        0x4 C:/ST/STM32CubeIDE_1.17.0/STM32CubeIDE/plugins/com.st.stm32cube.ide.mcu.externaltools.gnu-tools-for-stm32.12.3.rel1.win32_1.1.0.202410251130/tools/bin/../lib/gcc/arm-none-eabi/12.3.1/thumb/v7-m/nofp/crti.o
                0x08002b28                _fini
 .fini          0x08002b2c        0x8 C:/ST/STM32CubeIDE_1.17.0/STM32CubeIDE/plugins/com.st.stm32cube.ide.mcu.externaltools.gnu-tools-for-stm32.12.3.rel1.win32_1.1.0.202410251130/tools/bin/../lib/gcc/arm-none-eabi/12.3.1/thumb/v7-m/nofp/crtn.o
                0x08002b34                        . = ALIGN (0x4)
                0x08002b34                        _etext = .

.vfp11_veneer   0x08002b34        0x0
 .vfp11_veneer  0x08002b34        0x0 linker stubs

.v4_bx          0x08002b34        0x0
 .v4_bx         0x08002b34        0x0 linker stubs

.iplt           0x08002b34        0x0
 .iplt          0x08002b34        0x0 C:/ST/STM32CubeIDE_1.17.0/STM32CubeIDE/plugins/com.st.stm32cube.ide.mcu.externaltools.gnu-tools-for-stm32.12.3.rel1.win32_1.1.0.202410251130/tools/bin/../lib/gcc/arm-none-eabi/12.3.1/thumb/v7-m/nofp/crtbegin.o

.rodata         0x08002b34        0x0
                0x08002b34                        . = ALIGN (0x4)
 *(.rodata)
 *(.rodata*)
                0x08002b34                        . = ALIGN (0x4)

.ARM.extab      0x08002b34        0x0
                0x08002b34                        . = ALIGN (0x4)
 *(.ARM.extab* .gnu.linkonce.armextab.*)
                0x08002b34                        . = ALIGN (0x4)

.ARM            0x08002b34        0x0
                0x08002b34                        . = ALIGN (0x4)
                0x08002b34                        __exidx_start = .
 *(.ARM.exidx*)
                0x08002b34                        __exidx_end = .
                0x08002b34                        . = ALIGN (0x4)

.preinit_array  0x08002b34        0x0
                0x08002b34                        . = ALIGN (0x4)
                0x08002b34                        PROVIDE (__preinit_array_start = .)
 *(.preinit_array*)
                0x08002b34                        PROVIDE (__preinit_array_end = .)
                0x08002b34                        . = ALIGN (0x4)

.init_array     0x08002b34        0x4
                0x08002b34                        . = ALIGN (0x4)
                0x08002b34                        PROVIDE (__init_array_start = .)
 *(SORT_BY_NAME(.init_array.*))
 *(.init_array*)
 .init_array    0x08002b34        0x4 C:/ST/STM32CubeIDE_1.17.0/STM32CubeIDE/plugins/com.st.stm32cube.ide.mcu.externaltools.gnu-tools-for-stm32.12.3.rel1.win32_1.1.0.202410251130/tools/bin/../lib/gcc/arm-none-eabi/12.3.1/thumb/v7-m/nofp/crtbegin.o
                0x08002b38                        PROVIDE (__init_array_end = .)
                0x08002b38                        . = ALIGN (0x4)

.fini_array     0x08002b38        0x4
                0x08002b38                        . = ALIGN (0x4)
                [!provide]                        PROVIDE (__fini_array_start = .)
 *(SORT_BY_NAME(.fini_array.*))
 *(.fini_array*)
 .fini_array    0x08002b38        0x4 C:/ST/STM32CubeIDE_1.17.0/STM32CubeIDE/plugins/com.st.stm32cube.ide.mcu.externaltools.gnu-tools-for-stm32.12.3.rel1.win32_1.1.0.202410251130/tools/bin/../lib/gcc/arm-none-eabi/12.3.1/thumb/v7-m/nofp/crtbegin.o
                [!provide]                        PROVIDE (__fini_array_end = .)
                0x08002b3c                        . = ALIGN (0x4)
                0x08002b3c                        _sidata = LOADADDR (.data)

.rel.dyn        0x08002b3c        0x0
 .rel.iplt      0x08002b3c        0x0 C:/ST/STM32CubeIDE_1.17.0/STM32CubeIDE/plugins/com.st.stm32cube.ide.mcu.externaltools.gnu-tools-for-stm32.12.3.rel1.win32_1.1.0.202410251130/tools/bin/../lib/gcc/arm-none-eabi/12.3.1/thumb/v7-m/nofp/crtbegin.o

.data           0x20000000       0xcc load address 0x08002b3c
                0x20000000                        . = ALIGN (0x4)
                0x20000000                        _sdata = .
 *(.data)
 *(.data*)
 .data.clock_setting
                0x20000000        0x6 ./Drivers/Src/Clk.o
                0x20000000                clock_setting
 *fill*         0x20000006        0x2 
 .data.p        0x20000008        0x4 ./Drivers/Src/Clk.o
                0x20000008                p
 .data.ahb_prescaler_1
                0x2000000c       0x10 ./Drivers/Src/Clk.o
                0x2000000c                ahb_prescaler_1
 .data.apb_prescaler_1
                0x2000001c        0x8 ./Drivers/Src/Clk.o
                0x2000001c                apb_prescaler_1
 .data.pll_multiplier
                0x20000024       0x10 ./Drivers/Src/Clk.o
                0x20000024                pll_multiplier
 .data.io_initial_config
                0x20000034       0x90 ./Drivers/Src/GPIO.o
                0x20000034                io_initial_config
 .data.supported_cmd
                0x200000c4        0x7 ./Src/app.o
                0x200000c4                supported_cmd
 *(.RamFunc)
 *(.RamFunc*)
                0x200000cc                        . = ALIGN (0x4)
 *fill*         0x200000cb        0x1 
                0x200000cc                        _edata = .

.igot.plt       0x200000cc        0x0 load address 0x08002c08
 .igot.plt      0x200000cc        0x0 C:/ST/STM32CubeIDE_1.17.0/STM32CubeIDE/plugins/com.st.stm32cube.ide.mcu.externaltools.gnu-tools-for-stm32.12.3.rel1.win32_1.1.0.202410251130/tools/bin/../lib/gcc/arm-none-eabi/12.3.1/thumb/v7-m/nofp/crtbegin.o
                0x200000cc                        . = ALIGN (0x4)

.bss            0x200000cc      0x294 load address 0x08002c08
                0x200000cc                        _sbss = .
                0x200000cc                        __bss_start__ = _sbss
 *(.bss)
 .bss           0x200000cc       0x1c C:/ST/STM32CubeIDE_1.17.0/STM32CubeIDE/plugins/com.st.stm32cube.ide.mcu.externaltools.gnu-tools-for-stm32.12.3.rel1.win32_1.1.0.202410251130/tools/bin/../lib/gcc/arm-none-eabi/12.3.1/thumb/v7-m/nofp/crtbegin.o
 *(.bss*)
 .bss.flag_led_on
                0x200000e8        0x1 ./Drivers/Src/GPIO.o
                0x200000e8                flag_led_on
 .bss.pin       0x200000e9        0x1 ./Drivers/Src/GPIO.o
                0x200000e9                pin
 .bss.counter_adc_sampling
                0x200000ea        0x2 ./Drivers/Src/System.o
                0x200000ea                counter_adc_sampling
 .bss.counter_data_transmit
                0x200000ec        0x2 ./Drivers/Src/System.o
                0x200000ec                counter_data_transmit
 .bss.counter_led_toggle
                0x200000ee        0x2 ./Drivers/Src/System.o
                0x200000ee                counter_led_toggle
 .bss.counter_systick
                0x200000f0        0x4 ./Drivers/Src/System.o
                0x200000f0                counter_systick
 .bss.tx_buffer_data
                0x200000f4       0x50 ./Drivers/Src/UART.o
                0x200000f4                tx_buffer_data
 .bss.rx_buffer_data
                0x20000144       0x50 ./Drivers/Src/UART.o
                0x20000144                rx_buffer_data
 .bss.tc_buffer
                0x20000194       0x50 ./Drivers/Src/UART.o
                0x20000194                tc_buffer
 .bss.tc_buffer_index
                0x200001e4        0x1 ./Drivers/Src/UART.o
                0x200001e4                tc_buffer_index
 *fill*         0x200001e5        0x3 
 .bss.txe_buffer
                0x200001e8       0x50 ./Drivers/Src/UART.o
                0x200001e8                txe_buffer
 .bss.txe_buffer_index
                0x20000238        0x1 ./Drivers/Src/UART.o
                0x20000238                txe_buffer_index
 *fill*         0x20000239        0x3 
 .bss.usart_2_handle
                0x2000023c       0x20 ./Drivers/Src/UART.o
                0x2000023c                usart_2_handle
 .bss.usart_3_handle
                0x2000025c       0x20 ./Drivers/Src/UART.o
                0x2000025c                usart_3_handle
 .bss.count_interrupt_enterred
                0x2000027c        0x2 ./Drivers/Src/UART.o
                0x2000027c                count_interrupt_enterred
 .bss.txe_counter
                0x2000027e        0x1 ./Drivers/Src/UART.o
                0x2000027e                txe_counter
 *fill*         0x2000027f        0x1 
 .bss.callback_rx_data
                0x20000280        0x4 ./Drivers/Src/UART.o
 .bss.option_byte_info
                0x20000284       0x10 ./Drivers/Src/flash.o
                0x20000284                option_byte_info
 .bss.flag_flash_memory
                0x20000294        0x1 ./Src/app.o
 .bss.flag_ram_memory
                0x20000295        0x1 ./Src/app.o
 *fill*         0x20000296        0x2 
 .bss.buffer    0x20000298       0xc8 ./Src/app.o
                0x20000298                buffer
 *(COMMON)
                0x20000360                        . = ALIGN (0x4)
                0x20000360                        _ebss = .
                0x20000360                        __bss_end__ = _ebss

._user_heap_stack
                0x20000360      0x600 load address 0x08002c08
                0x20000360                        . = ALIGN (0x8)
                [!provide]                        PROVIDE (end = .)
                0x20000360                        PROVIDE (_end = .)
                0x20000560                        . = (. + _Min_Heap_Size)
 *fill*         0x20000360      0x200 
                0x20000960                        . = (. + _Min_Stack_Size)
 *fill*         0x20000560      0x400 
                0x20000960                        . = ALIGN (0x8)

/DISCARD/
 libc.a(*)
 libm.a(*)
 libgcc.a(*)

.ARM.attributes
                0x00000000       0x29
 *(.ARM.attributes)
 .ARM.attributes
                0x00000000       0x1d C:/ST/STM32CubeIDE_1.17.0/STM32CubeIDE/plugins/com.st.stm32cube.ide.mcu.externaltools.gnu-tools-for-stm32.12.3.rel1.win32_1.1.0.202410251130/tools/bin/../lib/gcc/arm-none-eabi/12.3.1/thumb/v7-m/nofp/crti.o
 .ARM.attributes
                0x0000001d       0x2d C:/ST/STM32CubeIDE_1.17.0/STM32CubeIDE/plugins/com.st.stm32cube.ide.mcu.externaltools.gnu-tools-for-stm32.12.3.rel1.win32_1.1.0.202410251130/tools/bin/../lib/gcc/arm-none-eabi/12.3.1/thumb/v7-m/nofp/crtbegin.o
 .ARM.attributes
                0x0000004a       0x2d ./Drivers/Src/Clk.o
 .ARM.attributes
                0x00000077       0x2d ./Drivers/Src/GPIO.o
 .ARM.attributes
                0x000000a4       0x2d ./Drivers/Src/System.o
 .ARM.attributes
                0x000000d1       0x2d ./Drivers/Src/UART.o
 .ARM.attributes
                0x000000fe       0x2d ./Drivers/Src/common.o
 .ARM.attributes
                0x0000012b       0x2d ./Drivers/Src/flash.o
 .ARM.attributes
                0x00000158       0x2d ./Src/app.o
 .ARM.attributes
                0x00000185       0x2d ./Src/main.o
 .ARM.attributes
                0x000001b2       0x21 ./Startup/startup_stm32f103c8tx.o
 .ARM.attributes
                0x000001d3       0x2d C:/ST/STM32CubeIDE_1.17.0/STM32CubeIDE/plugins/com.st.stm32cube.ide.mcu.externaltools.gnu-tools-for-stm32.12.3.rel1.win32_1.1.0.202410251130/tools/bin/../lib/gcc/arm-none-eabi/12.3.1/../../../../arm-none-eabi/lib/thumb/v7-m/nofp\libc_nano.a(libc_a-init.o)
 .ARM.attributes
                0x00000200       0x1d C:/ST/STM32CubeIDE_1.17.0/STM32CubeIDE/plugins/com.st.stm32cube.ide.mcu.externaltools.gnu-tools-for-stm32.12.3.rel1.win32_1.1.0.202410251130/tools/bin/../lib/gcc/arm-none-eabi/12.3.1/thumb/v7-m/nofp\libgcc.a(_arm_mulsf3.o)
 .ARM.attributes
                0x0000021d       0x1d C:/ST/STM32CubeIDE_1.17.0/STM32CubeIDE/plugins/com.st.stm32cube.ide.mcu.externaltools.gnu-tools-for-stm32.12.3.rel1.win32_1.1.0.202410251130/tools/bin/../lib/gcc/arm-none-eabi/12.3.1/thumb/v7-m/nofp\libgcc.a(_arm_addsubdf3.o)
 .ARM.attributes
                0x0000023a       0x1d C:/ST/STM32CubeIDE_1.17.0/STM32CubeIDE/plugins/com.st.stm32cube.ide.mcu.externaltools.gnu-tools-for-stm32.12.3.rel1.win32_1.1.0.202410251130/tools/bin/../lib/gcc/arm-none-eabi/12.3.1/thumb/v7-m/nofp\libgcc.a(_arm_muldivdf3.o)
 .ARM.attributes
                0x00000257       0x1d C:/ST/STM32CubeIDE_1.17.0/STM32CubeIDE/plugins/com.st.stm32cube.ide.mcu.externaltools.gnu-tools-for-stm32.12.3.rel1.win32_1.1.0.202410251130/tools/bin/../lib/gcc/arm-none-eabi/12.3.1/thumb/v7-m/nofp\libgcc.a(_arm_truncdfsf2.o)
 .ARM.attributes
                0x00000274       0x1d C:/ST/STM32CubeIDE_1.17.0/STM32CubeIDE/plugins/com.st.stm32cube.ide.mcu.externaltools.gnu-tools-for-stm32.12.3.rel1.win32_1.1.0.202410251130/tools/bin/../lib/gcc/arm-none-eabi/12.3.1/thumb/v7-m/nofp\libgcc.a(_arm_addsubsf3.o)
 .ARM.attributes
                0x00000291       0x1d C:/ST/STM32CubeIDE_1.17.0/STM32CubeIDE/plugins/com.st.stm32cube.ide.mcu.externaltools.gnu-tools-for-stm32.12.3.rel1.win32_1.1.0.202410251130/tools/bin/../lib/gcc/arm-none-eabi/12.3.1/thumb/v7-m/nofp\libgcc.a(_arm_cmpsf2.o)
 .ARM.attributes
                0x000002ae       0x1d C:/ST/STM32CubeIDE_1.17.0/STM32CubeIDE/plugins/com.st.stm32cube.ide.mcu.externaltools.gnu-tools-for-stm32.12.3.rel1.win32_1.1.0.202410251130/tools/bin/../lib/gcc/arm-none-eabi/12.3.1/thumb/v7-m/nofp\libgcc.a(_arm_fixsfsi.o)
 .ARM.attributes
                0x000002cb       0x1d C:/ST/STM32CubeIDE_1.17.0/STM32CubeIDE/plugins/com.st.stm32cube.ide.mcu.externaltools.gnu-tools-for-stm32.12.3.rel1.win32_1.1.0.202410251130/tools/bin/../lib/gcc/arm-none-eabi/12.3.1/thumb/v7-m/nofp\libgcc.a(_arm_fixunssfsi.o)
 .ARM.attributes
                0x000002e8       0x1d C:/ST/STM32CubeIDE_1.17.0/STM32CubeIDE/plugins/com.st.stm32cube.ide.mcu.externaltools.gnu-tools-for-stm32.12.3.rel1.win32_1.1.0.202410251130/tools/bin/../lib/gcc/arm-none-eabi/12.3.1/thumb/v7-m/nofp/crtn.o
OUTPUT(Bootloader_stm32f103x_stm32_protocol.elf elf32-littlearm)
LOAD linker stubs
LOAD C:/ST/STM32CubeIDE_1.17.0/STM32CubeIDE/plugins/com.st.stm32cube.ide.mcu.externaltools.gnu-tools-for-stm32.12.3.rel1.win32_1.1.0.202410251130/tools/bin/../lib/gcc/arm-none-eabi/12.3.1/../../../../arm-none-eabi/lib/thumb/v7-m/nofp\libc.a
LOAD C:/ST/STM32CubeIDE_1.17.0/STM32CubeIDE/plugins/com.st.stm32cube.ide.mcu.externaltools.gnu-tools-for-stm32.12.3.rel1.win32_1.1.0.202410251130/tools/bin/../lib/gcc/arm-none-eabi/12.3.1/../../../../arm-none-eabi/lib/thumb/v7-m/nofp\libm.a
LOAD C:/ST/STM32CubeIDE_1.17.0/STM32CubeIDE/plugins/com.st.stm32cube.ide.mcu.externaltools.gnu-tools-for-stm32.12.3.rel1.win32_1.1.0.202410251130/tools/bin/../lib/gcc/arm-none-eabi/12.3.1/thumb/v7-m/nofp\libgcc.a

.debug_info     0x00000000     0x3cd7
 .debug_info    0x00000000      0x704 ./Drivers/Src/Clk.o
 .debug_info    0x00000704      0x89e ./Drivers/Src/GPIO.o
 .debug_info    0x00000fa2      0x4af ./Drivers/Src/System.o
 .debug_info    0x00001451      0xc35 ./Drivers/Src/UART.o
 .debug_info    0x00002086      0x4ef ./Drivers/Src/common.o
 .debug_info    0x00002575      0x77a ./Drivers/Src/flash.o
 .debug_info    0x00002cef      0xd5f ./Src/app.o
 .debug_info    0x00003a4e      0x259 ./Src/main.o
 .debug_info    0x00003ca7       0x30 ./Startup/startup_stm32f103c8tx.o

.debug_abbrev   0x00000000     0x106c
 .debug_abbrev  0x00000000      0x1d6 ./Drivers/Src/Clk.o
 .debug_abbrev  0x000001d6      0x1d7 ./Drivers/Src/GPIO.o
 .debug_abbrev  0x000003ad      0x17f ./Drivers/Src/System.o
 .debug_abbrev  0x0000052c      0x2da ./Drivers/Src/UART.o
 .debug_abbrev  0x00000806      0x21e ./Drivers/Src/common.o
 .debug_abbrev  0x00000a24      0x21c ./Drivers/Src/flash.o
 .debug_abbrev  0x00000c40      0x334 ./Src/app.o
 .debug_abbrev  0x00000f74       0xd4 ./Src/main.o
 .debug_abbrev  0x00001048       0x24 ./Startup/startup_stm32f103c8tx.o

.debug_aranges  0x00000000      0x3d8
 .debug_aranges
                0x00000000       0x80 ./Drivers/Src/Clk.o
 .debug_aranges
                0x00000080       0x68 ./Drivers/Src/GPIO.o
 .debug_aranges
                0x000000e8       0x40 ./Drivers/Src/System.o
 .debug_aranges
                0x00000128       0xf0 ./Drivers/Src/UART.o
 .debug_aranges
                0x00000218       0x58 ./Drivers/Src/common.o
 .debug_aranges
                0x00000270       0x68 ./Drivers/Src/flash.o
 .debug_aranges
                0x000002d8       0xb8 ./Src/app.o
 .debug_aranges
                0x00000390       0x20 ./Src/main.o
 .debug_aranges
                0x000003b0       0x28 ./Startup/startup_stm32f103c8tx.o

.debug_rnglists
                0x00000000      0x2c8
 .debug_rnglists
                0x00000000       0x5e ./Drivers/Src/Clk.o
 .debug_rnglists
                0x0000005e       0x4b ./Drivers/Src/GPIO.o
 .debug_rnglists
                0x000000a9       0x2b ./Drivers/Src/System.o
 .debug_rnglists
                0x000000d4       0xb4 ./Drivers/Src/UART.o
 .debug_rnglists
                0x00000188       0x3d ./Drivers/Src/common.o
 .debug_rnglists
                0x000001c5       0x4d ./Drivers/Src/flash.o
 .debug_rnglists
                0x00000212       0x8a ./Src/app.o
 .debug_rnglists
                0x0000029c       0x13 ./Src/main.o
 .debug_rnglists
                0x000002af       0x19 ./Startup/startup_stm32f103c8tx.o

.debug_macro    0x00000000     0x214d
 .debug_macro   0x00000000       0xe2 ./Drivers/Src/Clk.o
 .debug_macro   0x000000e2      0xaae ./Drivers/Src/Clk.o
 .debug_macro   0x00000b90       0x22 ./Drivers/Src/Clk.o
 .debug_macro   0x00000bb2       0x8e ./Drivers/Src/Clk.o
 .debug_macro   0x00000c40       0x51 ./Drivers/Src/Clk.o
 .debug_macro   0x00000c91      0x103 ./Drivers/Src/Clk.o
 .debug_macro   0x00000d94       0x6a ./Drivers/Src/Clk.o
 .debug_macro   0x00000dfe      0x1df ./Drivers/Src/Clk.o
 .debug_macro   0x00000fdd       0x58 ./Drivers/Src/Clk.o
 .debug_macro   0x00001035      0x205 ./Drivers/Src/Clk.o
 .debug_macro   0x0000123a       0x3a ./Drivers/Src/Clk.o
 .debug_macro   0x00001274       0x2e ./Drivers/Src/Clk.o
 .debug_macro   0x000012a2      0x16c ./Drivers/Src/Clk.o
 .debug_macro   0x0000140e       0x88 ./Drivers/Src/Clk.o
 .debug_macro   0x00001496       0xf3 ./Drivers/Src/Clk.o
 .debug_macro   0x00001589      0x11e ./Drivers/Src/GPIO.o
 .debug_macro   0x000016a7       0xf9 ./Drivers/Src/GPIO.o
 .debug_macro   0x000017a0       0x28 ./Drivers/Src/GPIO.o
 .debug_macro   0x000017c8       0xdc ./Drivers/Src/System.o
 .debug_macro   0x000018a4       0xdc ./Drivers/Src/UART.o
 .debug_macro   0x00001980      0x166 ./Drivers/Src/UART.o
 .debug_macro   0x00001ae6       0xd6 ./Drivers/Src/common.o
 .debug_macro   0x00001bbc       0xdc ./Drivers/Src/flash.o
 .debug_macro   0x00001c98       0x82 ./Drivers/Src/flash.o
 .debug_macro   0x00001d1a       0xea ./Src/app.o
 .debug_macro   0x00001e04      0x189 ./Src/app.o
 .debug_macro   0x00001f8d       0xac ./Src/app.o
 .debug_macro   0x00002039      0x114 ./Src/main.o

.debug_line     0x00000000     0x3c03
 .debug_line    0x00000000      0x7c6 ./Drivers/Src/Clk.o
 .debug_line    0x000007c6      0x716 ./Drivers/Src/GPIO.o
 .debug_line    0x00000edc      0x565 ./Drivers/Src/System.o
 .debug_line    0x00001441      0xab0 ./Drivers/Src/UART.o
 .debug_line    0x00001ef1      0x60f ./Drivers/Src/common.o
 .debug_line    0x00002500      0x813 ./Drivers/Src/flash.o
 .debug_line    0x00002d13      0x974 ./Src/app.o
 .debug_line    0x00003687      0x501 ./Src/main.o
 .debug_line    0x00003b88       0x7b ./Startup/startup_stm32f103c8tx.o

.debug_str      0x00000000     0x781a
 .debug_str     0x00000000     0x5947 ./Drivers/Src/Clk.o
                               0x5b44 (size before relaxing)
 .debug_str     0x00005947      0x919 ./Drivers/Src/GPIO.o
                               0x5ff3 (size before relaxing)
 .debug_str     0x00006260      0x139 ./Drivers/Src/System.o
                               0x599e (size before relaxing)
 .debug_str     0x00006399      0x4fc ./Drivers/Src/UART.o
                               0x5dd6 (size before relaxing)
 .debug_str     0x00006895       0xb4 ./Drivers/Src/common.o
                               0x581b (size before relaxing)
 .debug_str     0x00006949      0x604 ./Drivers/Src/flash.o
                               0x5d1f (size before relaxing)
 .debug_str     0x00006f4d      0x83d ./Src/app.o
                               0x6686 (size before relaxing)
 .debug_str     0x0000778a       0x51 ./Src/main.o
                               0x5e78 (size before relaxing)
 .debug_str     0x000077db       0x3f ./Startup/startup_stm32f103c8tx.o
                                 0x97 (size before relaxing)

.comment        0x00000000       0x43
 .comment       0x00000000       0x43 ./Drivers/Src/Clk.o
                                 0x44 (size before relaxing)
 .comment       0x00000043       0x44 ./Drivers/Src/GPIO.o
 .comment       0x00000043       0x44 ./Drivers/Src/System.o
 .comment       0x00000043       0x44 ./Drivers/Src/UART.o
 .comment       0x00000043       0x44 ./Drivers/Src/common.o
 .comment       0x00000043       0x44 ./Drivers/Src/flash.o
 .comment       0x00000043       0x44 ./Src/app.o
 .comment       0x00000043       0x44 ./Src/main.o

.debug_frame    0x00000000     0x10d8
 .debug_frame   0x00000000      0x200 ./Drivers/Src/Clk.o
 .debug_frame   0x00000200      0x180 ./Drivers/Src/GPIO.o
 .debug_frame   0x00000380       0xb0 ./Drivers/Src/System.o
 .debug_frame   0x00000430      0x3fc ./Drivers/Src/UART.o
 .debug_frame   0x0000082c      0x164 ./Drivers/Src/common.o
 .debug_frame   0x00000990      0x168 ./Drivers/Src/flash.o
 .debug_frame   0x00000af8      0x2e4 ./Src/app.o
 .debug_frame   0x00000ddc       0x30 ./Src/main.o
 .debug_frame   0x00000e0c       0x2c C:/ST/STM32CubeIDE_1.17.0/STM32CubeIDE/plugins/com.st.stm32cube.ide.mcu.externaltools.gnu-tools-for-stm32.12.3.rel1.win32_1.1.0.202410251130/tools/bin/../lib/gcc/arm-none-eabi/12.3.1/../../../../arm-none-eabi/lib/thumb/v7-m/nofp\libc_nano.a(libc_a-init.o)
 .debug_frame   0x00000e38       0x24 C:/ST/STM32CubeIDE_1.17.0/STM32CubeIDE/plugins/com.st.stm32cube.ide.mcu.externaltools.gnu-tools-for-stm32.12.3.rel1.win32_1.1.0.202410251130/tools/bin/../lib/gcc/arm-none-eabi/12.3.1/thumb/v7-m/nofp\libgcc.a(_arm_mulsf3.o)
 .debug_frame   0x00000e5c       0xac C:/ST/STM32CubeIDE_1.17.0/STM32CubeIDE/plugins/com.st.stm32cube.ide.mcu.externaltools.gnu-tools-for-stm32.12.3.rel1.win32_1.1.0.202410251130/tools/bin/../lib/gcc/arm-none-eabi/12.3.1/thumb/v7-m/nofp\libgcc.a(_arm_addsubdf3.o)
 .debug_frame   0x00000f08       0x50 C:/ST/STM32CubeIDE_1.17.0/STM32CubeIDE/plugins/com.st.stm32cube.ide.mcu.externaltools.gnu-tools-for-stm32.12.3.rel1.win32_1.1.0.202410251130/tools/bin/../lib/gcc/arm-none-eabi/12.3.1/thumb/v7-m/nofp\libgcc.a(_arm_muldivdf3.o)
 .debug_frame   0x00000f58       0x24 C:/ST/STM32CubeIDE_1.17.0/STM32CubeIDE/plugins/com.st.stm32cube.ide.mcu.externaltools.gnu-tools-for-stm32.12.3.rel1.win32_1.1.0.202410251130/tools/bin/../lib/gcc/arm-none-eabi/12.3.1/thumb/v7-m/nofp\libgcc.a(_arm_truncdfsf2.o)
 .debug_frame   0x00000f7c       0x4c C:/ST/STM32CubeIDE_1.17.0/STM32CubeIDE/plugins/com.st.stm32cube.ide.mcu.externaltools.gnu-tools-for-stm32.12.3.rel1.win32_1.1.0.202410251130/tools/bin/../lib/gcc/arm-none-eabi/12.3.1/thumb/v7-m/nofp\libgcc.a(_arm_addsubsf3.o)
 .debug_frame   0x00000fc8       0xc8 C:/ST/STM32CubeIDE_1.17.0/STM32CubeIDE/plugins/com.st.stm32cube.ide.mcu.externaltools.gnu-tools-for-stm32.12.3.rel1.win32_1.1.0.202410251130/tools/bin/../lib/gcc/arm-none-eabi/12.3.1/thumb/v7-m/nofp\libgcc.a(_arm_cmpsf2.o)
 .debug_frame   0x00001090       0x24 C:/ST/STM32CubeIDE_1.17.0/STM32CubeIDE/plugins/com.st.stm32cube.ide.mcu.externaltools.gnu-tools-for-stm32.12.3.rel1.win32_1.1.0.202410251130/tools/bin/../lib/gcc/arm-none-eabi/12.3.1/thumb/v7-m/nofp\libgcc.a(_arm_fixsfsi.o)
 .debug_frame   0x000010b4       0x24 C:/ST/STM32CubeIDE_1.17.0/STM32CubeIDE/plugins/com.st.stm32cube.ide.mcu.externaltools.gnu-tools-for-stm32.12.3.rel1.win32_1.1.0.202410251130/tools/bin/../lib/gcc/arm-none-eabi/12.3.1/thumb/v7-m/nofp\libgcc.a(_arm_fixunssfsi.o)

.debug_line_str
                0x00000000       0x7b
 .debug_line_str
                0x00000000       0x7b ./Startup/startup_stm32f103c8tx.o
