Archive member included to satisfy reference by file (symbol)

C:/ST/STM32CubeIDE_1.17.0/STM32CubeIDE/plugins/com.st.stm32cube.ide.mcu.externaltools.gnu-tools-for-stm32.12.3.rel1.win32_1.1.0.202410251130/tools/bin/../lib/gcc/arm-none-eabi/12.3.1/../../../../arm-none-eabi/lib/thumb/v7-m/nofp\libc_nano.a(libc_a-exit.o)
                              C:/ST/STM32CubeIDE_1.17.0/STM32CubeIDE/plugins/com.st.stm32cube.ide.mcu.externaltools.gnu-tools-for-stm32.12.3.rel1.win32_1.1.0.202410251130/tools/bin/../lib/gcc/arm-none-eabi/12.3.1/../../../../arm-none-eabi/lib/thumb/v7-m/nofp/crt0.o (exit)
C:/ST/STM32CubeIDE_1.17.0/STM32CubeIDE/plugins/com.st.stm32cube.ide.mcu.externaltools.gnu-tools-for-stm32.12.3.rel1.win32_1.1.0.202410251130/tools/bin/../lib/gcc/arm-none-eabi/12.3.1/../../../../arm-none-eabi/lib/thumb/v7-m/nofp\libc_nano.a(libc_a-findfp.o)
                              C:/ST/STM32CubeIDE_1.17.0/STM32CubeIDE/plugins/com.st.stm32cube.ide.mcu.externaltools.gnu-tools-for-stm32.12.3.rel1.win32_1.1.0.202410251130/tools/bin/../lib/gcc/arm-none-eabi/12.3.1/../../../../arm-none-eabi/lib/thumb/v7-m/nofp\libc_nano.a(libc_a-exit.o) (__stdio_exit_handler)
C:/ST/STM32CubeIDE_1.17.0/STM32CubeIDE/plugins/com.st.stm32cube.ide.mcu.externaltools.gnu-tools-for-stm32.12.3.rel1.win32_1.1.0.202410251130/tools/bin/../lib/gcc/arm-none-eabi/12.3.1/../../../../arm-none-eabi/lib/thumb/v7-m/nofp\libc_nano.a(libc_a-fwalk.o)
                              C:/ST/STM32CubeIDE_1.17.0/STM32CubeIDE/plugins/com.st.stm32cube.ide.mcu.externaltools.gnu-tools-for-stm32.12.3.rel1.win32_1.1.0.202410251130/tools/bin/../lib/gcc/arm-none-eabi/12.3.1/../../../../arm-none-eabi/lib/thumb/v7-m/nofp\libc_nano.a(libc_a-findfp.o) (_fwalk_sglue)
C:/ST/STM32CubeIDE_1.17.0/STM32CubeIDE/plugins/com.st.stm32cube.ide.mcu.externaltools.gnu-tools-for-stm32.12.3.rel1.win32_1.1.0.202410251130/tools/bin/../lib/gcc/arm-none-eabi/12.3.1/../../../../arm-none-eabi/lib/thumb/v7-m/nofp\libc_nano.a(libc_a-stdio.o)
                              C:/ST/STM32CubeIDE_1.17.0/STM32CubeIDE/plugins/com.st.stm32cube.ide.mcu.externaltools.gnu-tools-for-stm32.12.3.rel1.win32_1.1.0.202410251130/tools/bin/../lib/gcc/arm-none-eabi/12.3.1/../../../../arm-none-eabi/lib/thumb/v7-m/nofp\libc_nano.a(libc_a-findfp.o) (__sread)
C:/ST/STM32CubeIDE_1.17.0/STM32CubeIDE/plugins/com.st.stm32cube.ide.mcu.externaltools.gnu-tools-for-stm32.12.3.rel1.win32_1.1.0.202410251130/tools/bin/../lib/gcc/arm-none-eabi/12.3.1/../../../../arm-none-eabi/lib/thumb/v7-m/nofp\libc_nano.a(libc_a-vsprintf.o)
                              ./Drivers/Src/common.o (vsprintf)
C:/ST/STM32CubeIDE_1.17.0/STM32CubeIDE/plugins/com.st.stm32cube.ide.mcu.externaltools.gnu-tools-for-stm32.12.3.rel1.win32_1.1.0.202410251130/tools/bin/../lib/gcc/arm-none-eabi/12.3.1/../../../../arm-none-eabi/lib/thumb/v7-m/nofp\libc_nano.a(libc_a-memset.o)
                              C:/ST/STM32CubeIDE_1.17.0/STM32CubeIDE/plugins/com.st.stm32cube.ide.mcu.externaltools.gnu-tools-for-stm32.12.3.rel1.win32_1.1.0.202410251130/tools/bin/../lib/gcc/arm-none-eabi/12.3.1/../../../../arm-none-eabi/lib/thumb/v7-m/nofp/crt0.o (memset)
C:/ST/STM32CubeIDE_1.17.0/STM32CubeIDE/plugins/com.st.stm32cube.ide.mcu.externaltools.gnu-tools-for-stm32.12.3.rel1.win32_1.1.0.202410251130/tools/bin/../lib/gcc/arm-none-eabi/12.3.1/../../../../arm-none-eabi/lib/thumb/v7-m/nofp\libc_nano.a(libc_a-closer.o)
                              C:/ST/STM32CubeIDE_1.17.0/STM32CubeIDE/plugins/com.st.stm32cube.ide.mcu.externaltools.gnu-tools-for-stm32.12.3.rel1.win32_1.1.0.202410251130/tools/bin/../lib/gcc/arm-none-eabi/12.3.1/../../../../arm-none-eabi/lib/thumb/v7-m/nofp\libc_nano.a(libc_a-stdio.o) (_close_r)
C:/ST/STM32CubeIDE_1.17.0/STM32CubeIDE/plugins/com.st.stm32cube.ide.mcu.externaltools.gnu-tools-for-stm32.12.3.rel1.win32_1.1.0.202410251130/tools/bin/../lib/gcc/arm-none-eabi/12.3.1/../../../../arm-none-eabi/lib/thumb/v7-m/nofp\libc_nano.a(libc_a-reent.o)
                              C:/ST/STM32CubeIDE_1.17.0/STM32CubeIDE/plugins/com.st.stm32cube.ide.mcu.externaltools.gnu-tools-for-stm32.12.3.rel1.win32_1.1.0.202410251130/tools/bin/../lib/gcc/arm-none-eabi/12.3.1/../../../../arm-none-eabi/lib/thumb/v7-m/nofp\libc_nano.a(libc_a-closer.o) (errno)
C:/ST/STM32CubeIDE_1.17.0/STM32CubeIDE/plugins/com.st.stm32cube.ide.mcu.externaltools.gnu-tools-for-stm32.12.3.rel1.win32_1.1.0.202410251130/tools/bin/../lib/gcc/arm-none-eabi/12.3.1/../../../../arm-none-eabi/lib/thumb/v7-m/nofp\libc_nano.a(libc_a-impure.o)
                              C:/ST/STM32CubeIDE_1.17.0/STM32CubeIDE/plugins/com.st.stm32cube.ide.mcu.externaltools.gnu-tools-for-stm32.12.3.rel1.win32_1.1.0.202410251130/tools/bin/../lib/gcc/arm-none-eabi/12.3.1/../../../../arm-none-eabi/lib/thumb/v7-m/nofp\libc_nano.a(libc_a-vsprintf.o) (_impure_ptr)
[...]
Memory Configuration

Name             Origin             Length             Attributes
RAM              0x20000000         0x00005000         xrw
FLASH            0x08000000         0x00010000         xr
*default*        0x00000000         0xffffffff

Linker script and memory map

LOAD C:/ST/STM32CubeIDE_1.17.0/STM32CubeIDE/plugins/com.st.stm32cube.ide.mcu.externaltools.gnu-tools-for-stm32.12.3.rel1.win32_1.1.0.202410251130/tools/bin/../lib/gcc/arm-none-eabi/12.3.1/thumb/v7-m/nofp/crti.o
LOAD C:/ST/STM32CubeIDE_1.17.0/STM32CubeIDE/plugins/com.st.stm32cube.ide.mcu.externaltools.gnu-tools-for-stm32.12.3.rel1.win32_1.1.0.202410251130/tools/bin/../lib/gcc/arm-none-eabi/12.3.1/thumb/v7-m/nofp/crtbegin.o
LOAD C:/ST/STM32CubeIDE_1.17.0/STM32CubeIDE/plugins/com.st.stm32cube.ide.mcu.externaltools.gnu-tools-for-stm32.12.3.rel1.win32_1.1.0.202410251130/tools/bin/../lib/gcc/arm-none-eabi/12.3.1/../../../../arm-none-eabi/lib/thumb/v7-m/nofp/crt0.o
LOAD ./Drivers/Src/Clk.o
LOAD ./Drivers/Src/GPIO.o
LOAD ./Drivers/Src/System.o
LOAD ./Drivers/Src/UART.o
LOAD ./Drivers/Src/common.o
LOAD ./Drivers/Src/crc.o
LOAD ./Src/app.o
LOAD ./Src/main.o
LOAD ./Src/syscalls.o
LOAD ./Src/sysmem.o
LOAD ./Startup/startup_stm32f103c8tx.o
START GROUP
LOAD C:/ST/STM32CubeIDE_1.17.0/STM32CubeIDE/plugins/com.st.stm32cube.ide.mcu.externaltools.gnu-tools-for-stm32.12.3.rel1.win32_1.1.0.202410251130/tools/bin/../lib/gcc/arm-none-eabi/12.3.1/../../../../arm-none-eabi/lib/thumb/v7-m/nofp\libc_nano.a
LOAD C:/ST/STM32CubeIDE_1.17.0/STM32CubeIDE/plugins/com.st.stm32cube.ide.mcu.externaltools.gnu-tools-for-stm32.12.3.rel1.win32_1.1.0.202410251130/tools/bin/../lib/gcc/arm-none-eabi/12.3.1/../../../../arm-none-eabi/lib/thumb/v7-m/nofp\libm.a
END GROUP
START GROUP
LOAD C:/ST/STM32CubeIDE_1.17.0/STM32CubeIDE/plugins/com.st.stm32cube.ide.mcu.externaltools.gnu-tools-for-stm32.12.3.rel1.win32_1.1.0.202410251130/tools/bin/../lib/gcc/arm-none-eabi/12.3.1/thumb/v7-m/nofp\libgcc.a
LOAD C:/ST/STM32CubeIDE_1.17.0/STM32CubeIDE/plugins/com.st.stm32cube.ide.mcu.externaltools.gnu-tools-for-stm32.12.3.rel1.win32_1.1.0.202410251130/tools/bin/../lib/gcc/arm-none-eabi/12.3.1/../../../../arm-none-eabi/lib/thumb/v7-m/nofp\libc_nano.a
END GROUP
START GROUP
LOAD C:/ST/STM32CubeIDE_1.17.0/STM32CubeIDE/plugins/com.st.stm32cube.ide.mcu.externaltools.gnu-tools-for-stm32.12.3.rel1.win32_1.1.0.202410251130/tools/bin/../lib/gcc/arm-none-eabi/12.3.1/thumb/v7-m/nofp\libgcc.a
LOAD C:/ST/STM32CubeIDE_1.17.0/STM32CubeIDE/plugins/com.st.stm32cube.ide.mcu.externaltools.gnu-tools-for-stm32.12.3.rel1.win32_1.1.0.202410251130/tools/bin/../lib/gcc/arm-none-eabi/12.3.1/../../../../arm-none-eabi/lib/thumb/v7-m/nofp\libc_nano.a
LOAD C:/ST/STM32CubeIDE_1.17.0/STM32CubeIDE/plugins/com.st.stm32cube.ide.mcu.externaltools.gnu-tools-for-stm32.12.3.rel1.win32_1.1.0.202410251130/tools/bin/../lib/gcc/arm-none-eabi/12.3.1/../../../../arm-none-eabi/lib/thumb/v7-m/nofp\libnosys.a
END GROUP
START GROUP
LOAD C:/ST/STM32CubeIDE_1.17.0/STM32CubeIDE/plugins/com.st.stm32cube.ide.mcu.externaltools.gnu-tools-for-stm32.12.3.rel1.win32_1.1.0.202410251130/tools/bin/../lib/gcc/arm-none-eabi/12.3.1/thumb/v7-m/nofp\libgcc.a
LOAD C:/ST/STM32CubeIDE_1.17.0/STM32CubeIDE/plugins/com.st.stm32cube.ide.mcu.externaltools.gnu-tools-for-stm32.12.3.rel1.win32_1.1.0.202410251130/tools/bin/../lib/gcc/arm-none-eabi/12.3.1/../../../../arm-none-eabi/lib/thumb/v7-m/nofp\libc_nano.a
LOAD C:/ST/STM32CubeIDE_1.17.0/STM32CubeIDE/plugins/com.st.stm32cube.ide.mcu.externaltools.gnu-tools-for-stm32.12.3.rel1.win32_1.1.0.202410251130/tools/bin/../lib/gcc/arm-none-eabi/12.3.1/../../../../arm-none-eabi/lib/thumb/v7-m/nofp\libnosys.a
END GROUP
LOAD C:/ST/STM32CubeIDE_1.17.0/STM32CubeIDE/plugins/com.st.stm32cube.ide.mcu.externaltools.gnu-tools-for-stm32.12.3.rel1.win32_1.1.0.202410251130/tools/bin/../lib/gcc/arm-none-eabi/12.3.1/thumb/v7-m/nofp/crtend.o
LOAD C:/ST/STM32CubeIDE_1.17.0/STM32CubeIDE/plugins/com.st.stm32cube.ide.mcu.externaltools.gnu-tools-for-stm32.12.3.rel1.win32_1.1.0.202410251130/tools/bin/../lib/gcc/arm-none-eabi/12.3.1/thumb/v7-m/nofp/crtn.o
                0x20005000                        _estack = (ORIGIN (RAM) + LENGTH (RAM))
                0x00000200                        _Min_Heap_Size = 0x200
                0x00000400                        _Min_Stack_Size = 0x400

.isr_vector     0x08000000      0x130
                0x08000000                        . = ALIGN (0x4)
 *(.isr_vector)
 .isr_vector    0x08000000      0x130 ./Startup/startup_stm32f103c8tx.o
                0x08000000                g_pfnVectors
                0x08000130                        . = ALIGN (0x4)

.text           0x08000130     0x2ae8
                0x08000130                        . = ALIGN (0x4)
 *(.text)
 .text          0x08000130       0x40 C:/ST/STM32CubeIDE_1.17.0/STM32CubeIDE/plugins/com.st.stm32cube.ide.mcu.externaltools.gnu-tools-for-stm32.12.3.rel1.win32_1.1.0.202410251130/tools/bin/../lib/gcc/arm-none-eabi/12.3.1/thumb/v7-m/nofp/crtbegin.o
 .text          0x08000170      0x168 C:/ST/STM32CubeIDE_1.17.0/STM32CubeIDE/plugins/com.st.stm32cube.ide.mcu.externaltools.gnu-tools-for-stm32.12.3.rel1.win32_1.1.0.202410251130/tools/bin/../lib/gcc/arm-none-eabi/12.3.1/thumb/v7-m/nofp\libgcc.a(_arm_mulsf3.o)
                0x08000170                __aeabi_fmul
                0x08000170                __mulsf3
 .text          0x080002d8      0x378 C:/ST/STM32CubeIDE_1.17.0/STM32CubeIDE/plugins/com.st.stm32cube.ide.mcu.externaltools.gnu-tools-for-stm32.12.3.rel1.win32_1.1.0.202410251130/tools/bin/../lib/gcc/arm-none-eabi/12.3.1/thumb/v7-m/nofp\libgcc.a(_arm_addsubdf3.o)
                0x080002d8                __aeabi_drsub
                0x080002e0                __aeabi_dsub
                0x080002e0                __subdf3
                0x080002e4                __aeabi_dadd
                0x080002e4                __adddf3
                0x0800055c                __floatunsidf
                0x0800055c                __aeabi_ui2d
                0x0800057c                __floatsidf
                0x0800057c                __aeabi_i2d
                0x080005a0                __aeabi_f2d
                0x080005a0                __extendsfdf2
                0x080005e4                __floatundidf
                0x080005e4                __aeabi_ul2d
                0x080005f4                __floatdidf
                0x080005f4                __aeabi_l2d
 .text          0x08000650      0x424 C:/ST/STM32CubeIDE_1.17.0/STM32CubeIDE/plugins/com.st.stm32cube.ide.mcu.externaltools.gnu-tools-for-stm32.12.3.rel1.win32_1.1.0.202410251130/tools/bin/../lib/gcc/arm-none-eabi/12.3.1/thumb/v7-m/nofp\libgcc.a(_arm_muldivdf3.o)
                0x08000650                __aeabi_dmul
                0x08000650                __muldf3
                0x080008a4                __divdf3
                0x080008a4                __aeabi_ddiv
 .text          0x08000a74       0xa0 C:/ST/STM32CubeIDE_1.17.0/STM32CubeIDE/plugins/com.st.stm32cube.ide.mcu.externaltools.gnu-tools-for-stm32.12.3.rel1.win32_1.1.0.202410251130/tools/bin/../lib/gcc/arm-none-eabi/12.3.1/thumb/v7-m/nofp\libgcc.a(_arm_truncdfsf2.o)
                0x08000a74                __truncdfsf2
                0x08000a74                __aeabi_d2f
 .text          0x08000b14      0x21c C:/ST/STM32CubeIDE_1.17.0/STM32CubeIDE/plugins/com.st.stm32cube.ide.mcu.externaltools.gnu-tools-for-stm32.12.3.rel1.win32_1.1.0.202410251130/tools/bin/../lib/gcc/arm-none-eabi/12.3.1/thumb/v7-m/nofp\libgcc.a(_arm_addsubsf3.o)
                0x08000b14                __aeabi_frsub
                0x08000b1c                __subsf3
                0x08000b1c                __aeabi_fsub
                0x08000b20                __aeabi_fadd
                0x08000b20                __addsf3
                0x08000c80                __aeabi_ui2f
                0x08000c80                __floatunsisf
                0x08000c88                __aeabi_i2f
                0x08000c88                __floatsisf
                0x08000ca4                __aeabi_ul2f
                0x08000ca4                __floatundisf
                0x08000cb4                __aeabi_l2f
                0x08000cb4                __floatdisf
 .text          0x08000d30       0xec C:/ST/STM32CubeIDE_1.17.0/STM32CubeIDE/plugins/com.st.stm32cube.ide.mcu.externaltools.gnu-tools-for-stm32.12.3.rel1.win32_1.1.0.202410251130/tools/bin/../lib/gcc/arm-none-eabi/12.3.1/thumb/v7-m/nofp\libgcc.a(_arm_cmpsf2.o)
                0x08000d30                __gesf2
                0x08000d30                __gtsf2
                0x08000d38                __lesf2
                0x08000d38                __ltsf2
                0x08000d40                __nesf2
                0x08000d40                __eqsf2
                0x08000d40                __cmpsf2
                0x08000da0                __aeabi_cfrcmple
                0x08000da8                __aeabi_cfcmpeq
                0x08000da8                __aeabi_cfcmple
                0x08000db8                __aeabi_fcmpeq
                0x08000dcc                __aeabi_fcmplt
                0x08000de0                __aeabi_fcmple
                0x08000df4                __aeabi_fcmpge
                0x08000e08                __aeabi_fcmpgt
 .text          0x08000e1c       0x4c C:/ST/STM32CubeIDE_1.17.0/STM32CubeIDE/plugins/com.st.stm32cube.ide.mcu.externaltools.gnu-tools-for-stm32.12.3.rel1.win32_1.1.0.202410251130/tools/bin/../lib/gcc/arm-none-eabi/12.3.1/thumb/v7-m/nofp\libgcc.a(_arm_fixsfsi.o)
                0x08000e1c                __aeabi_f2iz
                0x08000e1c                __fixsfsi
 .text          0x08000e68       0x40 C:/ST/STM32CubeIDE_1.17.0/STM32CubeIDE/plugins/com.st.stm32cube.ide.mcu.externaltools.gnu-tools-for-stm32.12.3.rel1.win32_1.1.0.202410251130/tools/bin/../lib/gcc/arm-none-eabi/12.3.1/thumb/v7-m/nofp\libgcc.a(_arm_fixunssfsi.o)
                0x08000e68                __fixunssfsi
                0x08000e68                __aeabi_f2uiz
 *(.text*)
 .text.clock_init
                0x08000ea8       0x6c ./Drivers/Src/Clk.o
                0x08000ea8                clock_init
 .text.system_clock_set
                0x08000f14       0xd4 ./Drivers/Src/Clk.o
                0x08000f14                system_clock_set
 .text.pll_clk_config
                0x08000fe8       0x54 ./Drivers/Src/Clk.o
                0x08000fe8                pll_clk_config
 .text.ahb_clk_set
                0x0800103c       0x34 ./Drivers/Src/Clk.o
                0x0800103c                ahb_clk_set
 .text.apb1_clk_set
                0x08001070       0x34 ./Drivers/Src/Clk.o
                0x08001070                apb1_clk_set
 .text.apb2_clk_set
                0x080010a4       0x34 ./Drivers/Src/Clk.o
                0x080010a4                apb2_clk_set
 .text.apb2_peripheral_clock_en
                0x080010d8       0x24 ./Drivers/Src/Clk.o
                0x080010d8                apb2_peripheral_clock_en
 .text.apb1_peripheral_clock_en
                0x080010fc       0x24 ./Drivers/Src/Clk.o
                0x080010fc                apb1_peripheral_clock_en
 .text.ahb_peripheral_clock_en
                0x08001120       0x24 ./Drivers/Src/Clk.o
                0x08001120                ahb_peripheral_clock_en
 .text.apb_get_clock
                0x08001144       0xe8 ./Drivers/Src/Clk.o
                0x08001144                apb_get_clock
 .text.get_pll_clock
                0x0800122c       0x84 ./Drivers/Src/Clk.o
                0x0800122c                get_pll_clock
 .text.lsi_clock_en
                0x080012b0       0x2c ./Drivers/Src/Clk.o
                0x080012b0                lsi_clock_en
 .text.io_port  0x080012dc       0x20 ./Drivers/Src/GPIO.o
 .text.io_pin_bit
                0x080012fc       0x1c ./Drivers/Src/GPIO.o
 .text.io_init  0x08001318       0x3c ./Drivers/Src/GPIO.o
                0x08001318                io_init
 .text.io_config
                0x08001354       0x26 ./Drivers/Src/GPIO.o
                0x08001354                io_config
 *fill*         0x0800137a        0x2 
 .text.io_set_io_mode
                0x0800137c      0x120 ./Drivers/Src/GPIO.o
                0x0800137c                io_set_io_mode
 .text.io_set_out
                0x0800149c       0x74 ./Drivers/Src/GPIO.o
                0x0800149c                io_set_out
 .text.io_get_in
                0x08001510       0x44 ./Drivers/Src/GPIO.o
                0x08001510                io_get_in
 .text.EXTI4_IRQHandler
                0x08001554       0x50 ./Drivers/Src/GPIO.o
                0x08001554                EXTI4_IRQHandler
 .text.systick_init
                0x080015a4       0x2c ./Drivers/Src/System.o
                0x080015a4                systick_init
 .text.SysTick_Handler
                0x080015d0       0x4c ./Drivers/Src/System.o
                0x080015d0                SysTick_Handler
 .text.get_systick
                0x0800161c       0x14 ./Drivers/Src/System.o
                0x0800161c                get_systick
 .text.uart_2_configure_parameter
                0x08001630       0x58 ./Drivers/Src/UART.o
                0x08001630                uart_2_configure_parameter
 .text.uart_3_configure_parameter
                0x08001688       0x58 ./Drivers/Src/UART.o
                0x08001688                uart_3_configure_parameter
 .text.usart_init
                0x080016e0       0x96 ./Drivers/Src/UART.o
                0x080016e0                usart_init
 *fill*         0x08001776        0x2 
 .text.usart_set_baudrate
                0x08001778       0xc4 ./Drivers/Src/UART.o
                0x08001778                usart_set_baudrate
 .text.uart_transmit
                0x0800183c       0x28 ./Drivers/Src/UART.o
                0x0800183c                uart_transmit
 .text.usart_write_polling
                0x08001864       0xb4 ./Drivers/Src/UART.o
                0x08001864                usart_write_polling
 .text.usart_read
                0x08001918       0xcc ./Drivers/Src/UART.o
                0x08001918                usart_read
 .text.usart_en
                0x080019e4       0x1e ./Drivers/Src/UART.o
                0x080019e4                usart_en
 .text.config_stop_bit
                0x08001a02       0x30 ./Drivers/Src/UART.o
                0x08001a02                config_stop_bit
 .text.config_data_word_len
                0x08001a32       0x24 ./Drivers/Src/UART.o
                0x08001a32                config_data_word_len
 .text.config_parity
                0x08001a56       0x3c ./Drivers/Src/UART.o
                0x08001a56                config_parity
 .text.config_mode
                0x08001a92       0x54 ./Drivers/Src/UART.o
                0x08001a92                config_mode
 .text.get_flag_status
                0x08001ae6       0x28 ./Drivers/Src/UART.o
                0x08001ae6                get_flag_status
 *fill*         0x08001b0e        0x2 
 .text.usart_interrupt_handling
                0x08001b10      0x238 ./Drivers/Src/UART.o
                0x08001b10                usart_interrupt_handling
 .text.usart_rx_en
                0x08001d48       0x1e ./Drivers/Src/UART.o
                0x08001d48                usart_rx_en
 *fill*         0x08001d66        0x2 
 .text.usart_dma_mode_en_di
                0x08001d68       0x6c ./Drivers/Src/UART.o
                0x08001d68                usart_dma_mode_en_di
 .text.USART2_IRQHandler
                0x08001dd4       0x14 ./Drivers/Src/UART.o
                0x08001dd4                USART2_IRQHandler
 .text.mcu_init
                0x08001de8       0x1c ./Drivers/Src/common.o
                0x08001de8                mcu_init
 .text.round_off
                0x08001e04       0x66 ./Drivers/Src/common.o
                0x08001e04                round_off
 *fill*         0x08001e6a        0x2 
 .text.print_msg
                0x08001e6c       0x5c ./Drivers/Src/common.o
                0x08001e6c                print_msg
 .text.memory_set
                0x08001ec8       0x34 ./Drivers/Src/common.o
                0x08001ec8                memory_set
 .text.str_len  0x08001efc       0x2c ./Drivers/Src/common.o
                0x08001efc                str_len
 .text.crc_reset
                0x08001f28       0x1e ./Drivers/Src/crc.o
                0x08001f28                crc_reset
 *fill*         0x08001f46        0x2 
 .text.crc_clock_en
                0x08001f48       0x1c ./Drivers/Src/crc.o
                0x08001f48                crc_clock_en
 .text.crc_clock_di
                0x08001f64       0x1c ./Drivers/Src/crc.o
                0x08001f64                crc_clock_di
 .text.crc_calculate
                0x08001f80       0x4a ./Drivers/Src/crc.o
                0x08001f80                crc_calculate
 .text.crc_check
                0x08001fca       0x42 ./Drivers/Src/crc.o
                0x08001fca                crc_check
 .text.jump_to_user_app
                0x0800200c       0x54 ./Src/app.o
                0x0800200c                jump_to_user_app
 .text.set_msp  0x08002060       0x18 ./Src/app.o
                0x08002060                set_msp
 .text.bootloader_read_uart_data
                0x08002078       0x58 ./Src/app.o
                0x08002078                bootloader_read_uart_data
 .text.bootloader_check_crc
                0x080020d0       0x28 ./Src/app.o
                0x080020d0                bootloader_check_crc
 .text.bootloader_bl_get_ver_cmd
                0x080020f8       0x5c ./Src/app.o
                0x080020f8                bootloader_bl_get_ver_cmd
 .text.bootloader_send_ack
                0x08002154       0x2c ./Src/app.o
                0x08002154                bootloader_send_ack
 .text.bootloader_send_nack
                0x08002180       0x24 ./Src/app.o
                0x08002180                bootloader_send_nack
 .text.get_bl_version
                0x080021a4        0xe ./Src/app.o
                0x080021a4                get_bl_version
 *fill*         0x080021b2        0x2 
 .text.main     0x080021b4       0x3c ./Src/main.o
                0x080021b4                main
 .text._sbrk    0x080021f0       0x6c ./Src/sysmem.o
                0x080021f0                _sbrk
 .text.Reset_Handler
                0x0800225c       0x50 ./Startup/startup_stm32f103c8tx.o
                0x0800225c                Reset_Handler
 .text.Default_Handler
                0x080022ac        0x2 ./Startup/startup_stm32f103c8tx.o
                0x080022ac                EXTI2_IRQHandler
                0x080022ac                TIM8_TRG_COM_IRQHandler
                0x080022ac                TIM8_CC_IRQHandler
                0x080022ac                DebugMon_Handler
                0x080022ac                TIM1_CC_IRQHandler
                0x080022ac                HardFault_Handler
                0x080022ac                TIM6_IRQHandler
                0x080022ac                PVD_IRQHandler
                0x080022ac                SDIO_IRQHandler
                0x080022ac                PendSV_Handler
                0x080022ac                NMI_Handler
                0x080022ac                EXTI3_IRQHandler
                0x080022ac                USB_HP_CAN_TX_IRQHandler
                0x080022ac                EXTI0_IRQHandler
                0x080022ac                I2C2_EV_IRQHandler
                0x080022ac                UsageFault_Handler
                0x080022ac                ADC1_2_IRQHandler
                0x080022ac                SPI1_IRQHandler
                0x080022ac                CAN_SCE_IRQHandler
                0x080022ac                TAMPER_IRQHandler
                0x080022ac                TIM8_UP_IRQHandler
                0x080022ac                DMA2_Channel2_IRQHandler
                0x080022ac                DMA1_Channel4_IRQHandler
                0x080022ac                USART3_IRQHandler
                0x080022ac                RTC_IRQHandler
                0x080022ac                DMA1_Channel7_IRQHandler
                0x080022ac                UART5_IRQHandler
                0x080022ac                ADC3_IRQHandler
                0x080022ac                TIM4_IRQHandler
                0x080022ac                CAN_RX1_IRQHandler
                0x080022ac                DMA2_Channel1_IRQHandler
                0x080022ac                I2C1_EV_IRQHandler
                0x080022ac                DMA1_Channel6_IRQHandler
                0x080022ac                UART4_IRQHandler
                0x080022ac                TIM3_IRQHandler
                0x080022ac                RCC_IRQHandler
                0x080022ac                TIM1_TRG_COM_IRQHandler
                0x080022ac                DMA1_Channel1_IRQHandler
                0x080022ac                Default_Handler
                0x080022ac                EXTI15_10_IRQHandler
                0x080022ac                TIM7_IRQHandler
                0x080022ac                TIM5_IRQHandler
                0x080022ac                EXTI9_5_IRQHandler
                0x080022ac                SPI2_IRQHandler
                0x080022ac                USB_LP_CAN_RX0_IRQHandler
                0x080022ac                MemManage_Handler
                0x080022ac                SVC_Handler
                0x080022ac                DMA1_Channel5_IRQHandler
                0x080022ac                DMA1_Channel3_IRQHandler
                0x080022ac                FSMC_IRQHandler
                0x080022ac                TIM1_UP_IRQHandler
                0x080022ac                WWDG_IRQHandler
                0x080022ac                TIM2_IRQHandler
                0x080022ac                TIM1_BRK_IRQHandler
                0x080022ac                EXTI1_IRQHandler
                0x080022ac                RTCAlarm_IRQHandler
                0x080022ac                DMA2_Channel4_5_IRQHandler
                0x080022ac                I2C2_ER_IRQHandler
                0x080022ac                DMA1_Channel2_IRQHandler
                0x080022ac                TIM8_BRK_IRQHandler
                0x080022ac                FLASH_IRQHandler
                0x080022ac                BusFault_Handler
                0x080022ac                USART1_IRQHandler
                0x080022ac                SPI3_IRQHandler
                0x080022ac                I2C1_ER_IRQHandler
                0x080022ac                DMA2_Channel3_IRQHandler
 *fill*         0x080022ae        0x2 
 .text._vsprintf_r
                0x080022b0       0x2c C:/ST/STM32CubeIDE_1.17.0/STM32CubeIDE/plugins/com.st.stm32cube.ide.mcu.externaltools.gnu-tools-for-stm32.12.3.rel1.win32_1.1.0.202410251130/tools/bin/../lib/gcc/arm-none-eabi/12.3.1/../../../../arm-none-eabi/lib/thumb/v7-m/nofp\libc_nano.a(libc_a-vsprintf.o)
                0x080022b0                _vsprintf_r
                0x080022b0                _vsiprintf_r
 .text.vsprintf
                0x080022dc       0x14 C:/ST/STM32CubeIDE_1.17.0/STM32CubeIDE/plugins/com.st.stm32cube.ide.mcu.externaltools.gnu-tools-for-stm32.12.3.rel1.win32_1.1.0.202410251130/tools/bin/../lib/gcc/arm-none-eabi/12.3.1/../../../../arm-none-eabi/lib/thumb/v7-m/nofp\libc_nano.a(libc_a-vsprintf.o)
                0x080022dc                vsiprintf
                0x080022dc                vsprintf
 .text.__errno  0x080022f0        0xc C:/ST/STM32CubeIDE_1.17.0/STM32CubeIDE/plugins/com.st.stm32cube.ide.mcu.externaltools.gnu-tools-for-stm32.12.3.rel1.win32_1.1.0.202410251130/tools/bin/../lib/gcc/arm-none-eabi/12.3.1/../../../../arm-none-eabi/lib/thumb/v7-m/nofp\libc_nano.a(libc_a-errno.o)
                0x080022f0                __errno
 .text.__libc_init_array
                0x080022fc       0x48 C:/ST/STM32CubeIDE_1.17.0/STM32CubeIDE/plugins/com.st.stm32cube.ide.mcu.externaltools.gnu-tools-for-stm32.12.3.rel1.win32_1.1.0.202410251130/tools/bin/../lib/gcc/arm-none-eabi/12.3.1/../../../../arm-none-eabi/lib/thumb/v7-m/nofp\libc_nano.a(libc_a-init.o)
                0x080022fc                __libc_init_array
 .text.__retarget_lock_acquire_recursive
                0x08002344        0x2 C:/ST/STM32CubeIDE_1.17.0/STM32CubeIDE/plugins/com.st.stm32cube.ide.mcu.externaltools.gnu-tools-for-stm32.12.3.rel1.win32_1.1.0.202410251130/tools/bin/../lib/gcc/arm-none-eabi/12.3.1/../../../../arm-none-eabi/lib/thumb/v7-m/nofp\libc_nano.a(libc_a-lock.o)
                0x08002344                __retarget_lock_acquire_recursive
 .text.__retarget_lock_release_recursive
                0x08002346        0x2 C:/ST/STM32CubeIDE_1.17.0/STM32CubeIDE/plugins/com.st.stm32cube.ide.mcu.externaltools.gnu-tools-for-stm32.12.3.rel1.win32_1.1.0.202410251130/tools/bin/../lib/gcc/arm-none-eabi/12.3.1/../../../../arm-none-eabi/lib/thumb/v7-m/nofp\libc_nano.a(libc_a-lock.o)
                0x08002346                __retarget_lock_release_recursive
 .text._free_r  0x08002348       0x90 C:/ST/STM32CubeIDE_1.17.0/STM32CubeIDE/plugins/com.st.stm32cube.ide.mcu.externaltools.gnu-tools-for-stm32.12.3.rel1.win32_1.1.0.202410251130/tools/bin/../lib/gcc/arm-none-eabi/12.3.1/../../../../arm-none-eabi/lib/thumb/v7-m/nofp\libc_nano.a(libc_a-freer.o)
                0x08002348                _free_r
 .text.sbrk_aligned
                0x080023d8       0x44 C:/ST/STM32CubeIDE_1.17.0/STM32CubeIDE/plugins/com.st.stm32cube.ide.mcu.externaltools.gnu-tools-for-stm32.12.3.rel1.win32_1.1.0.202410251130/tools/bin/../lib/gcc/arm-none-eabi/12.3.1/../../../../arm-none-eabi/lib/thumb/v7-m/nofp\libc_nano.a(libc_a-mallocr.o)
 .text._malloc_r
                0x0800241c      0x100 C:/ST/STM32CubeIDE_1.17.0/STM32CubeIDE/plugins/com.st.stm32cube.ide.mcu.externaltools.gnu-tools-for-stm32.12.3.rel1.win32_1.1.0.202410251130/tools/bin/../lib/gcc/arm-none-eabi/12.3.1/../../../../arm-none-eabi/lib/thumb/v7-m/nofp\libc_nano.a(libc_a-mallocr.o)
                0x0800241c                _malloc_r
 .text.__malloc_lock
                0x0800251c        0xc C:/ST/STM32CubeIDE_1.17.0/STM32CubeIDE/plugins/com.st.stm32cube.ide.mcu.externaltools.gnu-tools-for-stm32.12.3.rel1.win32_1.1.0.202410251130/tools/bin/../lib/gcc/arm-none-eabi/12.3.1/../../../../arm-none-eabi/lib/thumb/v7-m/nofp\libc_nano.a(libc_a-mlock.o)
                0x0800251c                __malloc_lock
 .text.__malloc_unlock
                0x08002528        0xc C:/ST/STM32CubeIDE_1.17.0/STM32CubeIDE/plugins/com.st.stm32cube.ide.mcu.externaltools.gnu-tools-for-stm32.12.3.rel1.win32_1.1.0.202410251130/tools/bin/../lib/gcc/arm-none-eabi/12.3.1/../../../../arm-none-eabi/lib/thumb/v7-m/nofp\libc_nano.a(libc_a-mlock.o)
                0x08002528                __malloc_unlock
 .text.__ssputs_r
                0x08002534       0xb6 C:/ST/STM32CubeIDE_1.17.0/STM32CubeIDE/plugins/com.st.stm32cube.ide.mcu.externaltools.gnu-tools-for-stm32.12.3.rel1.win32_1.1.0.202410251130/tools/bin/../lib/gcc/arm-none-eabi/12.3.1/../../../../arm-none-eabi/lib/thumb/v7-m/nofp\libc_nano.a(libc_a-nano-svfprintf.o)
                0x08002534                __ssputs_r
 *fill*         0x080025ea        0x2 
 .text._svfprintf_r
                0x080025ec      0x1f8 C:/ST/STM32CubeIDE_1.17.0/STM32CubeIDE/plugins/com.st.stm32cube.ide.mcu.externaltools.gnu-tools-for-stm32.12.3.rel1.win32_1.1.0.202410251130/tools/bin/../lib/gcc/arm-none-eabi/12.3.1/../../../../arm-none-eabi/lib/thumb/v7-m/nofp\libc_nano.a(libc_a-nano-svfprintf.o)
                0x080025ec                _svfiprintf_r
                0x080025ec                _svfprintf_r
 .text._printf_common
                0x080027e4       0xe4 C:/ST/STM32CubeIDE_1.17.0/STM32CubeIDE/plugins/com.st.stm32cube.ide.mcu.externaltools.gnu-tools-for-stm32.12.3.rel1.win32_1.1.0.202410251130/tools/bin/../lib/gcc/arm-none-eabi/12.3.1/../../../../arm-none-eabi/lib/thumb/v7-m/nofp\libc_nano.a(libc_a-nano-vfprintf_i.o)
                0x080027e4                _printf_common
 .text._printf_i
                0x080028c8      0x240 C:/ST/STM32CubeIDE_1.17.0/STM32CubeIDE/plugins/com.st.stm32cube.ide.mcu.externaltools.gnu-tools-for-stm32.12.3.rel1.win32_1.1.0.202410251130/tools/bin/../lib/gcc/arm-none-eabi/12.3.1/../../../../arm-none-eabi/lib/thumb/v7-m/nofp\libc_nano.a(libc_a-nano-vfprintf_i.o)
                0x080028c8                _printf_i
 .text.memmove  0x08002b08       0x34 C:/ST/STM32CubeIDE_1.17.0/STM32CubeIDE/plugins/com.st.stm32cube.ide.mcu.externaltools.gnu-tools-for-stm32.12.3.rel1.win32_1.1.0.202410251130/tools/bin/../lib/gcc/arm-none-eabi/12.3.1/../../../../arm-none-eabi/lib/thumb/v7-m/nofp\libc_nano.a(libc_a-memmove.o)
                0x08002b08                memmove
 .text._sbrk_r  0x08002b3c       0x20 C:/ST/STM32CubeIDE_1.17.0/STM32CubeIDE/plugins/com.st.stm32cube.ide.mcu.externaltools.gnu-tools-for-stm32.12.3.rel1.win32_1.1.0.202410251130/tools/bin/../lib/gcc/arm-none-eabi/12.3.1/../../../../arm-none-eabi/lib/thumb/v7-m/nofp\libc_nano.a(libc_a-sbrkr.o)
                0x08002b3c                _sbrk_r
 .text.memchr   0x08002b5c       0x1c C:/ST/STM32CubeIDE_1.17.0/STM32CubeIDE/plugins/com.st.stm32cube.ide.mcu.externaltools.gnu-tools-for-stm32.12.3.rel1.win32_1.1.0.202410251130/tools/bin/../lib/gcc/arm-none-eabi/12.3.1/../../../../arm-none-eabi/lib/thumb/v7-m/nofp\libc_nano.a(libc_a-memchr-stub.o)
                0x08002b5c                memchr
 .text.memcpy   0x08002b78       0x1c C:/ST/STM32CubeIDE_1.17.0/STM32CubeIDE/plugins/com.st.stm32cube.ide.mcu.externaltools.gnu-tools-for-stm32.12.3.rel1.win32_1.1.0.202410251130/tools/bin/../lib/gcc/arm-none-eabi/12.3.1/../../../../arm-none-eabi/lib/thumb/v7-m/nofp\libc_nano.a(libc_a-memcpy-stub.o)
                0x08002b78                memcpy
 .text._realloc_r
                0x08002b94       0x5c C:/ST/STM32CubeIDE_1.17.0/STM32CubeIDE/plugins/com.st.stm32cube.ide.mcu.externaltools.gnu-tools-for-stm32.12.3.rel1.win32_1.1.0.202410251130/tools/bin/../lib/gcc/arm-none-eabi/12.3.1/../../../../arm-none-eabi/lib/thumb/v7-m/nofp\libc_nano.a(libc_a-reallocr.o)
                0x08002b94                _realloc_r
 .text._malloc_usable_size_r
                0x08002bf0       0x10 C:/ST/STM32CubeIDE_1.17.0/STM32CubeIDE/plugins/com.st.stm32cube.ide.mcu.externaltools.gnu-tools-for-stm32.12.3.rel1.win32_1.1.0.202410251130/tools/bin/../lib/gcc/arm-none-eabi/12.3.1/../../../../arm-none-eabi/lib/thumb/v7-m/nofp\libc_nano.a(libc_a-msizer.o)
                0x08002bf0                _malloc_usable_size_r
 *(.glue_7)
 .glue_7        0x08002c00        0x0 linker stubs
 *(.glue_7t)
 .glue_7t       0x08002c00        0x0 linker stubs
 *(.eh_frame)
 .eh_frame      0x08002c00        0x0 C:/ST/STM32CubeIDE_1.17.0/STM32CubeIDE/plugins/com.st.stm32cube.ide.mcu.externaltools.gnu-tools-for-stm32.12.3.rel1.win32_1.1.0.202410251130/tools/bin/../lib/gcc/arm-none-eabi/12.3.1/thumb/v7-m/nofp/crtbegin.o
 *(.init)
 .init          0x08002c00        0x4 C:/ST/STM32CubeIDE_1.17.0/STM32CubeIDE/plugins/com.st.stm32cube.ide.mcu.externaltools.gnu-tools-for-stm32.12.3.rel1.win32_1.1.0.202410251130/tools/bin/../lib/gcc/arm-none-eabi/12.3.1/thumb/v7-m/nofp/crti.o
                0x08002c00                _init
 .init          0x08002c04        0x8 C:/ST/STM32CubeIDE_1.17.0/STM32CubeIDE/plugins/com.st.stm32cube.ide.mcu.externaltools.gnu-tools-for-stm32.12.3.rel1.win32_1.1.0.202410251130/tools/bin/../lib/gcc/arm-none-eabi/12.3.1/thumb/v7-m/nofp/crtn.o
 *(.fini)
 .fini          0x08002c0c        0x4 C:/ST/STM32CubeIDE_1.17.0/STM32CubeIDE/plugins/com.st.stm32cube.ide.mcu.externaltools.gnu-tools-for-stm32.12.3.rel1.win32_1.1.0.202410251130/tools/bin/../lib/gcc/arm-none-eabi/12.3.1/thumb/v7-m/nofp/crti.o
                0x08002c0c                _fini
 .fini          0x08002c10        0x8 C:/ST/STM32CubeIDE_1.17.0/STM32CubeIDE/plugins/com.st.stm32cube.ide.mcu.externaltools.gnu-tools-for-stm32.12.3.rel1.win32_1.1.0.202410251130/tools/bin/../lib/gcc/arm-none-eabi/12.3.1/thumb/v7-m/nofp/crtn.o
                0x08002c18                        . = ALIGN (0x4)
                0x08002c18                        _etext = .

.vfp11_veneer   0x08002c18        0x0
 .vfp11_veneer  0x08002c18        0x0 linker stubs

.v4_bx          0x08002c18        0x0
 .v4_bx         0x08002c18        0x0 linker stubs

.iplt           0x08002c18        0x0
 .iplt          0x08002c18        0x0 C:/ST/STM32CubeIDE_1.17.0/STM32CubeIDE/plugins/com.st.stm32cube.ide.mcu.externaltools.gnu-tools-for-stm32.12.3.rel1.win32_1.1.0.202410251130/tools/bin/../lib/gcc/arm-none-eabi/12.3.1/thumb/v7-m/nofp/crtbegin.o

.rodata         0x08002c18       0x68
                0x08002c18                        . = ALIGN (0x4)
 *(.rodata)
 .rodata        0x08002c18       0x32 ./Src/app.o
 *(.rodata*)
 .rodata._svfprintf_r.str1.1
                0x08002c4a       0x11 C:/ST/STM32CubeIDE_1.17.0/STM32CubeIDE/plugins/com.st.stm32cube.ide.mcu.externaltools.gnu-tools-for-stm32.12.3.rel1.win32_1.1.0.202410251130/tools/bin/../lib/gcc/arm-none-eabi/12.3.1/../../../../arm-none-eabi/lib/thumb/v7-m/nofp\libc_nano.a(libc_a-nano-svfprintf.o)
 .rodata._printf_i.str1.1
                0x08002c5b       0x22 C:/ST/STM32CubeIDE_1.17.0/STM32CubeIDE/plugins/com.st.stm32cube.ide.mcu.externaltools.gnu-tools-for-stm32.12.3.rel1.win32_1.1.0.202410251130/tools/bin/../lib/gcc/arm-none-eabi/12.3.1/../../../../arm-none-eabi/lib/thumb/v7-m/nofp\libc_nano.a(libc_a-nano-vfprintf_i.o)
                0x08002c80                        . = ALIGN (0x4)
 *fill*         0x08002c7d        0x3 

.ARM.extab      0x08002c80        0x0
                0x08002c80                        . = ALIGN (0x4)
 *(.ARM.extab* .gnu.linkonce.armextab.*)
                0x08002c80                        . = ALIGN (0x4)

.ARM            0x08002c80        0x0
                0x08002c80                        . = ALIGN (0x4)
                0x08002c80                        __exidx_start = .
 *(.ARM.exidx*)
                0x08002c80                        __exidx_end = .
                0x08002c80                        . = ALIGN (0x4)

.preinit_array  0x08002c80        0x0
                0x08002c80                        . = ALIGN (0x4)
                0x08002c80                        PROVIDE (__preinit_array_start = .)
 *(.preinit_array*)
                0x08002c80                        PROVIDE (__preinit_array_end = .)
                0x08002c80                        . = ALIGN (0x4)

.init_array     0x08002c80        0x4
                0x08002c80                        . = ALIGN (0x4)
                0x08002c80                        PROVIDE (__init_array_start = .)
 *(SORT_BY_NAME(.init_array.*))
 *(.init_array*)
 .init_array    0x08002c80        0x4 C:/ST/STM32CubeIDE_1.17.0/STM32CubeIDE/plugins/com.st.stm32cube.ide.mcu.externaltools.gnu-tools-for-stm32.12.3.rel1.win32_1.1.0.202410251130/tools/bin/../lib/gcc/arm-none-eabi/12.3.1/thumb/v7-m/nofp/crtbegin.o
                0x08002c84                        PROVIDE (__init_array_end = .)
                0x08002c84                        . = ALIGN (0x4)

.fini_array     0x08002c84        0x4
                0x08002c84                        . = ALIGN (0x4)
                [!provide]                        PROVIDE (__fini_array_start = .)
 *(SORT_BY_NAME(.fini_array.*))
 *(.fini_array*)
 .fini_array    0x08002c84        0x4 C:/ST/STM32CubeIDE_1.17.0/STM32CubeIDE/plugins/com.st.stm32cube.ide.mcu.externaltools.gnu-tools-for-stm32.12.3.rel1.win32_1.1.0.202410251130/tools/bin/../lib/gcc/arm-none-eabi/12.3.1/thumb/v7-m/nofp/crtbegin.o
                [!provide]                        PROVIDE (__fini_array_end = .)
                0x08002c88                        . = ALIGN (0x4)
                0x08002c88                        _sidata = LOADADDR (.data)

.rel.dyn        0x08002c88        0x0
 .rel.iplt      0x08002c88        0x0 C:/ST/STM32CubeIDE_1.17.0/STM32CubeIDE/plugins/com.st.stm32cube.ide.mcu.externaltools.gnu-tools-for-stm32.12.3.rel1.win32_1.1.0.202410251130/tools/bin/../lib/gcc/arm-none-eabi/12.3.1/thumb/v7-m/nofp/crtbegin.o

.data           0x20000000      0x114 load address 0x08002c88
                0x20000000                        . = ALIGN (0x4)
                0x20000000                        _sdata = .
 *(.data)
 *(.data*)
 .data.clock_setting
                0x20000000        0x6 ./Drivers/Src/Clk.o
                0x20000000                clock_setting
 *fill*         0x20000006        0x2 
 .data.p        0x20000008        0x4 ./Drivers/Src/Clk.o
                0x20000008                p
 .data.ahb_prescaler_1
                0x2000000c       0x10 ./Drivers/Src/Clk.o
                0x2000000c                ahb_prescaler_1
 .data.apb_prescaler_1
                0x2000001c        0x8 ./Drivers/Src/Clk.o
                0x2000001c                apb_prescaler_1
 .data.pll_multiplier
                0x20000024       0x10 ./Drivers/Src/Clk.o
                0x20000024                pll_multiplier
 .data.io_initial_config
                0x20000034       0x90 ./Drivers/Src/GPIO.o
                0x20000034                io_initial_config
 .data._impure_ptr
                0x200000c4        0x4 C:/ST/STM32CubeIDE_1.17.0/STM32CubeIDE/plugins/com.st.stm32cube.ide.mcu.externaltools.gnu-tools-for-stm32.12.3.rel1.win32_1.1.0.202410251130/tools/bin/../lib/gcc/arm-none-eabi/12.3.1/../../../../arm-none-eabi/lib/thumb/v7-m/nofp\libc_nano.a(libc_a-impure.o)
                0x200000c4                _impure_ptr
 .data._impure_data
                0x200000c8       0x4c C:/ST/STM32CubeIDE_1.17.0/STM32CubeIDE/plugins/com.st.stm32cube.ide.mcu.externaltools.gnu-tools-for-stm32.12.3.rel1.win32_1.1.0.202410251130/tools/bin/../lib/gcc/arm-none-eabi/12.3.1/../../../../arm-none-eabi/lib/thumb/v7-m/nofp\libc_nano.a(libc_a-impure.o)
                0x200000c8                _impure_data
 *(.RamFunc)
 *(.RamFunc*)
                0x20000114                        . = ALIGN (0x4)
                0x20000114                        _edata = .

.igot.plt       0x20000114        0x0 load address 0x08002d9c
 .igot.plt      0x20000114        0x0 C:/ST/STM32CubeIDE_1.17.0/STM32CubeIDE/plugins/com.st.stm32cube.ide.mcu.externaltools.gnu-tools-for-stm32.12.3.rel1.win32_1.1.0.202410251130/tools/bin/../lib/gcc/arm-none-eabi/12.3.1/thumb/v7-m/nofp/crtbegin.o
                0x20000114                        . = ALIGN (0x4)

.bss            0x20000114      0x3cc load address 0x08002d9c
                0x20000114                        _sbss = .
                0x20000114                        __bss_start__ = _sbss
 *(.bss)
 .bss           0x20000114       0x1c C:/ST/STM32CubeIDE_1.17.0/STM32CubeIDE/plugins/com.st.stm32cube.ide.mcu.externaltools.gnu-tools-for-stm32.12.3.rel1.win32_1.1.0.202410251130/tools/bin/../lib/gcc/arm-none-eabi/12.3.1/thumb/v7-m/nofp/crtbegin.o
 *(.bss*)
 .bss.flag_led_on
                0x20000130        0x1 ./Drivers/Src/GPIO.o
                0x20000130                flag_led_on
 .bss.pin       0x20000131        0x1 ./Drivers/Src/GPIO.o
                0x20000131                pin
 .bss.counter_adc_sampling
                0x20000132        0x2 ./Drivers/Src/System.o
                0x20000132                counter_adc_sampling
 .bss.counter_data_transmit
                0x20000134        0x2 ./Drivers/Src/System.o
                0x20000134                counter_data_transmit
 .bss.counter_led_toggle
                0x20000136        0x2 ./Drivers/Src/System.o
                0x20000136                counter_led_toggle
 .bss.counter_systick
                0x20000138        0x4 ./Drivers/Src/System.o
                0x20000138                counter_systick
 .bss.tx_buffer_data
                0x2000013c       0x50 ./Drivers/Src/UART.o
                0x2000013c                tx_buffer_data
 .bss.rx_buffer_data
                0x2000018c       0x50 ./Drivers/Src/UART.o
                0x2000018c                rx_buffer_data
 .bss.tc_buffer
                0x200001dc       0x50 ./Drivers/Src/UART.o
                0x200001dc                tc_buffer
 .bss.tc_buffer_index
                0x2000022c        0x1 ./Drivers/Src/UART.o
                0x2000022c                tc_buffer_index
 *fill*         0x2000022d        0x3 
 .bss.txe_buffer
                0x20000230       0x50 ./Drivers/Src/UART.o
                0x20000230                txe_buffer
 .bss.txe_buffer_index
                0x20000280        0x1 ./Drivers/Src/UART.o
                0x20000280                txe_buffer_index
 *fill*         0x20000281        0x3 
 .bss.usart_2_handle
                0x20000284       0x20 ./Drivers/Src/UART.o
                0x20000284                usart_2_handle
 .bss.usart_3_handle
                0x200002a4       0x20 ./Drivers/Src/UART.o
                0x200002a4                usart_3_handle
 .bss.count_interrupt_enterred
                0x200002c4        0x2 ./Drivers/Src/UART.o
                0x200002c4                count_interrupt_enterred
 .bss.txe_counter
                0x200002c6        0x1 ./Drivers/Src/UART.o
                0x200002c6                txe_counter
 *fill*         0x200002c7        0x1 
 .bss.callback_rx_data
                0x200002c8        0x4 ./Drivers/Src/UART.o
 .bss.buffer    0x200002cc       0xc8 ./Src/app.o
                0x200002cc                buffer
 .bss.__sbrk_heap_end
                0x20000394        0x4 ./Src/sysmem.o
 .bss.__sf      0x20000398      0x138 C:/ST/STM32CubeIDE_1.17.0/STM32CubeIDE/plugins/com.st.stm32cube.ide.mcu.externaltools.gnu-tools-for-stm32.12.3.rel1.win32_1.1.0.202410251130/tools/bin/../lib/gcc/arm-none-eabi/12.3.1/../../../../arm-none-eabi/lib/thumb/v7-m/nofp\libc_nano.a(libc_a-findfp.o)
                0x20000398                __sf
 .bss.errno     0x200004d0        0x4 C:/ST/STM32CubeIDE_1.17.0/STM32CubeIDE/plugins/com.st.stm32cube.ide.mcu.externaltools.gnu-tools-for-stm32.12.3.rel1.win32_1.1.0.202410251130/tools/bin/../lib/gcc/arm-none-eabi/12.3.1/../../../../arm-none-eabi/lib/thumb/v7-m/nofp\libc_nano.a(libc_a-reent.o)
                0x200004d0                errno
 .bss.__lock___malloc_recursive_mutex
                0x200004d4        0x1 C:/ST/STM32CubeIDE_1.17.0/STM32CubeIDE/plugins/com.st.stm32cube.ide.mcu.externaltools.gnu-tools-for-stm32.12.3.rel1.win32_1.1.0.202410251130/tools/bin/../lib/gcc/arm-none-eabi/12.3.1/../../../../arm-none-eabi/lib/thumb/v7-m/nofp\libc_nano.a(libc_a-lock.o)
                0x200004d4                __lock___malloc_recursive_mutex
 *fill*         0x200004d5        0x3 
 .bss.__malloc_sbrk_start
                0x200004d8        0x4 C:/ST/STM32CubeIDE_1.17.0/STM32CubeIDE/plugins/com.st.stm32cube.ide.mcu.externaltools.gnu-tools-for-stm32.12.3.rel1.win32_1.1.0.202410251130/tools/bin/../lib/gcc/arm-none-eabi/12.3.1/../../../../arm-none-eabi/lib/thumb/v7-m/nofp\libc_nano.a(libc_a-mallocr.o)
                0x200004d8                __malloc_sbrk_start
 .bss.__malloc_free_list
                0x200004dc        0x4 C:/ST/STM32CubeIDE_1.17.0/STM32CubeIDE/plugins/com.st.stm32cube.ide.mcu.externaltools.gnu-tools-for-stm32.12.3.rel1.win32_1.1.0.202410251130/tools/bin/../lib/gcc/arm-none-eabi/12.3.1/../../../../arm-none-eabi/lib/thumb/v7-m/nofp\libc_nano.a(libc_a-mallocr.o)
                0x200004dc                __malloc_free_list
 *(COMMON)
                0x200004e0                        . = ALIGN (0x4)
                0x200004e0                        _ebss = .
                0x200004e0                        __bss_end__ = _ebss

._user_heap_stack
                0x200004e0      0x600 load address 0x08002d9c
                0x200004e0                        . = ALIGN (0x8)
                [!provide]                        PROVIDE (end = .)
                0x200004e0                        PROVIDE (_end = .)
                0x200006e0                        . = (. + _Min_Heap_Size)
 *fill*         0x200004e0      0x200 
                0x20000ae0                        . = (. + _Min_Stack_Size)
 *fill*         0x200006e0      0x400 
                0x20000ae0                        . = ALIGN (0x8)

/DISCARD/
 libc.a(*)
 libm.a(*)
 libgcc.a(*)

.ARM.attributes
                0x00000000       0x29
 *(.ARM.attributes)
 .ARM.attributes
                0x00000000       0x1d C:/ST/STM32CubeIDE_1.17.0/STM32CubeIDE/plugins/com.st.stm32cube.ide.mcu.externaltools.gnu-tools-for-stm32.12.3.rel1.win32_1.1.0.202410251130/tools/bin/../lib/gcc/arm-none-eabi/12.3.1/thumb/v7-m/nofp/crti.o
 .ARM.attributes
                0x0000001d       0x2d C:/ST/STM32CubeIDE_1.17.0/STM32CubeIDE/plugins/com.st.stm32cube.ide.mcu.externaltools.gnu-tools-for-stm32.12.3.rel1.win32_1.1.0.202410251130/tools/bin/../lib/gcc/arm-none-eabi/12.3.1/thumb/v7-m/nofp/crtbegin.o
 .ARM.attributes
                0x0000004a       0x2d ./Drivers/Src/Clk.o
 .ARM.attributes
                0x00000077       0x2d ./Drivers/Src/GPIO.o
 .ARM.attributes
                0x000000a4       0x2d ./Drivers/Src/System.o
 .ARM.attributes
                0x000000d1       0x2d ./Drivers/Src/UART.o
 .ARM.attributes
                0x000000fe       0x2d ./Drivers/Src/common.o
 .ARM.attributes
                0x0000012b       0x2d ./Drivers/Src/crc.o
 .ARM.attributes
                0x00000158       0x2d ./Src/app.o
 .ARM.attributes
                0x00000185       0x2d ./Src/main.o
 .ARM.attributes
                0x000001b2       0x2d ./Src/sysmem.o
 .ARM.attributes
                0x000001df       0x21 ./Startup/startup_stm32f103c8tx.o
 .ARM.attributes
                0x00000200       0x2d C:/ST/STM32CubeIDE_1.17.0/STM32CubeIDE/plugins/com.st.stm32cube.ide.mcu.externaltools.gnu-tools-for-stm32.12.3.rel1.win32_1.1.0.202410251130/tools/bin/../lib/gcc/arm-none-eabi/12.3.1/../../../../arm-none-eabi/lib/thumb/v7-m/nofp\libc_nano.a(libc_a-findfp.o)
 .ARM.attributes
                0x0000022d       0x2d C:/ST/STM32CubeIDE_1.17.0/STM32CubeIDE/plugins/com.st.stm32cube.ide.mcu.externaltools.gnu-tools-for-stm32.12.3.rel1.win32_1.1.0.202410251130/tools/bin/../lib/gcc/arm-none-eabi/12.3.1/../../../../arm-none-eabi/lib/thumb/v7-m/nofp\libc_nano.a(libc_a-vsprintf.o)
 .ARM.attributes
                0x0000025a       0x2d C:/ST/STM32CubeIDE_1.17.0/STM32CubeIDE/plugins/com.st.stm32cube.ide.mcu.externaltools.gnu-tools-for-stm32.12.3.rel1.win32_1.1.0.202410251130/tools/bin/../lib/gcc/arm-none-eabi/12.3.1/../../../../arm-none-eabi/lib/thumb/v7-m/nofp\libc_nano.a(libc_a-reent.o)
 .ARM.attributes
                0x00000287       0x2d C:/ST/STM32CubeIDE_1.17.0/STM32CubeIDE/plugins/com.st.stm32cube.ide.mcu.externaltools.gnu-tools-for-stm32.12.3.rel1.win32_1.1.0.202410251130/tools/bin/../lib/gcc/arm-none-eabi/12.3.1/../../../../arm-none-eabi/lib/thumb/v7-m/nofp\libc_nano.a(libc_a-impure.o)
 .ARM.attributes
                0x000002b4       0x2d C:/ST/STM32CubeIDE_1.17.0/STM32CubeIDE/plugins/com.st.stm32cube.ide.mcu.externaltools.gnu-tools-for-stm32.12.3.rel1.win32_1.1.0.202410251130/tools/bin/../lib/gcc/arm-none-eabi/12.3.1/../../../../arm-none-eabi/lib/thumb/v7-m/nofp\libc_nano.a(libc_a-errno.o)
 .ARM.attributes
                0x000002e1       0x2d C:/ST/STM32CubeIDE_1.17.0/STM32CubeIDE/plugins/com.st.stm32cube.ide.mcu.externaltools.gnu-tools-for-stm32.12.3.rel1.win32_1.1.0.202410251130/tools/bin/../lib/gcc/arm-none-eabi/12.3.1/../../../../arm-none-eabi/lib/thumb/v7-m/nofp\libc_nano.a(libc_a-init.o)
 .ARM.attributes
                0x0000030e       0x2d C:/ST/STM32CubeIDE_1.17.0/STM32CubeIDE/plugins/com.st.stm32cube.ide.mcu.externaltools.gnu-tools-for-stm32.12.3.rel1.win32_1.1.0.202410251130/tools/bin/../lib/gcc/arm-none-eabi/12.3.1/../../../../arm-none-eabi/lib/thumb/v7-m/nofp\libc_nano.a(libc_a-lock.o)
 .ARM.attributes
                0x0000033b       0x2d C:/ST/STM32CubeIDE_1.17.0/STM32CubeIDE/plugins/com.st.stm32cube.ide.mcu.externaltools.gnu-tools-for-stm32.12.3.rel1.win32_1.1.0.202410251130/tools/bin/../lib/gcc/arm-none-eabi/12.3.1/../../../../arm-none-eabi/lib/thumb/v7-m/nofp\libc_nano.a(libc_a-freer.o)
 .ARM.attributes
                0x00000368       0x2d C:/ST/STM32CubeIDE_1.17.0/STM32CubeIDE/plugins/com.st.stm32cube.ide.mcu.externaltools.gnu-tools-for-stm32.12.3.rel1.win32_1.1.0.202410251130/tools/bin/../lib/gcc/arm-none-eabi/12.3.1/../../../../arm-none-eabi/lib/thumb/v7-m/nofp\libc_nano.a(libc_a-mallocr.o)
 .ARM.attributes
                0x00000395       0x2d C:/ST/STM32CubeIDE_1.17.0/STM32CubeIDE/plugins/com.st.stm32cube.ide.mcu.externaltools.gnu-tools-for-stm32.12.3.rel1.win32_1.1.0.202410251130/tools/bin/../lib/gcc/arm-none-eabi/12.3.1/../../../../arm-none-eabi/lib/thumb/v7-m/nofp\libc_nano.a(libc_a-mlock.o)
 .ARM.attributes
                0x000003c2       0x2d C:/ST/STM32CubeIDE_1.17.0/STM32CubeIDE/plugins/com.st.stm32cube.ide.mcu.externaltools.gnu-tools-for-stm32.12.3.rel1.win32_1.1.0.202410251130/tools/bin/../lib/gcc/arm-none-eabi/12.3.1/../../../../arm-none-eabi/lib/thumb/v7-m/nofp\libc_nano.a(libc_a-nano-svfprintf.o)
 .ARM.attributes
                0x000003ef       0x2d C:/ST/STM32CubeIDE_1.17.0/STM32CubeIDE/plugins/com.st.stm32cube.ide.mcu.externaltools.gnu-tools-for-stm32.12.3.rel1.win32_1.1.0.202410251130/tools/bin/../lib/gcc/arm-none-eabi/12.3.1/../../../../arm-none-eabi/lib/thumb/v7-m/nofp\libc_nano.a(libc_a-nano-vfprintf_i.o)
 .ARM.attributes
                0x0000041c       0x2d C:/ST/STM32CubeIDE_1.17.0/STM32CubeIDE/plugins/com.st.stm32cube.ide.mcu.externaltools.gnu-tools-for-stm32.12.3.rel1.win32_1.1.0.202410251130/tools/bin/../lib/gcc/arm-none-eabi/12.3.1/../../../../arm-none-eabi/lib/thumb/v7-m/nofp\libc_nano.a(libc_a-memmove.o)
 .ARM.attributes
                0x00000449       0x2d C:/ST/STM32CubeIDE_1.17.0/STM32CubeIDE/plugins/com.st.stm32cube.ide.mcu.externaltools.gnu-tools-for-stm32.12.3.rel1.win32_1.1.0.202410251130/tools/bin/../lib/gcc/arm-none-eabi/12.3.1/../../../../arm-none-eabi/lib/thumb/v7-m/nofp\libc_nano.a(libc_a-sbrkr.o)
 .ARM.attributes
                0x00000476       0x2d C:/ST/STM32CubeIDE_1.17.0/STM32CubeIDE/plugins/com.st.stm32cube.ide.mcu.externaltools.gnu-tools-for-stm32.12.3.rel1.win32_1.1.0.202410251130/tools/bin/../lib/gcc/arm-none-eabi/12.3.1/../../../../arm-none-eabi/lib/thumb/v7-m/nofp\libc_nano.a(libc_a-memchr-stub.o)
 .ARM.attributes
                0x000004a3       0x2d C:/ST/STM32CubeIDE_1.17.0/STM32CubeIDE/plugins/com.st.stm32cube.ide.mcu.externaltools.gnu-tools-for-stm32.12.3.rel1.win32_1.1.0.202410251130/tools/bin/../lib/gcc/arm-none-eabi/12.3.1/../../../../arm-none-eabi/lib/thumb/v7-m/nofp\libc_nano.a(libc_a-memcpy-stub.o)
 .ARM.attributes
                0x000004d0       0x2d C:/ST/STM32CubeIDE_1.17.0/STM32CubeIDE/plugins/com.st.stm32cube.ide.mcu.externaltools.gnu-tools-for-stm32.12.3.rel1.win32_1.1.0.202410251130/tools/bin/../lib/gcc/arm-none-eabi/12.3.1/../../../../arm-none-eabi/lib/thumb/v7-m/nofp\libc_nano.a(libc_a-reallocr.o)
 .ARM.attributes
                0x000004fd       0x2d C:/ST/STM32CubeIDE_1.17.0/STM32CubeIDE/plugins/com.st.stm32cube.ide.mcu.externaltools.gnu-tools-for-stm32.12.3.rel1.win32_1.1.0.202410251130/tools/bin/../lib/gcc/arm-none-eabi/12.3.1/../../../../arm-none-eabi/lib/thumb/v7-m/nofp\libc_nano.a(libc_a-msizer.o)
 .ARM.attributes
                0x0000052a       0x1d C:/ST/STM32CubeIDE_1.17.0/STM32CubeIDE/plugins/com.st.stm32cube.ide.mcu.externaltools.gnu-tools-for-stm32.12.3.rel1.win32_1.1.0.202410251130/tools/bin/../lib/gcc/arm-none-eabi/12.3.1/thumb/v7-m/nofp\libgcc.a(_arm_mulsf3.o)
 .ARM.attributes
                0x00000547       0x1d C:/ST/STM32CubeIDE_1.17.0/STM32CubeIDE/plugins/com.st.stm32cube.ide.mcu.externaltools.gnu-tools-for-stm32.12.3.rel1.win32_1.1.0.202410251130/tools/bin/../lib/gcc/arm-none-eabi/12.3.1/thumb/v7-m/nofp\libgcc.a(_arm_addsubdf3.o)
 .ARM.attributes
                0x00000564       0x1d C:/ST/STM32CubeIDE_1.17.0/STM32CubeIDE/plugins/com.st.stm32cube.ide.mcu.externaltools.gnu-tools-for-stm32.12.3.rel1.win32_1.1.0.202410251130/tools/bin/../lib/gcc/arm-none-eabi/12.3.1/thumb/v7-m/nofp\libgcc.a(_arm_muldivdf3.o)
 .ARM.attributes
                0x00000581       0x1d C:/ST/STM32CubeIDE_1.17.0/STM32CubeIDE/plugins/com.st.stm32cube.ide.mcu.externaltools.gnu-tools-for-stm32.12.3.rel1.win32_1.1.0.202410251130/tools/bin/../lib/gcc/arm-none-eabi/12.3.1/thumb/v7-m/nofp\libgcc.a(_arm_truncdfsf2.o)
 .ARM.attributes
                0x0000059e       0x1d C:/ST/STM32CubeIDE_1.17.0/STM32CubeIDE/plugins/com.st.stm32cube.ide.mcu.externaltools.gnu-tools-for-stm32.12.3.rel1.win32_1.1.0.202410251130/tools/bin/../lib/gcc/arm-none-eabi/12.3.1/thumb/v7-m/nofp\libgcc.a(_arm_addsubsf3.o)
 .ARM.attributes
                0x000005bb       0x1d C:/ST/STM32CubeIDE_1.17.0/STM32CubeIDE/plugins/com.st.stm32cube.ide.mcu.externaltools.gnu-tools-for-stm32.12.3.rel1.win32_1.1.0.202410251130/tools/bin/../lib/gcc/arm-none-eabi/12.3.1/thumb/v7-m/nofp\libgcc.a(_arm_cmpsf2.o)
 .ARM.attributes
                0x000005d8       0x1d C:/ST/STM32CubeIDE_1.17.0/STM32CubeIDE/plugins/com.st.stm32cube.ide.mcu.externaltools.gnu-tools-for-stm32.12.3.rel1.win32_1.1.0.202410251130/tools/bin/../lib/gcc/arm-none-eabi/12.3.1/thumb/v7-m/nofp\libgcc.a(_arm_fixsfsi.o)
 .ARM.attributes
                0x000005f5       0x1d C:/ST/STM32CubeIDE_1.17.0/STM32CubeIDE/plugins/com.st.stm32cube.ide.mcu.externaltools.gnu-tools-for-stm32.12.3.rel1.win32_1.1.0.202410251130/tools/bin/../lib/gcc/arm-none-eabi/12.3.1/thumb/v7-m/nofp\libgcc.a(_arm_fixunssfsi.o)
 .ARM.attributes
                0x00000612       0x1d C:/ST/STM32CubeIDE_1.17.0/STM32CubeIDE/plugins/com.st.stm32cube.ide.mcu.externaltools.gnu-tools-for-stm32.12.3.rel1.win32_1.1.0.202410251130/tools/bin/../lib/gcc/arm-none-eabi/12.3.1/thumb/v7-m/nofp/crtn.o
OUTPUT(Bootloader_stm32f103x.elf elf32-littlearm)
LOAD linker stubs
LOAD C:/ST/STM32CubeIDE_1.17.0/STM32CubeIDE/plugins/com.st.stm32cube.ide.mcu.externaltools.gnu-tools-for-stm32.12.3.rel1.win32_1.1.0.202410251130/tools/bin/../lib/gcc/arm-none-eabi/12.3.1/../../../../arm-none-eabi/lib/thumb/v7-m/nofp\libc.a
LOAD C:/ST/STM32CubeIDE_1.17.0/STM32CubeIDE/plugins/com.st.stm32cube.ide.mcu.externaltools.gnu-tools-for-stm32.12.3.rel1.win32_1.1.0.202410251130/tools/bin/../lib/gcc/arm-none-eabi/12.3.1/../../../../arm-none-eabi/lib/thumb/v7-m/nofp\libm.a
LOAD C:/ST/STM32CubeIDE_1.17.0/STM32CubeIDE/plugins/com.st.stm32cube.ide.mcu.externaltools.gnu-tools-for-stm32.12.3.rel1.win32_1.1.0.202410251130/tools/bin/../lib/gcc/arm-none-eabi/12.3.1/thumb/v7-m/nofp\libgcc.a

.debug_info     0x00000000     0x3250
 .debug_info    0x00000000      0x711 ./Drivers/Src/Clk.o
 .debug_info    0x00000711      0x8c0 ./Drivers/Src/GPIO.o
 .debug_info    0x00000fd1      0x3d2 ./Drivers/Src/System.o
 .debug_info    0x000013a3      0xc12 ./Drivers/Src/UART.o
 .debug_info    0x00001fb5      0x463 ./Drivers/Src/common.o
 .debug_info    0x00002418      0x27f ./Drivers/Src/crc.o
 .debug_info    0x00002697      0x7ec ./Src/app.o
 .debug_info    0x00002e83      0x235 ./Src/main.o
 .debug_info    0x000030b8      0x168 ./Src/sysmem.o
 .debug_info    0x00003220       0x30 ./Startup/startup_stm32f103c8tx.o

.debug_abbrev   0x00000000      0xf49
 .debug_abbrev  0x00000000      0x1e5 ./Drivers/Src/Clk.o
 .debug_abbrev  0x000001e5      0x1f1 ./Drivers/Src/GPIO.o
 .debug_abbrev  0x000003d6      0x179 ./Drivers/Src/System.o
 .debug_abbrev  0x0000054f      0x2bb ./Drivers/Src/UART.o
 .debug_abbrev  0x0000080a      0x207 ./Drivers/Src/common.o
 .debug_abbrev  0x00000a11      0x16a ./Drivers/Src/crc.o
 .debug_abbrev  0x00000b7b      0x230 ./Src/app.o
 .debug_abbrev  0x00000dab       0xbe ./Src/main.o
 .debug_abbrev  0x00000e69       0xbc ./Src/sysmem.o
 .debug_abbrev  0x00000f25       0x24 ./Startup/startup_stm32f103c8tx.o

.debug_aranges  0x00000000      0x368
 .debug_aranges
                0x00000000       0x80 ./Drivers/Src/Clk.o
 .debug_aranges
                0x00000080       0x70 ./Drivers/Src/GPIO.o
 .debug_aranges
                0x000000f0       0x38 ./Drivers/Src/System.o
 .debug_aranges
                0x00000128       0xf0 ./Drivers/Src/UART.o
 .debug_aranges
                0x00000218       0x48 ./Drivers/Src/common.o
 .debug_aranges
                0x00000260       0x40 ./Drivers/Src/crc.o
 .debug_aranges
                0x000002a0       0x60 ./Src/app.o
 .debug_aranges
                0x00000300       0x20 ./Src/main.o
 .debug_aranges
                0x00000320       0x20 ./Src/sysmem.o
 .debug_aranges
                0x00000340       0x28 ./Startup/startup_stm32f103c8tx.o

.debug_rnglists
                0x00000000      0x266
 .debug_rnglists
                0x00000000       0x5e ./Drivers/Src/Clk.o
 .debug_rnglists
                0x0000005e       0x51 ./Drivers/Src/GPIO.o
 .debug_rnglists
                0x000000af       0x25 ./Drivers/Src/System.o
 .debug_rnglists
                0x000000d4       0xb4 ./Drivers/Src/UART.o
 .debug_rnglists
                0x00000188       0x31 ./Drivers/Src/common.o
 .debug_rnglists
                0x000001b9       0x2b ./Drivers/Src/crc.o
 .debug_rnglists
                0x000001e4       0x43 ./Src/app.o
 .debug_rnglists
                0x00000227       0x13 ./Src/main.o
 .debug_rnglists
                0x0000023a       0x13 ./Src/sysmem.o
 .debug_rnglists
                0x0000024d       0x19 ./Startup/startup_stm32f103c8tx.o

.debug_macro    0x00000000     0x2125
 .debug_macro   0x00000000       0xd8 ./Drivers/Src/Clk.o
 .debug_macro   0x000000d8      0xaae ./Drivers/Src/Clk.o
 .debug_macro   0x00000b86       0x22 ./Drivers/Src/Clk.o
 .debug_macro   0x00000ba8       0x8e ./Drivers/Src/Clk.o
 .debug_macro   0x00000c36       0x51 ./Drivers/Src/Clk.o
 .debug_macro   0x00000c87      0x103 ./Drivers/Src/Clk.o
 .debug_macro   0x00000d8a       0x6a ./Drivers/Src/Clk.o
 .debug_macro   0x00000df4      0x1df ./Drivers/Src/Clk.o
 .debug_macro   0x00000fd3       0x58 ./Drivers/Src/Clk.o
 .debug_macro   0x0000102b      0x1df ./Drivers/Src/Clk.o
 .debug_macro   0x0000120a       0x3a ./Drivers/Src/Clk.o
 .debug_macro   0x00001244       0x2e ./Drivers/Src/Clk.o
 .debug_macro   0x00001272      0x16c ./Drivers/Src/Clk.o
 .debug_macro   0x000013de       0xf3 ./Drivers/Src/Clk.o
 .debug_macro   0x000014d1      0x114 ./Drivers/Src/GPIO.o
 .debug_macro   0x000015e5       0xf9 ./Drivers/Src/GPIO.o
 .debug_macro   0x000016de       0x28 ./Drivers/Src/GPIO.o
 .debug_macro   0x00001706       0xd2 ./Drivers/Src/System.o
 .debug_macro   0x000017d8       0xd2 ./Drivers/Src/UART.o
 .debug_macro   0x000018aa      0x166 ./Drivers/Src/UART.o
 .debug_macro   0x00001a10       0xcc ./Drivers/Src/common.o
 .debug_macro   0x00001adc       0xcc ./Drivers/Src/crc.o
 .debug_macro   0x00001ba8       0xd7 ./Src/app.o
 .debug_macro   0x00001c7f       0x6a ./Src/app.o
 .debug_macro   0x00001ce9      0x101 ./Src/main.o
 .debug_macro   0x00001dea       0xff ./Src/sysmem.o
 .debug_macro   0x00001ee9      0x23c ./Src/sysmem.o

.debug_line     0x00000000     0x3a45
 .debug_line    0x00000000      0x7ac ./Drivers/Src/Clk.o
 .debug_line    0x000007ac      0x727 ./Drivers/Src/GPIO.o
 .debug_line    0x00000ed3      0x52d ./Drivers/Src/System.o
 .debug_line    0x00001400      0xa8d ./Drivers/Src/UART.o
 .debug_line    0x00001e8d      0x5a1 ./Drivers/Src/common.o
 .debug_line    0x0000242e      0x55f ./Drivers/Src/crc.o
 .debug_line    0x0000298d      0x5de ./Src/app.o
 .debug_line    0x00002f6b      0x4eb ./Src/main.o
 .debug_line    0x00003456      0x574 ./Src/sysmem.o
 .debug_line    0x000039ca       0x7b ./Startup/startup_stm32f103c8tx.o

.debug_str      0x00000000     0x8d11
 .debug_str     0x00000000     0x5665 ./Drivers/Src/Clk.o
                               0x5862 (size before relaxing)
 .debug_str     0x00005665      0x91f ./Drivers/Src/GPIO.o
                               0x5d11 (size before relaxing)
 .debug_str     0x00005f84       0xd8 ./Drivers/Src/System.o
                               0x564c (size before relaxing)
 .debug_str     0x0000605c      0x4cc ./Drivers/Src/UART.o
                               0x5ac4 (size before relaxing)
 .debug_str     0x00006528       0x80 ./Drivers/Src/common.o
                               0x54e8 (size before relaxing)
 .debug_str     0x000065a8       0x8b ./Drivers/Src/crc.o
                               0x539d (size before relaxing)
 .debug_str     0x00006633      0x35e ./Src/app.o
                               0x5891 (size before relaxing)
 .debug_str     0x00006991       0x40 ./Src/main.o
                               0x5735 (size before relaxing)
 .debug_str     0x000069d1     0x2301 ./Src/sysmem.o
                               0x6080 (size before relaxing)
 .debug_str     0x00008cd2       0x3f ./Startup/startup_stm32f103c8tx.o
                                 0x88 (size before relaxing)

.comment        0x00000000       0x43
 .comment       0x00000000       0x43 ./Drivers/Src/Clk.o
                                 0x44 (size before relaxing)
 .comment       0x00000043       0x44 ./Drivers/Src/GPIO.o
 .comment       0x00000043       0x44 ./Drivers/Src/System.o
 .comment       0x00000043       0x44 ./Drivers/Src/UART.o
 .comment       0x00000043       0x44 ./Drivers/Src/common.o
 .comment       0x00000043       0x44 ./Drivers/Src/crc.o
 .comment       0x00000043       0x44 ./Src/app.o
 .comment       0x00000043       0x44 ./Src/main.o
 .comment       0x00000043       0x44 ./Src/sysmem.o

.debug_frame    0x00000000     0x13cc
 .debug_frame   0x00000000      0x200 ./Drivers/Src/Clk.o
 .debug_frame   0x00000200      0x1a8 ./Drivers/Src/GPIO.o
 .debug_frame   0x000003a8       0x98 ./Drivers/Src/System.o
 .debug_frame   0x00000440      0x3fc ./Drivers/Src/UART.o
 .debug_frame   0x0000083c      0x118 ./Drivers/Src/common.o
 .debug_frame   0x00000954       0xc4 ./Drivers/Src/crc.o
 .debug_frame   0x00000a18      0x154 ./Src/app.o
 .debug_frame   0x00000b6c       0x30 ./Src/main.o
 .debug_frame   0x00000b9c       0x34 ./Src/sysmem.o
 .debug_frame   0x00000bd0      0x144 C:/ST/STM32CubeIDE_1.17.0/STM32CubeIDE/plugins/com.st.stm32cube.ide.mcu.externaltools.gnu-tools-for-stm32.12.3.rel1.win32_1.1.0.202410251130/tools/bin/../lib/gcc/arm-none-eabi/12.3.1/../../../../arm-none-eabi/lib/thumb/v7-m/nofp\libc_nano.a(libc_a-findfp.o)
 .debug_frame   0x00000d14       0x3c C:/ST/STM32CubeIDE_1.17.0/STM32CubeIDE/plugins/com.st.stm32cube.ide.mcu.externaltools.gnu-tools-for-stm32.12.3.rel1.win32_1.1.0.202410251130/tools/bin/../lib/gcc/arm-none-eabi/12.3.1/../../../../arm-none-eabi/lib/thumb/v7-m/nofp\libc_nano.a(libc_a-vsprintf.o)
 .debug_frame   0x00000d50       0x38 C:/ST/STM32CubeIDE_1.17.0/STM32CubeIDE/plugins/com.st.stm32cube.ide.mcu.externaltools.gnu-tools-for-stm32.12.3.rel1.win32_1.1.0.202410251130/tools/bin/../lib/gcc/arm-none-eabi/12.3.1/../../../../arm-none-eabi/lib/thumb/v7-m/nofp\libc_nano.a(libc_a-reent.o)
 .debug_frame   0x00000d88       0x20 C:/ST/STM32CubeIDE_1.17.0/STM32CubeIDE/plugins/com.st.stm32cube.ide.mcu.externaltools.gnu-tools-for-stm32.12.3.rel1.win32_1.1.0.202410251130/tools/bin/../lib/gcc/arm-none-eabi/12.3.1/../../../../arm-none-eabi/lib/thumb/v7-m/nofp\libc_nano.a(libc_a-errno.o)
 .debug_frame   0x00000da8       0x2c C:/ST/STM32CubeIDE_1.17.0/STM32CubeIDE/plugins/com.st.stm32cube.ide.mcu.externaltools.gnu-tools-for-stm32.12.3.rel1.win32_1.1.0.202410251130/tools/bin/../lib/gcc/arm-none-eabi/12.3.1/../../../../arm-none-eabi/lib/thumb/v7-m/nofp\libc_nano.a(libc_a-init.o)
 .debug_frame   0x00000dd4       0xb0 C:/ST/STM32CubeIDE_1.17.0/STM32CubeIDE/plugins/com.st.stm32cube.ide.mcu.externaltools.gnu-tools-for-stm32.12.3.rel1.win32_1.1.0.202410251130/tools/bin/../lib/gcc/arm-none-eabi/12.3.1/../../../../arm-none-eabi/lib/thumb/v7-m/nofp\libc_nano.a(libc_a-lock.o)
 .debug_frame   0x00000e84       0x38 C:/ST/STM32CubeIDE_1.17.0/STM32CubeIDE/plugins/com.st.stm32cube.ide.mcu.externaltools.gnu-tools-for-stm32.12.3.rel1.win32_1.1.0.202410251130/tools/bin/../lib/gcc/arm-none-eabi/12.3.1/../../../../arm-none-eabi/lib/thumb/v7-m/nofp\libc_nano.a(libc_a-freer.o)
 .debug_frame   0x00000ebc       0x50 C:/ST/STM32CubeIDE_1.17.0/STM32CubeIDE/plugins/com.st.stm32cube.ide.mcu.externaltools.gnu-tools-for-stm32.12.3.rel1.win32_1.1.0.202410251130/tools/bin/../lib/gcc/arm-none-eabi/12.3.1/../../../../arm-none-eabi/lib/thumb/v7-m/nofp\libc_nano.a(libc_a-mallocr.o)
 .debug_frame   0x00000f0c       0x30 C:/ST/STM32CubeIDE_1.17.0/STM32CubeIDE/plugins/com.st.stm32cube.ide.mcu.externaltools.gnu-tools-for-stm32.12.3.rel1.win32_1.1.0.202410251130/tools/bin/../lib/gcc/arm-none-eabi/12.3.1/../../../../arm-none-eabi/lib/thumb/v7-m/nofp\libc_nano.a(libc_a-mlock.o)
 .debug_frame   0x00000f3c       0x90 C:/ST/STM32CubeIDE_1.17.0/STM32CubeIDE/plugins/com.st.stm32cube.ide.mcu.externaltools.gnu-tools-for-stm32.12.3.rel1.win32_1.1.0.202410251130/tools/bin/../lib/gcc/arm-none-eabi/12.3.1/../../../../arm-none-eabi/lib/thumb/v7-m/nofp\libc_nano.a(libc_a-nano-svfprintf.o)
 .debug_frame   0x00000fcc       0x60 C:/ST/STM32CubeIDE_1.17.0/STM32CubeIDE/plugins/com.st.stm32cube.ide.mcu.externaltools.gnu-tools-for-stm32.12.3.rel1.win32_1.1.0.202410251130/tools/bin/../lib/gcc/arm-none-eabi/12.3.1/../../../../arm-none-eabi/lib/thumb/v7-m/nofp\libc_nano.a(libc_a-nano-vfprintf_i.o)
 .debug_frame   0x0000102c       0x28 C:/ST/STM32CubeIDE_1.17.0/STM32CubeIDE/plugins/com.st.stm32cube.ide.mcu.externaltools.gnu-tools-for-stm32.12.3.rel1.win32_1.1.0.202410251130/tools/bin/../lib/gcc/arm-none-eabi/12.3.1/../../../../arm-none-eabi/lib/thumb/v7-m/nofp\libc_nano.a(libc_a-memmove.o)
 .debug_frame   0x00001054       0x2c C:/ST/STM32CubeIDE_1.17.0/STM32CubeIDE/plugins/com.st.stm32cube.ide.mcu.externaltools.gnu-tools-for-stm32.12.3.rel1.win32_1.1.0.202410251130/tools/bin/../lib/gcc/arm-none-eabi/12.3.1/../../../../arm-none-eabi/lib/thumb/v7-m/nofp\libc_nano.a(libc_a-sbrkr.o)
 .debug_frame   0x00001080       0x28 C:/ST/STM32CubeIDE_1.17.0/STM32CubeIDE/plugins/com.st.stm32cube.ide.mcu.externaltools.gnu-tools-for-stm32.12.3.rel1.win32_1.1.0.202410251130/tools/bin/../lib/gcc/arm-none-eabi/12.3.1/../../../../arm-none-eabi/lib/thumb/v7-m/nofp\libc_nano.a(libc_a-memchr-stub.o)
 .debug_frame   0x000010a8       0x28 C:/ST/STM32CubeIDE_1.17.0/STM32CubeIDE/plugins/com.st.stm32cube.ide.mcu.externaltools.gnu-tools-for-stm32.12.3.rel1.win32_1.1.0.202410251130/tools/bin/../lib/gcc/arm-none-eabi/12.3.1/../../../../arm-none-eabi/lib/thumb/v7-m/nofp\libc_nano.a(libc_a-memcpy-stub.o)
 .debug_frame   0x000010d0       0x3c C:/ST/STM32CubeIDE_1.17.0/STM32CubeIDE/plugins/com.st.stm32cube.ide.mcu.externaltools.gnu-tools-for-stm32.12.3.rel1.win32_1.1.0.202410251130/tools/bin/../lib/gcc/arm-none-eabi/12.3.1/../../../../arm-none-eabi/lib/thumb/v7-m/nofp\libc_nano.a(libc_a-reallocr.o)
 .debug_frame   0x0000110c       0x20 C:/ST/STM32CubeIDE_1.17.0/STM32CubeIDE/plugins/com.st.stm32cube.ide.mcu.externaltools.gnu-tools-for-stm32.12.3.rel1.win32_1.1.0.202410251130/tools/bin/../lib/gcc/arm-none-eabi/12.3.1/../../../../arm-none-eabi/lib/thumb/v7-m/nofp\libc_nano.a(libc_a-msizer.o)
 .debug_frame   0x0000112c       0x24 C:/ST/STM32CubeIDE_1.17.0/STM32CubeIDE/plugins/com.st.stm32cube.ide.mcu.externaltools.gnu-tools-for-stm32.12.3.rel1.win32_1.1.0.202410251130/tools/bin/../lib/gcc/arm-none-eabi/12.3.1/thumb/v7-m/nofp\libgcc.a(_arm_mulsf3.o)
 .debug_frame   0x00001150       0xac C:/ST/STM32CubeIDE_1.17.0/STM32CubeIDE/plugins/com.st.stm32cube.ide.mcu.externaltools.gnu-tools-for-stm32.12.3.rel1.win32_1.1.0.202410251130/tools/bin/../lib/gcc/arm-none-eabi/12.3.1/thumb/v7-m/nofp\libgcc.a(_arm_addsubdf3.o)
 .debug_frame   0x000011fc       0x50 C:/ST/STM32CubeIDE_1.17.0/STM32CubeIDE/plugins/com.st.stm32cube.ide.mcu.externaltools.gnu-tools-for-stm32.12.3.rel1.win32_1.1.0.202410251130/tools/bin/../lib/gcc/arm-none-eabi/12.3.1/thumb/v7-m/nofp\libgcc.a(_arm_muldivdf3.o)
 .debug_frame   0x0000124c       0x24 C:/ST/STM32CubeIDE_1.17.0/STM32CubeIDE/plugins/com.st.stm32cube.ide.mcu.externaltools.gnu-tools-for-stm32.12.3.rel1.win32_1.1.0.202410251130/tools/bin/../lib/gcc/arm-none-eabi/12.3.1/thumb/v7-m/nofp\libgcc.a(_arm_truncdfsf2.o)
 .debug_frame   0x00001270       0x4c C:/ST/STM32CubeIDE_1.17.0/STM32CubeIDE/plugins/com.st.stm32cube.ide.mcu.externaltools.gnu-tools-for-stm32.12.3.rel1.win32_1.1.0.202410251130/tools/bin/../lib/gcc/arm-none-eabi/12.3.1/thumb/v7-m/nofp\libgcc.a(_arm_addsubsf3.o)
 .debug_frame   0x000012bc       0xc8 C:/ST/STM32CubeIDE_1.17.0/STM32CubeIDE/plugins/com.st.stm32cube.ide.mcu.externaltools.gnu-tools-for-stm32.12.3.rel1.win32_1.1.0.202410251130/tools/bin/../lib/gcc/arm-none-eabi/12.3.1/thumb/v7-m/nofp\libgcc.a(_arm_cmpsf2.o)
 .debug_frame   0x00001384       0x24 C:/ST/STM32CubeIDE_1.17.0/STM32CubeIDE/plugins/com.st.stm32cube.ide.mcu.externaltools.gnu-tools-for-stm32.12.3.rel1.win32_1.1.0.202410251130/tools/bin/../lib/gcc/arm-none-eabi/12.3.1/thumb/v7-m/nofp\libgcc.a(_arm_fixsfsi.o)
 .debug_frame   0x000013a8       0x24 C:/ST/STM32CubeIDE_1.17.0/STM32CubeIDE/plugins/com.st.stm32cube.ide.mcu.externaltools.gnu-tools-for-stm32.12.3.rel1.win32_1.1.0.202410251130/tools/bin/../lib/gcc/arm-none-eabi/12.3.1/thumb/v7-m/nofp\libgcc.a(_arm_fixunssfsi.o)

.debug_line_str
                0x00000000       0x6c
 .debug_line_str
                0x00000000       0x6c ./Startup/startup_stm32f103c8tx.o
