Archive member included to satisfy reference by file (symbol)

C:/ST/STM32CubeIDE_1.17.0/STM32CubeIDE/plugins/com.st.stm32cube.ide.mcu.externaltools.gnu-tools-for-stm32.12.3.rel1.win32_1.1.0.202410251130/tools/bin/../lib/gcc/arm-none-eabi/12.3.1/../../../../arm-none-eabi/lib/thumb/v7-m/nofp\libc_nano.a(libc_a-exit.o)
                              C:/ST/STM32CubeIDE_1.17.0/STM32CubeIDE/plugins/com.st.stm32cube.ide.mcu.externaltools.gnu-tools-for-stm32.12.3.rel1.win32_1.1.0.202410251130/tools/bin/../lib/gcc/arm-none-eabi/12.3.1/../../../../arm-none-eabi/lib/thumb/v7-m/nofp/crt0.o (exit)
C:/ST/STM32CubeIDE_1.17.0/STM32CubeIDE/plugins/com.st.stm32cube.ide.mcu.externaltools.gnu-tools-for-stm32.12.3.rel1.win32_1.1.0.202410251130/tools/bin/../lib/gcc/arm-none-eabi/12.3.1/../../../../arm-none-eabi/lib/thumb/v7-m/nofp\libc_nano.a(libc_a-findfp.o)
                              C:/ST/STM32CubeIDE_1.17.0/STM32CubeIDE/plugins/com.st.stm32cube.ide.mcu.externaltools.gnu-tools-for-stm32.12.3.rel1.win32_1.1.0.202410251130/tools/bin/../lib/gcc/arm-none-eabi/12.3.1/../../../../arm-none-eabi/lib/thumb/v7-m/nofp\libc_nano.a(libc_a-exit.o) (__stdio_exit_handler)
C:/ST/STM32CubeIDE_1.17.0/STM32CubeIDE/plugins/com.st.stm32cube.ide.mcu.externaltools.gnu-tools-for-stm32.12.3.rel1.win32_1.1.0.202410251130/tools/bin/../lib/gcc/arm-none-eabi/12.3.1/../../../../arm-none-eabi/lib/thumb/v7-m/nofp\libc_nano.a(libc_a-fwalk.o)
                              C:/ST/STM32CubeIDE_1.17.0/STM32CubeIDE/plugins/com.st.stm32cube.ide.mcu.externaltools.gnu-tools-for-stm32.12.3.rel1.win32_1.1.0.202410251130/tools/bin/../lib/gcc/arm-none-eabi/12.3.1/../../../../arm-none-eabi/lib/thumb/v7-m/nofp\libc_nano.a(libc_a-findfp.o) (_fwalk_sglue)
C:/ST/STM32CubeIDE_1.17.0/STM32CubeIDE/plugins/com.st.stm32cube.ide.mcu.externaltools.gnu-tools-for-stm32.12.3.rel1.win32_1.1.0.202410251130/tools/bin/../lib/gcc/arm-none-eabi/12.3.1/../../../../arm-none-eabi/lib/thumb/v7-m/nofp\libc_nano.a(libc_a-stdio.o)
                              C:/ST/STM32CubeIDE_1.17.0/STM32CubeIDE/plugins/com.st.stm32cube.ide.mcu.externaltools.gnu-tools-for-stm32.12.3.rel1.win32_1.1.0.202410251130/tools/bin/../lib/gcc/arm-none-eabi/12.3.1/../../../../arm-none-eabi/lib/thumb/v7-m/nofp\libc_nano.a(libc_a-findfp.o) (__sread)
C:/ST/STM32CubeIDE_1.17.0/STM32CubeIDE/plugins/com.st.stm32cube.ide.mcu.externaltools.gnu-tools-for-stm32.12.3.rel1.win32_1.1.0.202410251130/tools/bin/../lib/gcc/arm-none-eabi/12.3.1/../../../../arm-none-eabi/lib/thumb/v7-m/nofp\libc_nano.a(libc_a-vsprintf.o)
                              ./Drivers/Src/common.o (vsprintf)
C:/ST/STM32CubeIDE_1.17.0/STM32CubeIDE/plugins/com.st.stm32cube.ide.mcu.externaltools.gnu-tools-for-stm32.12.3.rel1.win32_1.1.0.202410251130/tools/bin/../lib/gcc/arm-none-eabi/12.3.1/../../../../arm-none-eabi/lib/thumb/v7-m/nofp\libc_nano.a(libc_a-memset.o)
                              C:/ST/STM32CubeIDE_1.17.0/STM32CubeIDE/plugins/com.st.stm32cube.ide.mcu.externaltools.gnu-tools-for-stm32.12.3.rel1.win32_1.1.0.202410251130/tools/bin/../lib/gcc/arm-none-eabi/12.3.1/../../../../arm-none-eabi/lib/thumb/v7-m/nofp/crt0.o (memset)
C:/ST/STM32CubeIDE_1.17.0/STM32CubeIDE/plugins/com.st.stm32cube.ide.mcu.externaltools.gnu-tools-for-stm32.12.3.rel1.win32_1.1.0.202410251130/tools/bin/../lib/gcc/arm-none-eabi/12.3.1/../../../../arm-none-eabi/lib/thumb/v7-m/nofp\libc_nano.a(libc_a-closer.o)
                              C:/ST/STM32CubeIDE_1.17.0/STM32CubeIDE/plugins/com.st.stm32cube.ide.mcu.externaltools.gnu-tools-for-stm32.12.3.rel1.win32_1.1.0.202410251130/tools/bin/../lib/gcc/arm-none-eabi/12.3.1/../../../../arm-none-eabi/lib/thumb/v7-m/nofp\libc_nano.a(libc_a-stdio.o) (_close_r)
C:/ST/STM32CubeIDE_1.17.0/STM32CubeIDE/plugins/com.st.stm32cube.ide.mcu.externaltools.gnu-tools-for-stm32.12.3.rel1.win32_1.1.0.202410251130/tools/bin/../lib/gcc/arm-none-eabi/12.3.1/../../../../arm-none-eabi/lib/thumb/v7-m/nofp\libc_nano.a(libc_a-reent.o)
                              C:/ST/STM32CubeIDE_1.17.0/STM32CubeIDE/plugins/com.st.stm32cube.ide.mcu.externaltools.gnu-tools-for-stm32.12.3.rel1.win32_1.1.0.202410251130/tools/bin/../lib/gcc/arm-none-eabi/12.3.1/../../../../arm-none-eabi/lib/thumb/v7-m/nofp\libc_nano.a(libc_a-closer.o) (errno)
C:/ST/STM32CubeIDE_1.17.0/STM32CubeIDE/plugins/com.st.stm32cube.ide.mcu.externaltools.gnu-tools-for-stm32.12.3.rel1.win32_1.1.0.202410251130/tools/bin/../lib/gcc/arm-none-eabi/12.3.1/../../../../arm-none-eabi/lib/thumb/v7-m/nofp\libc_nano.a(libc_a-impure.o)
                              C:/ST/STM32CubeIDE_1.17.0/STM32CubeIDE/plugins/com.st.stm32cube.ide.mcu.externaltools.gnu-tools-for-stm32.12.3.rel1.win32_1.1.0.202410251130/tools/bin/../lib/gcc/arm-none-eabi/12.3.1/../../../../arm-none-eabi/lib/thumb/v7-m/nofp\libc_nano.a(libc_a-vsprintf.o) (_impure_ptr)
[...]
Memory Configuration

Name             Origin             Length             Attributes
RAM              0x20000000         0x00005000         xrw
FLASH            0x08000000         0x00010000         xr
*default*        0x00000000         0xffffffff

Linker script and memory map

LOAD C:/ST/STM32CubeIDE_1.17.0/STM32CubeIDE/plugins/com.st.stm32cube.ide.mcu.externaltools.gnu-tools-for-stm32.12.3.rel1.win32_1.1.0.202410251130/tools/bin/../lib/gcc/arm-none-eabi/12.3.1/thumb/v7-m/nofp/crti.o
LOAD C:/ST/STM32CubeIDE_1.17.0/STM32CubeIDE/plugins/com.st.stm32cube.ide.mcu.externaltools.gnu-tools-for-stm32.12.3.rel1.win32_1.1.0.202410251130/tools/bin/../lib/gcc/arm-none-eabi/12.3.1/thumb/v7-m/nofp/crtbegin.o
LOAD C:/ST/STM32CubeIDE_1.17.0/STM32CubeIDE/plugins/com.st.stm32cube.ide.mcu.externaltools.gnu-tools-for-stm32.12.3.rel1.win32_1.1.0.202410251130/tools/bin/../lib/gcc/arm-none-eabi/12.3.1/../../../../arm-none-eabi/lib/thumb/v7-m/nofp/crt0.o
LOAD ./Drivers/Src/Clk.o
LOAD ./Drivers/Src/GPIO.o
LOAD ./Drivers/Src/System.o
LOAD ./Drivers/Src/UART.o
LOAD ./Drivers/Src/common.o
LOAD ./Drivers/Src/crc.o
LOAD ./Src/app.o
LOAD ./Src/main.o
LOAD ./Src/syscalls.o
LOAD ./Src/sysmem.o
LOAD ./Startup/startup_stm32f103c8tx.o
START GROUP
LOAD C:/ST/STM32CubeIDE_1.17.0/STM32CubeIDE/plugins/com.st.stm32cube.ide.mcu.externaltools.gnu-tools-for-stm32.12.3.rel1.win32_1.1.0.202410251130/tools/bin/../lib/gcc/arm-none-eabi/12.3.1/../../../../arm-none-eabi/lib/thumb/v7-m/nofp\libc_nano.a
LOAD C:/ST/STM32CubeIDE_1.17.0/STM32CubeIDE/plugins/com.st.stm32cube.ide.mcu.externaltools.gnu-tools-for-stm32.12.3.rel1.win32_1.1.0.202410251130/tools/bin/../lib/gcc/arm-none-eabi/12.3.1/../../../../arm-none-eabi/lib/thumb/v7-m/nofp\libm.a
END GROUP
START GROUP
LOAD C:/ST/STM32CubeIDE_1.17.0/STM32CubeIDE/plugins/com.st.stm32cube.ide.mcu.externaltools.gnu-tools-for-stm32.12.3.rel1.win32_1.1.0.202410251130/tools/bin/../lib/gcc/arm-none-eabi/12.3.1/thumb/v7-m/nofp\libgcc.a
LOAD C:/ST/STM32CubeIDE_1.17.0/STM32CubeIDE/plugins/com.st.stm32cube.ide.mcu.externaltools.gnu-tools-for-stm32.12.3.rel1.win32_1.1.0.202410251130/tools/bin/../lib/gcc/arm-none-eabi/12.3.1/../../../../arm-none-eabi/lib/thumb/v7-m/nofp\libc_nano.a
END GROUP
START GROUP
LOAD C:/ST/STM32CubeIDE_1.17.0/STM32CubeIDE/plugins/com.st.stm32cube.ide.mcu.externaltools.gnu-tools-for-stm32.12.3.rel1.win32_1.1.0.202410251130/tools/bin/../lib/gcc/arm-none-eabi/12.3.1/thumb/v7-m/nofp\libgcc.a
LOAD C:/ST/STM32CubeIDE_1.17.0/STM32CubeIDE/plugins/com.st.stm32cube.ide.mcu.externaltools.gnu-tools-for-stm32.12.3.rel1.win32_1.1.0.202410251130/tools/bin/../lib/gcc/arm-none-eabi/12.3.1/../../../../arm-none-eabi/lib/thumb/v7-m/nofp\libc_nano.a
LOAD C:/ST/STM32CubeIDE_1.17.0/STM32CubeIDE/plugins/com.st.stm32cube.ide.mcu.externaltools.gnu-tools-for-stm32.12.3.rel1.win32_1.1.0.202410251130/tools/bin/../lib/gcc/arm-none-eabi/12.3.1/../../../../arm-none-eabi/lib/thumb/v7-m/nofp\libnosys.a
END GROUP
START GROUP
LOAD C:/ST/STM32CubeIDE_1.17.0/STM32CubeIDE/plugins/com.st.stm32cube.ide.mcu.externaltools.gnu-tools-for-stm32.12.3.rel1.win32_1.1.0.202410251130/tools/bin/../lib/gcc/arm-none-eabi/12.3.1/thumb/v7-m/nofp\libgcc.a
LOAD C:/ST/STM32CubeIDE_1.17.0/STM32CubeIDE/plugins/com.st.stm32cube.ide.mcu.externaltools.gnu-tools-for-stm32.12.3.rel1.win32_1.1.0.202410251130/tools/bin/../lib/gcc/arm-none-eabi/12.3.1/../../../../arm-none-eabi/lib/thumb/v7-m/nofp\libc_nano.a
LOAD C:/ST/STM32CubeIDE_1.17.0/STM32CubeIDE/plugins/com.st.stm32cube.ide.mcu.externaltools.gnu-tools-for-stm32.12.3.rel1.win32_1.1.0.202410251130/tools/bin/../lib/gcc/arm-none-eabi/12.3.1/../../../../arm-none-eabi/lib/thumb/v7-m/nofp\libnosys.a
END GROUP
LOAD C:/ST/STM32CubeIDE_1.17.0/STM32CubeIDE/plugins/com.st.stm32cube.ide.mcu.externaltools.gnu-tools-for-stm32.12.3.rel1.win32_1.1.0.202410251130/tools/bin/../lib/gcc/arm-none-eabi/12.3.1/thumb/v7-m/nofp/crtend.o
LOAD C:/ST/STM32CubeIDE_1.17.0/STM32CubeIDE/plugins/com.st.stm32cube.ide.mcu.externaltools.gnu-tools-for-stm32.12.3.rel1.win32_1.1.0.202410251130/tools/bin/../lib/gcc/arm-none-eabi/12.3.1/thumb/v7-m/nofp/crtn.o
                0x20005000                        _estack = (ORIGIN (RAM) + LENGTH (RAM))
                0x00000200                        _Min_Heap_Size = 0x200
                0x00000400                        _Min_Stack_Size = 0x400

.isr_vector     0x08000000      0x130
                0x08000000                        . = ALIGN (0x4)
 *(.isr_vector)
 .isr_vector    0x08000000      0x130 ./Startup/startup_stm32f103c8tx.o
                0x08000000                g_pfnVectors
                0x08000130                        . = ALIGN (0x4)

.text           0x08000130     0x281c
                0x08000130                        . = ALIGN (0x4)
 *(.text)
 .text          0x08000130       0x40 C:/ST/STM32CubeIDE_1.17.0/STM32CubeIDE/plugins/com.st.stm32cube.ide.mcu.externaltools.gnu-tools-for-stm32.12.3.rel1.win32_1.1.0.202410251130/tools/bin/../lib/gcc/arm-none-eabi/12.3.1/thumb/v7-m/nofp/crtbegin.o
 .text          0x08000170      0x168 C:/ST/STM32CubeIDE_1.17.0/STM32CubeIDE/plugins/com.st.stm32cube.ide.mcu.externaltools.gnu-tools-for-stm32.12.3.rel1.win32_1.1.0.202410251130/tools/bin/../lib/gcc/arm-none-eabi/12.3.1/thumb/v7-m/nofp\libgcc.a(_arm_mulsf3.o)
                0x08000170                __aeabi_fmul
                0x08000170                __mulsf3
 .text          0x080002d8      0x378 C:/ST/STM32CubeIDE_1.17.0/STM32CubeIDE/plugins/com.st.stm32cube.ide.mcu.externaltools.gnu-tools-for-stm32.12.3.rel1.win32_1.1.0.202410251130/tools/bin/../lib/gcc/arm-none-eabi/12.3.1/thumb/v7-m/nofp\libgcc.a(_arm_addsubdf3.o)
                0x080002d8                __aeabi_drsub
                0x080002e0                __aeabi_dsub
                0x080002e0                __subdf3
                0x080002e4                __aeabi_dadd
                0x080002e4                __adddf3
                0x0800055c                __floatunsidf
                0x0800055c                __aeabi_ui2d
                0x0800057c                __floatsidf
                0x0800057c                __aeabi_i2d
                0x080005a0                __aeabi_f2d
                0x080005a0                __extendsfdf2
                0x080005e4                __floatundidf
                0x080005e4                __aeabi_ul2d
                0x080005f4                __floatdidf
                0x080005f4                __aeabi_l2d
 .text          0x08000650      0x424 C:/ST/STM32CubeIDE_1.17.0/STM32CubeIDE/plugins/com.st.stm32cube.ide.mcu.externaltools.gnu-tools-for-stm32.12.3.rel1.win32_1.1.0.202410251130/tools/bin/../lib/gcc/arm-none-eabi/12.3.1/thumb/v7-m/nofp\libgcc.a(_arm_muldivdf3.o)
                0x08000650                __aeabi_dmul
                0x08000650                __muldf3
                0x080008a4                __divdf3
                0x080008a4                __aeabi_ddiv
 .text          0x08000a74       0xa0 C:/ST/STM32CubeIDE_1.17.0/STM32CubeIDE/plugins/com.st.stm32cube.ide.mcu.externaltools.gnu-tools-for-stm32.12.3.rel1.win32_1.1.0.202410251130/tools/bin/../lib/gcc/arm-none-eabi/12.3.1/thumb/v7-m/nofp\libgcc.a(_arm_truncdfsf2.o)
                0x08000a74                __truncdfsf2
                0x08000a74                __aeabi_d2f
 .text          0x08000b14      0x21c C:/ST/STM32CubeIDE_1.17.0/STM32CubeIDE/plugins/com.st.stm32cube.ide.mcu.externaltools.gnu-tools-for-stm32.12.3.rel1.win32_1.1.0.202410251130/tools/bin/../lib/gcc/arm-none-eabi/12.3.1/thumb/v7-m/nofp\libgcc.a(_arm_addsubsf3.o)
                0x08000b14                __aeabi_frsub
                0x08000b1c                __subsf3
                0x08000b1c                __aeabi_fsub
                0x08000b20                __aeabi_fadd
                0x08000b20                __addsf3
                0x08000c80                __aeabi_ui2f
                0x08000c80                __floatunsisf
                0x08000c88                __aeabi_i2f
                0x08000c88                __floatsisf
                0x08000ca4                __aeabi_ul2f
                0x08000ca4                __floatundisf
                0x08000cb4                __aeabi_l2f
                0x08000cb4                __floatdisf
 .text          0x08000d30       0xec C:/ST/STM32CubeIDE_1.17.0/STM32CubeIDE/plugins/com.st.stm32cube.ide.mcu.externaltools.gnu-tools-for-stm32.12.3.rel1.win32_1.1.0.202410251130/tools/bin/../lib/gcc/arm-none-eabi/12.3.1/thumb/v7-m/nofp\libgcc.a(_arm_cmpsf2.o)
                0x08000d30                __gesf2
                0x08000d30                __gtsf2
                0x08000d38                __lesf2
                0x08000d38                __ltsf2
                0x08000d40                __nesf2
                0x08000d40                __eqsf2
                0x08000d40                __cmpsf2
                0x08000da0                __aeabi_cfrcmple
                0x08000da8                __aeabi_cfcmpeq
                0x08000da8                __aeabi_cfcmple
                0x08000db8                __aeabi_fcmpeq
                0x08000dcc                __aeabi_fcmplt
                0x08000de0                __aeabi_fcmple
                0x08000df4                __aeabi_fcmpge
                0x08000e08                __aeabi_fcmpgt
 .text          0x08000e1c       0x4c C:/ST/STM32CubeIDE_1.17.0/STM32CubeIDE/plugins/com.st.stm32cube.ide.mcu.externaltools.gnu-tools-for-stm32.12.3.rel1.win32_1.1.0.202410251130/tools/bin/../lib/gcc/arm-none-eabi/12.3.1/thumb/v7-m/nofp\libgcc.a(_arm_fixsfsi.o)
                0x08000e1c                __aeabi_f2iz
                0x08000e1c                __fixsfsi
 .text          0x08000e68       0x40 C:/ST/STM32CubeIDE_1.17.0/STM32CubeIDE/plugins/com.st.stm32cube.ide.mcu.externaltools.gnu-tools-for-stm32.12.3.rel1.win32_1.1.0.202410251130/tools/bin/../lib/gcc/arm-none-eabi/12.3.1/thumb/v7-m/nofp\libgcc.a(_arm_fixunssfsi.o)
                0x08000e68                __fixunssfsi
                0x08000e68                __aeabi_f2uiz
 *(.text*)
 .text.clock_init
                0x08000ea8       0x6c ./Drivers/Src/Clk.o
                0x08000ea8                clock_init
 .text.system_clock_set
                0x08000f14       0xd4 ./Drivers/Src/Clk.o
                0x08000f14                system_clock_set
 .text.pll_clk_config
                0x08000fe8       0x54 ./Drivers/Src/Clk.o
                0x08000fe8                pll_clk_config
 .text.ahb_clk_set
                0x0800103c       0x34 ./Drivers/Src/Clk.o
                0x0800103c                ahb_clk_set
 .text.apb1_clk_set
                0x08001070       0x34 ./Drivers/Src/Clk.o
                0x08001070                apb1_clk_set
 .text.apb2_clk_set
                0x080010a4       0x34 ./Drivers/Src/Clk.o
                0x080010a4                apb2_clk_set
 .text.apb2_peripheral_clock_en
                0x080010d8       0x24 ./Drivers/Src/Clk.o
                0x080010d8                apb2_peripheral_clock_en
 .text.apb1_peripheral_clock_en
                0x080010fc       0x24 ./Drivers/Src/Clk.o
                0x080010fc                apb1_peripheral_clock_en
 .text.ahb_peripheral_clock_en
                0x08001120       0x24 ./Drivers/Src/Clk.o
                0x08001120                ahb_peripheral_clock_en
 .text.apb_get_clock
                0x08001144       0xe8 ./Drivers/Src/Clk.o
                0x08001144                apb_get_clock
 .text.get_pll_clock
                0x0800122c       0x84 ./Drivers/Src/Clk.o
                0x0800122c                get_pll_clock
 .text.lsi_clock_en
                0x080012b0       0x2c ./Drivers/Src/Clk.o
                0x080012b0                lsi_clock_en
 .text.io_port  0x080012dc       0x20 ./Drivers/Src/GPIO.o
 .text.io_pin_bit
                0x080012fc       0x1c ./Drivers/Src/GPIO.o
 .text.io_init  0x08001318       0x3c ./Drivers/Src/GPIO.o
                0x08001318                io_init
 .text.io_config
                0x08001354       0x26 ./Drivers/Src/GPIO.o
                0x08001354                io_config
 *fill*         0x0800137a        0x2 
 .text.io_set_io_mode
                0x0800137c      0x120 ./Drivers/Src/GPIO.o
                0x0800137c                io_set_io_mode
 .text.io_set_out
                0x0800149c       0x74 ./Drivers/Src/GPIO.o
                0x0800149c                io_set_out
 .text.io_get_in
                0x08001510       0x44 ./Drivers/Src/GPIO.o
                0x08001510                io_get_in
 .text.EXTI4_IRQHandler
                0x08001554       0x50 ./Drivers/Src/GPIO.o
                0x08001554                EXTI4_IRQHandler
 .text.systick_init
                0x080015a4       0x2c ./Drivers/Src/System.o
                0x080015a4                systick_init
 .text.SysTick_Handler
                0x080015d0       0x4c ./Drivers/Src/System.o
                0x080015d0                SysTick_Handler
 .text.uart_2_configure_parameter
                0x0800161c       0x58 ./Drivers/Src/UART.o
                0x0800161c                uart_2_configure_parameter
 .text.uart_3_configure_parameter
                0x08001674       0x58 ./Drivers/Src/UART.o
                0x08001674                uart_3_configure_parameter
 .text.usart_init
                0x080016cc       0x96 ./Drivers/Src/UART.o
                0x080016cc                usart_init
 *fill*         0x08001762        0x2 
 .text.usart_set_baudrate
                0x08001764       0xc4 ./Drivers/Src/UART.o
                0x08001764                usart_set_baudrate
 .text.uart_transmit
                0x08001828       0x28 ./Drivers/Src/UART.o
                0x08001828                uart_transmit
 .text.usart_write_polling
                0x08001850       0xbc ./Drivers/Src/UART.o
                0x08001850                usart_write_polling
 .text.usart_en
                0x0800190c       0x1e ./Drivers/Src/UART.o
                0x0800190c                usart_en
 .text.config_stop_bit
                0x0800192a       0x30 ./Drivers/Src/UART.o
                0x0800192a                config_stop_bit
 .text.config_data_word_len
                0x0800195a       0x24 ./Drivers/Src/UART.o
                0x0800195a                config_data_word_len
 .text.config_parity
                0x0800197e       0x3c ./Drivers/Src/UART.o
                0x0800197e                config_parity
 .text.config_mode
                0x080019ba       0x54 ./Drivers/Src/UART.o
                0x080019ba                config_mode
 .text.get_flag_status
                0x08001a0e       0x28 ./Drivers/Src/UART.o
                0x08001a0e                get_flag_status
 *fill*         0x08001a36        0x2 
 .text.usart_interrupt_handling
                0x08001a38      0x238 ./Drivers/Src/UART.o
                0x08001a38                usart_interrupt_handling
 .text.usart_rx_en
                0x08001c70       0x1e ./Drivers/Src/UART.o
                0x08001c70                usart_rx_en
 .text.usart_tx_di
                0x08001c8e       0x1e ./Drivers/Src/UART.o
                0x08001c8e                usart_tx_di
 .text.usart_dma_mode_en_di
                0x08001cac       0x6c ./Drivers/Src/UART.o
                0x08001cac                usart_dma_mode_en_di
 .text.USART2_IRQHandler
                0x08001d18       0x14 ./Drivers/Src/UART.o
                0x08001d18                USART2_IRQHandler
 .text.mcu_init
                0x08001d2c       0x1c ./Drivers/Src/common.o
                0x08001d2c                mcu_init
 .text.round_off
                0x08001d48       0x66 ./Drivers/Src/common.o
                0x08001d48                round_off
 *fill*         0x08001dae        0x2 
 .text.print_msg
                0x08001db0       0x6c ./Drivers/Src/common.o
                0x08001db0                print_msg
 .text.memory_set
                0x08001e1c       0x34 ./Drivers/Src/common.o
                0x08001e1c                memory_set
 .text.str_len  0x08001e50       0x28 ./Drivers/Src/common.o
                0x08001e50                str_len
 .text.jump_to_user_app
                0x08001e78       0x54 ./Src/app.o
                0x08001e78                jump_to_user_app
 .text.set_msp  0x08001ecc       0x18 ./Src/app.o
                0x08001ecc                set_msp
 .text.main     0x08001ee4       0x40 ./Src/main.o
                0x08001ee4                main
 .text._sbrk    0x08001f24       0x6c ./Src/sysmem.o
                0x08001f24                _sbrk
 .text.Reset_Handler
                0x08001f90       0x50 ./Startup/startup_stm32f103c8tx.o
                0x08001f90                Reset_Handler
 .text.Default_Handler
                0x08001fe0        0x2 ./Startup/startup_stm32f103c8tx.o
                0x08001fe0                EXTI2_IRQHandler
                0x08001fe0                TIM8_TRG_COM_IRQHandler
                0x08001fe0                TIM8_CC_IRQHandler
                0x08001fe0                DebugMon_Handler
                0x08001fe0                TIM1_CC_IRQHandler
                0x08001fe0                HardFault_Handler
                0x08001fe0                TIM6_IRQHandler
                0x08001fe0                PVD_IRQHandler
                0x08001fe0                SDIO_IRQHandler
                0x08001fe0                PendSV_Handler
                0x08001fe0                NMI_Handler
                0x08001fe0                EXTI3_IRQHandler
                0x08001fe0                USB_HP_CAN_TX_IRQHandler
                0x08001fe0                EXTI0_IRQHandler
                0x08001fe0                I2C2_EV_IRQHandler
                0x08001fe0                UsageFault_Handler
                0x08001fe0                ADC1_2_IRQHandler
                0x08001fe0                SPI1_IRQHandler
                0x08001fe0                CAN_SCE_IRQHandler
                0x08001fe0                TAMPER_IRQHandler
                0x08001fe0                TIM8_UP_IRQHandler
                0x08001fe0                DMA2_Channel2_IRQHandler
                0x08001fe0                DMA1_Channel4_IRQHandler
                0x08001fe0                USART3_IRQHandler
                0x08001fe0                RTC_IRQHandler
                0x08001fe0                DMA1_Channel7_IRQHandler
                0x08001fe0                UART5_IRQHandler
                0x08001fe0                ADC3_IRQHandler
                0x08001fe0                TIM4_IRQHandler
                0x08001fe0                CAN_RX1_IRQHandler
                0x08001fe0                DMA2_Channel1_IRQHandler
                0x08001fe0                I2C1_EV_IRQHandler
                0x08001fe0                DMA1_Channel6_IRQHandler
                0x08001fe0                UART4_IRQHandler
                0x08001fe0                TIM3_IRQHandler
                0x08001fe0                RCC_IRQHandler
                0x08001fe0                TIM1_TRG_COM_IRQHandler
                0x08001fe0                DMA1_Channel1_IRQHandler
                0x08001fe0                Default_Handler
                0x08001fe0                EXTI15_10_IRQHandler
                0x08001fe0                TIM7_IRQHandler
                0x08001fe0                TIM5_IRQHandler
                0x08001fe0                EXTI9_5_IRQHandler
                0x08001fe0                SPI2_IRQHandler
                0x08001fe0                USB_LP_CAN_RX0_IRQHandler
                0x08001fe0                MemManage_Handler
                0x08001fe0                SVC_Handler
                0x08001fe0                DMA1_Channel5_IRQHandler
                0x08001fe0                DMA1_Channel3_IRQHandler
                0x08001fe0                FSMC_IRQHandler
                0x08001fe0                TIM1_UP_IRQHandler
                0x08001fe0                WWDG_IRQHandler
                0x08001fe0                TIM2_IRQHandler
                0x08001fe0                TIM1_BRK_IRQHandler
                0x08001fe0                EXTI1_IRQHandler
                0x08001fe0                RTCAlarm_IRQHandler
                0x08001fe0                DMA2_Channel4_5_IRQHandler
                0x08001fe0                I2C2_ER_IRQHandler
                0x08001fe0                DMA1_Channel2_IRQHandler
                0x08001fe0                TIM8_BRK_IRQHandler
                0x08001fe0                FLASH_IRQHandler
                0x08001fe0                BusFault_Handler
                0x08001fe0                USART1_IRQHandler
                0x08001fe0                SPI3_IRQHandler
                0x08001fe0                I2C1_ER_IRQHandler
                0x08001fe0                DMA2_Channel3_IRQHandler
 *fill*         0x08001fe2        0x2 
 .text._vsprintf_r
                0x08001fe4       0x2c C:/ST/STM32CubeIDE_1.17.0/STM32CubeIDE/plugins/com.st.stm32cube.ide.mcu.externaltools.gnu-tools-for-stm32.12.3.rel1.win32_1.1.0.202410251130/tools/bin/../lib/gcc/arm-none-eabi/12.3.1/../../../../arm-none-eabi/lib/thumb/v7-m/nofp\libc_nano.a(libc_a-vsprintf.o)
                0x08001fe4                _vsprintf_r
                0x08001fe4                _vsiprintf_r
 .text.vsprintf
                0x08002010       0x14 C:/ST/STM32CubeIDE_1.17.0/STM32CubeIDE/plugins/com.st.stm32cube.ide.mcu.externaltools.gnu-tools-for-stm32.12.3.rel1.win32_1.1.0.202410251130/tools/bin/../lib/gcc/arm-none-eabi/12.3.1/../../../../arm-none-eabi/lib/thumb/v7-m/nofp\libc_nano.a(libc_a-vsprintf.o)
                0x08002010                vsiprintf
                0x08002010                vsprintf
 .text.__errno  0x08002024        0xc C:/ST/STM32CubeIDE_1.17.0/STM32CubeIDE/plugins/com.st.stm32cube.ide.mcu.externaltools.gnu-tools-for-stm32.12.3.rel1.win32_1.1.0.202410251130/tools/bin/../lib/gcc/arm-none-eabi/12.3.1/../../../../arm-none-eabi/lib/thumb/v7-m/nofp\libc_nano.a(libc_a-errno.o)
                0x08002024                __errno
 .text.__libc_init_array
                0x08002030       0x48 C:/ST/STM32CubeIDE_1.17.0/STM32CubeIDE/plugins/com.st.stm32cube.ide.mcu.externaltools.gnu-tools-for-stm32.12.3.rel1.win32_1.1.0.202410251130/tools/bin/../lib/gcc/arm-none-eabi/12.3.1/../../../../arm-none-eabi/lib/thumb/v7-m/nofp\libc_nano.a(libc_a-init.o)
                0x08002030                __libc_init_array
 .text.__retarget_lock_acquire_recursive
                0x08002078        0x2 C:/ST/STM32CubeIDE_1.17.0/STM32CubeIDE/plugins/com.st.stm32cube.ide.mcu.externaltools.gnu-tools-for-stm32.12.3.rel1.win32_1.1.0.202410251130/tools/bin/../lib/gcc/arm-none-eabi/12.3.1/../../../../arm-none-eabi/lib/thumb/v7-m/nofp\libc_nano.a(libc_a-lock.o)
                0x08002078                __retarget_lock_acquire_recursive
 .text.__retarget_lock_release_recursive
                0x0800207a        0x2 C:/ST/STM32CubeIDE_1.17.0/STM32CubeIDE/plugins/com.st.stm32cube.ide.mcu.externaltools.gnu-tools-for-stm32.12.3.rel1.win32_1.1.0.202410251130/tools/bin/../lib/gcc/arm-none-eabi/12.3.1/../../../../arm-none-eabi/lib/thumb/v7-m/nofp\libc_nano.a(libc_a-lock.o)
                0x0800207a                __retarget_lock_release_recursive
 .text._free_r  0x0800207c       0x90 C:/ST/STM32CubeIDE_1.17.0/STM32CubeIDE/plugins/com.st.stm32cube.ide.mcu.externaltools.gnu-tools-for-stm32.12.3.rel1.win32_1.1.0.202410251130/tools/bin/../lib/gcc/arm-none-eabi/12.3.1/../../../../arm-none-eabi/lib/thumb/v7-m/nofp\libc_nano.a(libc_a-freer.o)
                0x0800207c                _free_r
 .text.sbrk_aligned
                0x0800210c       0x44 C:/ST/STM32CubeIDE_1.17.0/STM32CubeIDE/plugins/com.st.stm32cube.ide.mcu.externaltools.gnu-tools-for-stm32.12.3.rel1.win32_1.1.0.202410251130/tools/bin/../lib/gcc/arm-none-eabi/12.3.1/../../../../arm-none-eabi/lib/thumb/v7-m/nofp\libc_nano.a(libc_a-mallocr.o)
 .text._malloc_r
                0x08002150      0x100 C:/ST/STM32CubeIDE_1.17.0/STM32CubeIDE/plugins/com.st.stm32cube.ide.mcu.externaltools.gnu-tools-for-stm32.12.3.rel1.win32_1.1.0.202410251130/tools/bin/../lib/gcc/arm-none-eabi/12.3.1/../../../../arm-none-eabi/lib/thumb/v7-m/nofp\libc_nano.a(libc_a-mallocr.o)
                0x08002150                _malloc_r
 .text.__malloc_lock
                0x08002250        0xc C:/ST/STM32CubeIDE_1.17.0/STM32CubeIDE/plugins/com.st.stm32cube.ide.mcu.externaltools.gnu-tools-for-stm32.12.3.rel1.win32_1.1.0.202410251130/tools/bin/../lib/gcc/arm-none-eabi/12.3.1/../../../../arm-none-eabi/lib/thumb/v7-m/nofp\libc_nano.a(libc_a-mlock.o)
                0x08002250                __malloc_lock
 .text.__malloc_unlock
                0x0800225c        0xc C:/ST/STM32CubeIDE_1.17.0/STM32CubeIDE/plugins/com.st.stm32cube.ide.mcu.externaltools.gnu-tools-for-stm32.12.3.rel1.win32_1.1.0.202410251130/tools/bin/../lib/gcc/arm-none-eabi/12.3.1/../../../../arm-none-eabi/lib/thumb/v7-m/nofp\libc_nano.a(libc_a-mlock.o)
                0x0800225c                __malloc_unlock
 .text.__ssputs_r
                0x08002268       0xb6 C:/ST/STM32CubeIDE_1.17.0/STM32CubeIDE/plugins/com.st.stm32cube.ide.mcu.externaltools.gnu-tools-for-stm32.12.3.rel1.win32_1.1.0.202410251130/tools/bin/../lib/gcc/arm-none-eabi/12.3.1/../../../../arm-none-eabi/lib/thumb/v7-m/nofp\libc_nano.a(libc_a-nano-svfprintf.o)
                0x08002268                __ssputs_r
 *fill*         0x0800231e        0x2 
 .text._svfprintf_r
                0x08002320      0x1f8 C:/ST/STM32CubeIDE_1.17.0/STM32CubeIDE/plugins/com.st.stm32cube.ide.mcu.externaltools.gnu-tools-for-stm32.12.3.rel1.win32_1.1.0.202410251130/tools/bin/../lib/gcc/arm-none-eabi/12.3.1/../../../../arm-none-eabi/lib/thumb/v7-m/nofp\libc_nano.a(libc_a-nano-svfprintf.o)
                0x08002320                _svfiprintf_r
                0x08002320                _svfprintf_r
 .text._printf_common
                0x08002518       0xe4 C:/ST/STM32CubeIDE_1.17.0/STM32CubeIDE/plugins/com.st.stm32cube.ide.mcu.externaltools.gnu-tools-for-stm32.12.3.rel1.win32_1.1.0.202410251130/tools/bin/../lib/gcc/arm-none-eabi/12.3.1/../../../../arm-none-eabi/lib/thumb/v7-m/nofp\libc_nano.a(libc_a-nano-vfprintf_i.o)
                0x08002518                _printf_common
 .text._printf_i
                0x080025fc      0x240 C:/ST/STM32CubeIDE_1.17.0/STM32CubeIDE/plugins/com.st.stm32cube.ide.mcu.externaltools.gnu-tools-for-stm32.12.3.rel1.win32_1.1.0.202410251130/tools/bin/../lib/gcc/arm-none-eabi/12.3.1/../../../../arm-none-eabi/lib/thumb/v7-m/nofp\libc_nano.a(libc_a-nano-vfprintf_i.o)
                0x080025fc                _printf_i
 .text.memmove  0x0800283c       0x34 C:/ST/STM32CubeIDE_1.17.0/STM32CubeIDE/plugins/com.st.stm32cube.ide.mcu.externaltools.gnu-tools-for-stm32.12.3.rel1.win32_1.1.0.202410251130/tools/bin/../lib/gcc/arm-none-eabi/12.3.1/../../../../arm-none-eabi/lib/thumb/v7-m/nofp\libc_nano.a(libc_a-memmove.o)
                0x0800283c                memmove
 .text._sbrk_r  0x08002870       0x20 C:/ST/STM32CubeIDE_1.17.0/STM32CubeIDE/plugins/com.st.stm32cube.ide.mcu.externaltools.gnu-tools-for-stm32.12.3.rel1.win32_1.1.0.202410251130/tools/bin/../lib/gcc/arm-none-eabi/12.3.1/../../../../arm-none-eabi/lib/thumb/v7-m/nofp\libc_nano.a(libc_a-sbrkr.o)
                0x08002870                _sbrk_r
 .text.memchr   0x08002890       0x1c C:/ST/STM32CubeIDE_1.17.0/STM32CubeIDE/plugins/com.st.stm32cube.ide.mcu.externaltools.gnu-tools-for-stm32.12.3.rel1.win32_1.1.0.202410251130/tools/bin/../lib/gcc/arm-none-eabi/12.3.1/../../../../arm-none-eabi/lib/thumb/v7-m/nofp\libc_nano.a(libc_a-memchr-stub.o)
                0x08002890                memchr
 .text.memcpy   0x080028ac       0x1c C:/ST/STM32CubeIDE_1.17.0/STM32CubeIDE/plugins/com.st.stm32cube.ide.mcu.externaltools.gnu-tools-for-stm32.12.3.rel1.win32_1.1.0.202410251130/tools/bin/../lib/gcc/arm-none-eabi/12.3.1/../../../../arm-none-eabi/lib/thumb/v7-m/nofp\libc_nano.a(libc_a-memcpy-stub.o)
                0x080028ac                memcpy
 .text._realloc_r
                0x080028c8       0x5c C:/ST/STM32CubeIDE_1.17.0/STM32CubeIDE/plugins/com.st.stm32cube.ide.mcu.externaltools.gnu-tools-for-stm32.12.3.rel1.win32_1.1.0.202410251130/tools/bin/../lib/gcc/arm-none-eabi/12.3.1/../../../../arm-none-eabi/lib/thumb/v7-m/nofp\libc_nano.a(libc_a-reallocr.o)
                0x080028c8                _realloc_r
 .text._malloc_usable_size_r
                0x08002924       0x10 C:/ST/STM32CubeIDE_1.17.0/STM32CubeIDE/plugins/com.st.stm32cube.ide.mcu.externaltools.gnu-tools-for-stm32.12.3.rel1.win32_1.1.0.202410251130/tools/bin/../lib/gcc/arm-none-eabi/12.3.1/../../../../arm-none-eabi/lib/thumb/v7-m/nofp\libc_nano.a(libc_a-msizer.o)
                0x08002924                _malloc_usable_size_r
 *(.glue_7)
 .glue_7        0x08002934        0x0 linker stubs
 *(.glue_7t)
 .glue_7t       0x08002934        0x0 linker stubs
 *(.eh_frame)
 .eh_frame      0x08002934        0x0 C:/ST/STM32CubeIDE_1.17.0/STM32CubeIDE/plugins/com.st.stm32cube.ide.mcu.externaltools.gnu-tools-for-stm32.12.3.rel1.win32_1.1.0.202410251130/tools/bin/../lib/gcc/arm-none-eabi/12.3.1/thumb/v7-m/nofp/crtbegin.o
 *(.init)
 .init          0x08002934        0x4 C:/ST/STM32CubeIDE_1.17.0/STM32CubeIDE/plugins/com.st.stm32cube.ide.mcu.externaltools.gnu-tools-for-stm32.12.3.rel1.win32_1.1.0.202410251130/tools/bin/../lib/gcc/arm-none-eabi/12.3.1/thumb/v7-m/nofp/crti.o
                0x08002934                _init
 .init          0x08002938        0x8 C:/ST/STM32CubeIDE_1.17.0/STM32CubeIDE/plugins/com.st.stm32cube.ide.mcu.externaltools.gnu-tools-for-stm32.12.3.rel1.win32_1.1.0.202410251130/tools/bin/../lib/gcc/arm-none-eabi/12.3.1/thumb/v7-m/nofp/crtn.o
 *(.fini)
 .fini          0x08002940        0x4 C:/ST/STM32CubeIDE_1.17.0/STM32CubeIDE/plugins/com.st.stm32cube.ide.mcu.externaltools.gnu-tools-for-stm32.12.3.rel1.win32_1.1.0.202410251130/tools/bin/../lib/gcc/arm-none-eabi/12.3.1/thumb/v7-m/nofp/crti.o
                0x08002940                _fini
 .fini          0x08002944        0x8 C:/ST/STM32CubeIDE_1.17.0/STM32CubeIDE/plugins/com.st.stm32cube.ide.mcu.externaltools.gnu-tools-for-stm32.12.3.rel1.win32_1.1.0.202410251130/tools/bin/../lib/gcc/arm-none-eabi/12.3.1/thumb/v7-m/nofp/crtn.o
                0x0800294c                        . = ALIGN (0x4)
                0x0800294c                        _etext = .

.vfp11_veneer   0x0800294c        0x0
 .vfp11_veneer  0x0800294c        0x0 linker stubs

.v4_bx          0x0800294c        0x0
 .v4_bx         0x0800294c        0x0 linker stubs

.iplt           0x0800294c        0x0
 .iplt          0x0800294c        0x0 C:/ST/STM32CubeIDE_1.17.0/STM32CubeIDE/plugins/com.st.stm32cube.ide.mcu.externaltools.gnu-tools-for-stm32.12.3.rel1.win32_1.1.0.202410251130/tools/bin/../lib/gcc/arm-none-eabi/12.3.1/thumb/v7-m/nofp/crtbegin.o

.rodata         0x0800294c       0x80
                0x0800294c                        . = ALIGN (0x4)
 *(.rodata)
 .rodata        0x0800294c       0x32 ./Src/app.o
 *fill*         0x0800297e        0x2 
 .rodata        0x08002980       0x19 ./Src/main.o
 *(.rodata*)
 .rodata._svfprintf_r.str1.1
                0x08002999       0x11 C:/ST/STM32CubeIDE_1.17.0/STM32CubeIDE/plugins/com.st.stm32cube.ide.mcu.externaltools.gnu-tools-for-stm32.12.3.rel1.win32_1.1.0.202410251130/tools/bin/../lib/gcc/arm-none-eabi/12.3.1/../../../../arm-none-eabi/lib/thumb/v7-m/nofp\libc_nano.a(libc_a-nano-svfprintf.o)
 .rodata._printf_i.str1.1
                0x080029aa       0x22 C:/ST/STM32CubeIDE_1.17.0/STM32CubeIDE/plugins/com.st.stm32cube.ide.mcu.externaltools.gnu-tools-for-stm32.12.3.rel1.win32_1.1.0.202410251130/tools/bin/../lib/gcc/arm-none-eabi/12.3.1/../../../../arm-none-eabi/lib/thumb/v7-m/nofp\libc_nano.a(libc_a-nano-vfprintf_i.o)
                0x080029cc                        . = ALIGN (0x4)

.ARM.extab      0x080029cc        0x0
                0x080029cc                        . = ALIGN (0x4)
 *(.ARM.extab* .gnu.linkonce.armextab.*)
                0x080029cc                        . = ALIGN (0x4)

.ARM            0x080029cc        0x0
                0x080029cc                        . = ALIGN (0x4)
                0x080029cc                        __exidx_start = .
 *(.ARM.exidx*)
                0x080029cc                        __exidx_end = .
                0x080029cc                        . = ALIGN (0x4)

.preinit_array  0x080029cc        0x0
                0x080029cc                        . = ALIGN (0x4)
                0x080029cc                        PROVIDE (__preinit_array_start = .)
 *(.preinit_array*)
                0x080029cc                        PROVIDE (__preinit_array_end = .)
                0x080029cc                        . = ALIGN (0x4)

.init_array     0x080029cc        0x4
                0x080029cc                        . = ALIGN (0x4)
                0x080029cc                        PROVIDE (__init_array_start = .)
 *(SORT_BY_NAME(.init_array.*))
 *(.init_array*)
 .init_array    0x080029cc        0x4 C:/ST/STM32CubeIDE_1.17.0/STM32CubeIDE/plugins/com.st.stm32cube.ide.mcu.externaltools.gnu-tools-for-stm32.12.3.rel1.win32_1.1.0.202410251130/tools/bin/../lib/gcc/arm-none-eabi/12.3.1/thumb/v7-m/nofp/crtbegin.o
                0x080029d0                        PROVIDE (__init_array_end = .)
                0x080029d0                        . = ALIGN (0x4)

.fini_array     0x080029d0        0x4
                0x080029d0                        . = ALIGN (0x4)
                [!provide]                        PROVIDE (__fini_array_start = .)
 *(SORT_BY_NAME(.fini_array.*))
 *(.fini_array*)
 .fini_array    0x080029d0        0x4 C:/ST/STM32CubeIDE_1.17.0/STM32CubeIDE/plugins/com.st.stm32cube.ide.mcu.externaltools.gnu-tools-for-stm32.12.3.rel1.win32_1.1.0.202410251130/tools/bin/../lib/gcc/arm-none-eabi/12.3.1/thumb/v7-m/nofp/crtbegin.o
                [!provide]                        PROVIDE (__fini_array_end = .)
                0x080029d4                        . = ALIGN (0x4)
                0x080029d4                        _sidata = LOADADDR (.data)

.rel.dyn        0x080029d4        0x0
 .rel.iplt      0x080029d4        0x0 C:/ST/STM32CubeIDE_1.17.0/STM32CubeIDE/plugins/com.st.stm32cube.ide.mcu.externaltools.gnu-tools-for-stm32.12.3.rel1.win32_1.1.0.202410251130/tools/bin/../lib/gcc/arm-none-eabi/12.3.1/thumb/v7-m/nofp/crtbegin.o

.data           0x20000000      0x114 load address 0x080029d4
                0x20000000                        . = ALIGN (0x4)
                0x20000000                        _sdata = .
 *(.data)
 *(.data*)
 .data.clock_setting
                0x20000000        0x6 ./Drivers/Src/Clk.o
                0x20000000                clock_setting
 *fill*         0x20000006        0x2 
 .data.p        0x20000008        0x4 ./Drivers/Src/Clk.o
                0x20000008                p
 .data.ahb_prescaler_1
                0x2000000c       0x10 ./Drivers/Src/Clk.o
                0x2000000c                ahb_prescaler_1
 .data.apb_prescaler_1
                0x2000001c        0x8 ./Drivers/Src/Clk.o
                0x2000001c                apb_prescaler_1
 .data.pll_multiplier
                0x20000024       0x10 ./Drivers/Src/Clk.o
                0x20000024                pll_multiplier
 .data.io_initial_config
                0x20000034       0x90 ./Drivers/Src/GPIO.o
                0x20000034                io_initial_config
 .data._impure_ptr
                0x200000c4        0x4 C:/ST/STM32CubeIDE_1.17.0/STM32CubeIDE/plugins/com.st.stm32cube.ide.mcu.externaltools.gnu-tools-for-stm32.12.3.rel1.win32_1.1.0.202410251130/tools/bin/../lib/gcc/arm-none-eabi/12.3.1/../../../../arm-none-eabi/lib/thumb/v7-m/nofp\libc_nano.a(libc_a-impure.o)
                0x200000c4                _impure_ptr
 .data._impure_data
                0x200000c8       0x4c C:/ST/STM32CubeIDE_1.17.0/STM32CubeIDE/plugins/com.st.stm32cube.ide.mcu.externaltools.gnu-tools-for-stm32.12.3.rel1.win32_1.1.0.202410251130/tools/bin/../lib/gcc/arm-none-eabi/12.3.1/../../../../arm-none-eabi/lib/thumb/v7-m/nofp\libc_nano.a(libc_a-impure.o)
                0x200000c8                _impure_data
 *(.RamFunc)
 *(.RamFunc*)
                0x20000114                        . = ALIGN (0x4)
                0x20000114                        _edata = .

.igot.plt       0x20000114        0x0 load address 0x08002ae8
 .igot.plt      0x20000114        0x0 C:/ST/STM32CubeIDE_1.17.0/STM32CubeIDE/plugins/com.st.stm32cube.ide.mcu.externaltools.gnu-tools-for-stm32.12.3.rel1.win32_1.1.0.202410251130/tools/bin/../lib/gcc/arm-none-eabi/12.3.1/thumb/v7-m/nofp/crtbegin.o
                0x20000114                        . = ALIGN (0x4)

.bss            0x20000114      0x304 load address 0x08002ae8
                0x20000114                        _sbss = .
                0x20000114                        __bss_start__ = _sbss
 *(.bss)
 .bss           0x20000114       0x1c C:/ST/STM32CubeIDE_1.17.0/STM32CubeIDE/plugins/com.st.stm32cube.ide.mcu.externaltools.gnu-tools-for-stm32.12.3.rel1.win32_1.1.0.202410251130/tools/bin/../lib/gcc/arm-none-eabi/12.3.1/thumb/v7-m/nofp/crtbegin.o
 *(.bss*)
 .bss.flag_led_on
                0x20000130        0x1 ./Drivers/Src/GPIO.o
                0x20000130                flag_led_on
 .bss.pin       0x20000131        0x1 ./Drivers/Src/GPIO.o
                0x20000131                pin
 .bss.counter_adc_sampling
                0x20000132        0x2 ./Drivers/Src/System.o
                0x20000132                counter_adc_sampling
 .bss.counter_data_transmit
                0x20000134        0x2 ./Drivers/Src/System.o
                0x20000134                counter_data_transmit
 .bss.counter_led_toggle
                0x20000136        0x2 ./Drivers/Src/System.o
                0x20000136                counter_led_toggle
 .bss.counter_systick
                0x20000138        0x4 ./Drivers/Src/System.o
                0x20000138                counter_systick
 .bss.tx_buffer_data
                0x2000013c       0x50 ./Drivers/Src/UART.o
                0x2000013c                tx_buffer_data
 .bss.rx_buffer_data
                0x2000018c       0x50 ./Drivers/Src/UART.o
                0x2000018c                rx_buffer_data
 .bss.tc_buffer
                0x200001dc       0x50 ./Drivers/Src/UART.o
                0x200001dc                tc_buffer
 .bss.tc_buffer_index
                0x2000022c        0x1 ./Drivers/Src/UART.o
                0x2000022c                tc_buffer_index
 *fill*         0x2000022d        0x3 
 .bss.txe_buffer
                0x20000230       0x50 ./Drivers/Src/UART.o
                0x20000230                txe_buffer
 .bss.txe_buffer_index
                0x20000280        0x1 ./Drivers/Src/UART.o
                0x20000280                txe_buffer_index
 *fill*         0x20000281        0x3 
 .bss.usart_2_handle
                0x20000284       0x20 ./Drivers/Src/UART.o
                0x20000284                usart_2_handle
 .bss.usart_3_handle
                0x200002a4       0x20 ./Drivers/Src/UART.o
                0x200002a4                usart_3_handle
 .bss.count_interrupt_enterred
                0x200002c4        0x2 ./Drivers/Src/UART.o
                0x200002c4                count_interrupt_enterred
 .bss.txe_counter
                0x200002c6        0x1 ./Drivers/Src/UART.o
                0x200002c6                txe_counter
 *fill*         0x200002c7        0x1 
 .bss.callback_rx_data
                0x200002c8        0x4 ./Drivers/Src/UART.o
 .bss.__sbrk_heap_end
                0x200002cc        0x4 ./Src/sysmem.o
 .bss.__sf      0x200002d0      0x138 C:/ST/STM32CubeIDE_1.17.0/STM32CubeIDE/plugins/com.st.stm32cube.ide.mcu.externaltools.gnu-tools-for-stm32.12.3.rel1.win32_1.1.0.202410251130/tools/bin/../lib/gcc/arm-none-eabi/12.3.1/../../../../arm-none-eabi/lib/thumb/v7-m/nofp\libc_nano.a(libc_a-findfp.o)
                0x200002d0                __sf
 .bss.errno     0x20000408        0x4 C:/ST/STM32CubeIDE_1.17.0/STM32CubeIDE/plugins/com.st.stm32cube.ide.mcu.externaltools.gnu-tools-for-stm32.12.3.rel1.win32_1.1.0.202410251130/tools/bin/../lib/gcc/arm-none-eabi/12.3.1/../../../../arm-none-eabi/lib/thumb/v7-m/nofp\libc_nano.a(libc_a-reent.o)
                0x20000408                errno
 .bss.__lock___malloc_recursive_mutex
                0x2000040c        0x1 C:/ST/STM32CubeIDE_1.17.0/STM32CubeIDE/plugins/com.st.stm32cube.ide.mcu.externaltools.gnu-tools-for-stm32.12.3.rel1.win32_1.1.0.202410251130/tools/bin/../lib/gcc/arm-none-eabi/12.3.1/../../../../arm-none-eabi/lib/thumb/v7-m/nofp\libc_nano.a(libc_a-lock.o)
                0x2000040c                __lock___malloc_recursive_mutex
 *fill*         0x2000040d        0x3 
 .bss.__malloc_sbrk_start
                0x20000410        0x4 C:/ST/STM32CubeIDE_1.17.0/STM32CubeIDE/plugins/com.st.stm32cube.ide.mcu.externaltools.gnu-tools-for-stm32.12.3.rel1.win32_1.1.0.202410251130/tools/bin/../lib/gcc/arm-none-eabi/12.3.1/../../../../arm-none-eabi/lib/thumb/v7-m/nofp\libc_nano.a(libc_a-mallocr.o)
                0x20000410                __malloc_sbrk_start
 .bss.__malloc_free_list
                0x20000414        0x4 C:/ST/STM32CubeIDE_1.17.0/STM32CubeIDE/plugins/com.st.stm32cube.ide.mcu.externaltools.gnu-tools-for-stm32.12.3.rel1.win32_1.1.0.202410251130/tools/bin/../lib/gcc/arm-none-eabi/12.3.1/../../../../arm-none-eabi/lib/thumb/v7-m/nofp\libc_nano.a(libc_a-mallocr.o)
                0x20000414                __malloc_free_list
 *(COMMON)
                0x20000418                        . = ALIGN (0x4)
                0x20000418                        _ebss = .
                0x20000418                        __bss_end__ = _ebss

._user_heap_stack
                0x20000418      0x600 load address 0x08002ae8
                0x20000418                        . = ALIGN (0x8)
                [!provide]                        PROVIDE (end = .)
                0x20000418                        PROVIDE (_end = .)
                0x20000618                        . = (. + _Min_Heap_Size)
 *fill*         0x20000418      0x200 
                0x20000a18                        . = (. + _Min_Stack_Size)
 *fill*         0x20000618      0x400 
                0x20000a18                        . = ALIGN (0x8)

/DISCARD/
 libc.a(*)
 libm.a(*)
 libgcc.a(*)

.ARM.attributes
                0x00000000       0x29
 *(.ARM.attributes)
 .ARM.attributes
                0x00000000       0x1d C:/ST/STM32CubeIDE_1.17.0/STM32CubeIDE/plugins/com.st.stm32cube.ide.mcu.externaltools.gnu-tools-for-stm32.12.3.rel1.win32_1.1.0.202410251130/tools/bin/../lib/gcc/arm-none-eabi/12.3.1/thumb/v7-m/nofp/crti.o
 .ARM.attributes
                0x0000001d       0x2d C:/ST/STM32CubeIDE_1.17.0/STM32CubeIDE/plugins/com.st.stm32cube.ide.mcu.externaltools.gnu-tools-for-stm32.12.3.rel1.win32_1.1.0.202410251130/tools/bin/../lib/gcc/arm-none-eabi/12.3.1/thumb/v7-m/nofp/crtbegin.o
 .ARM.attributes
                0x0000004a       0x2d ./Drivers/Src/Clk.o
 .ARM.attributes
                0x00000077       0x2d ./Drivers/Src/GPIO.o
 .ARM.attributes
                0x000000a4       0x2d ./Drivers/Src/System.o
 .ARM.attributes
                0x000000d1       0x2d ./Drivers/Src/UART.o
 .ARM.attributes
                0x000000fe       0x2d ./Drivers/Src/common.o
 .ARM.attributes
                0x0000012b       0x2d ./Src/app.o
 .ARM.attributes
                0x00000158       0x2d ./Src/main.o
 .ARM.attributes
                0x00000185       0x2d ./Src/sysmem.o
 .ARM.attributes
                0x000001b2       0x21 ./Startup/startup_stm32f103c8tx.o
 .ARM.attributes
                0x000001d3       0x2d C:/ST/STM32CubeIDE_1.17.0/STM32CubeIDE/plugins/com.st.stm32cube.ide.mcu.externaltools.gnu-tools-for-stm32.12.3.rel1.win32_1.1.0.202410251130/tools/bin/../lib/gcc/arm-none-eabi/12.3.1/../../../../arm-none-eabi/lib/thumb/v7-m/nofp\libc_nano.a(libc_a-findfp.o)
 .ARM.attributes
                0x00000200       0x2d C:/ST/STM32CubeIDE_1.17.0/STM32CubeIDE/plugins/com.st.stm32cube.ide.mcu.externaltools.gnu-tools-for-stm32.12.3.rel1.win32_1.1.0.202410251130/tools/bin/../lib/gcc/arm-none-eabi/12.3.1/../../../../arm-none-eabi/lib/thumb/v7-m/nofp\libc_nano.a(libc_a-vsprintf.o)
 .ARM.attributes
                0x0000022d       0x2d C:/ST/STM32CubeIDE_1.17.0/STM32CubeIDE/plugins/com.st.stm32cube.ide.mcu.externaltools.gnu-tools-for-stm32.12.3.rel1.win32_1.1.0.202410251130/tools/bin/../lib/gcc/arm-none-eabi/12.3.1/../../../../arm-none-eabi/lib/thumb/v7-m/nofp\libc_nano.a(libc_a-reent.o)
 .ARM.attributes
                0x0000025a       0x2d C:/ST/STM32CubeIDE_1.17.0/STM32CubeIDE/plugins/com.st.stm32cube.ide.mcu.externaltools.gnu-tools-for-stm32.12.3.rel1.win32_1.1.0.202410251130/tools/bin/../lib/gcc/arm-none-eabi/12.3.1/../../../../arm-none-eabi/lib/thumb/v7-m/nofp\libc_nano.a(libc_a-impure.o)
 .ARM.attributes
                0x00000287       0x2d C:/ST/STM32CubeIDE_1.17.0/STM32CubeIDE/plugins/com.st.stm32cube.ide.mcu.externaltools.gnu-tools-for-stm32.12.3.rel1.win32_1.1.0.202410251130/tools/bin/../lib/gcc/arm-none-eabi/12.3.1/../../../../arm-none-eabi/lib/thumb/v7-m/nofp\libc_nano.a(libc_a-errno.o)
 .ARM.attributes
                0x000002b4       0x2d C:/ST/STM32CubeIDE_1.17.0/STM32CubeIDE/plugins/com.st.stm32cube.ide.mcu.externaltools.gnu-tools-for-stm32.12.3.rel1.win32_1.1.0.202410251130/tools/bin/../lib/gcc/arm-none-eabi/12.3.1/../../../../arm-none-eabi/lib/thumb/v7-m/nofp\libc_nano.a(libc_a-init.o)
 .ARM.attributes
                0x000002e1       0x2d C:/ST/STM32CubeIDE_1.17.0/STM32CubeIDE/plugins/com.st.stm32cube.ide.mcu.externaltools.gnu-tools-for-stm32.12.3.rel1.win32_1.1.0.202410251130/tools/bin/../lib/gcc/arm-none-eabi/12.3.1/../../../../arm-none-eabi/lib/thumb/v7-m/nofp\libc_nano.a(libc_a-lock.o)
 .ARM.attributes
                0x0000030e       0x2d C:/ST/STM32CubeIDE_1.17.0/STM32CubeIDE/plugins/com.st.stm32cube.ide.mcu.externaltools.gnu-tools-for-stm32.12.3.rel1.win32_1.1.0.202410251130/tools/bin/../lib/gcc/arm-none-eabi/12.3.1/../../../../arm-none-eabi/lib/thumb/v7-m/nofp\libc_nano.a(libc_a-freer.o)
 .ARM.attributes
                0x0000033b       0x2d C:/ST/STM32CubeIDE_1.17.0/STM32CubeIDE/plugins/com.st.stm32cube.ide.mcu.externaltools.gnu-tools-for-stm32.12.3.rel1.win32_1.1.0.202410251130/tools/bin/../lib/gcc/arm-none-eabi/12.3.1/../../../../arm-none-eabi/lib/thumb/v7-m/nofp\libc_nano.a(libc_a-mallocr.o)
 .ARM.attributes
                0x00000368       0x2d C:/ST/STM32CubeIDE_1.17.0/STM32CubeIDE/plugins/com.st.stm32cube.ide.mcu.externaltools.gnu-tools-for-stm32.12.3.rel1.win32_1.1.0.202410251130/tools/bin/../lib/gcc/arm-none-eabi/12.3.1/../../../../arm-none-eabi/lib/thumb/v7-m/nofp\libc_nano.a(libc_a-mlock.o)
 .ARM.attributes
                0x00000395       0x2d C:/ST/STM32CubeIDE_1.17.0/STM32CubeIDE/plugins/com.st.stm32cube.ide.mcu.externaltools.gnu-tools-for-stm32.12.3.rel1.win32_1.1.0.202410251130/tools/bin/../lib/gcc/arm-none-eabi/12.3.1/../../../../arm-none-eabi/lib/thumb/v7-m/nofp\libc_nano.a(libc_a-nano-svfprintf.o)
 .ARM.attributes
                0x000003c2       0x2d C:/ST/STM32CubeIDE_1.17.0/STM32CubeIDE/plugins/com.st.stm32cube.ide.mcu.externaltools.gnu-tools-for-stm32.12.3.rel1.win32_1.1.0.202410251130/tools/bin/../lib/gcc/arm-none-eabi/12.3.1/../../../../arm-none-eabi/lib/thumb/v7-m/nofp\libc_nano.a(libc_a-nano-vfprintf_i.o)
 .ARM.attributes
                0x000003ef       0x2d C:/ST/STM32CubeIDE_1.17.0/STM32CubeIDE/plugins/com.st.stm32cube.ide.mcu.externaltools.gnu-tools-for-stm32.12.3.rel1.win32_1.1.0.202410251130/tools/bin/../lib/gcc/arm-none-eabi/12.3.1/../../../../arm-none-eabi/lib/thumb/v7-m/nofp\libc_nano.a(libc_a-memmove.o)
 .ARM.attributes
                0x0000041c       0x2d C:/ST/STM32CubeIDE_1.17.0/STM32CubeIDE/plugins/com.st.stm32cube.ide.mcu.externaltools.gnu-tools-for-stm32.12.3.rel1.win32_1.1.0.202410251130/tools/bin/../lib/gcc/arm-none-eabi/12.3.1/../../../../arm-none-eabi/lib/thumb/v7-m/nofp\libc_nano.a(libc_a-sbrkr.o)
 .ARM.attributes
                0x00000449       0x2d C:/ST/STM32CubeIDE_1.17.0/STM32CubeIDE/plugins/com.st.stm32cube.ide.mcu.externaltools.gnu-tools-for-stm32.12.3.rel1.win32_1.1.0.202410251130/tools/bin/../lib/gcc/arm-none-eabi/12.3.1/../../../../arm-none-eabi/lib/thumb/v7-m/nofp\libc_nano.a(libc_a-memchr-stub.o)
 .ARM.attributes
                0x00000476       0x2d C:/ST/STM32CubeIDE_1.17.0/STM32CubeIDE/plugins/com.st.stm32cube.ide.mcu.externaltools.gnu-tools-for-stm32.12.3.rel1.win32_1.1.0.202410251130/tools/bin/../lib/gcc/arm-none-eabi/12.3.1/../../../../arm-none-eabi/lib/thumb/v7-m/nofp\libc_nano.a(libc_a-memcpy-stub.o)
 .ARM.attributes
                0x000004a3       0x2d C:/ST/STM32CubeIDE_1.17.0/STM32CubeIDE/plugins/com.st.stm32cube.ide.mcu.externaltools.gnu-tools-for-stm32.12.3.rel1.win32_1.1.0.202410251130/tools/bin/../lib/gcc/arm-none-eabi/12.3.1/../../../../arm-none-eabi/lib/thumb/v7-m/nofp\libc_nano.a(libc_a-reallocr.o)
 .ARM.attributes
                0x000004d0       0x2d C:/ST/STM32CubeIDE_1.17.0/STM32CubeIDE/plugins/com.st.stm32cube.ide.mcu.externaltools.gnu-tools-for-stm32.12.3.rel1.win32_1.1.0.202410251130/tools/bin/../lib/gcc/arm-none-eabi/12.3.1/../../../../arm-none-eabi/lib/thumb/v7-m/nofp\libc_nano.a(libc_a-msizer.o)
 .ARM.attributes
                0x000004fd       0x1d C:/ST/STM32CubeIDE_1.17.0/STM32CubeIDE/plugins/com.st.stm32cube.ide.mcu.externaltools.gnu-tools-for-stm32.12.3.rel1.win32_1.1.0.202410251130/tools/bin/../lib/gcc/arm-none-eabi/12.3.1/thumb/v7-m/nofp\libgcc.a(_arm_mulsf3.o)
 .ARM.attributes
                0x0000051a       0x1d C:/ST/STM32CubeIDE_1.17.0/STM32CubeIDE/plugins/com.st.stm32cube.ide.mcu.externaltools.gnu-tools-for-stm32.12.3.rel1.win32_1.1.0.202410251130/tools/bin/../lib/gcc/arm-none-eabi/12.3.1/thumb/v7-m/nofp\libgcc.a(_arm_addsubdf3.o)
 .ARM.attributes
                0x00000537       0x1d C:/ST/STM32CubeIDE_1.17.0/STM32CubeIDE/plugins/com.st.stm32cube.ide.mcu.externaltools.gnu-tools-for-stm32.12.3.rel1.win32_1.1.0.202410251130/tools/bin/../lib/gcc/arm-none-eabi/12.3.1/thumb/v7-m/nofp\libgcc.a(_arm_muldivdf3.o)
 .ARM.attributes
                0x00000554       0x1d C:/ST/STM32CubeIDE_1.17.0/STM32CubeIDE/plugins/com.st.stm32cube.ide.mcu.externaltools.gnu-tools-for-stm32.12.3.rel1.win32_1.1.0.202410251130/tools/bin/../lib/gcc/arm-none-eabi/12.3.1/thumb/v7-m/nofp\libgcc.a(_arm_truncdfsf2.o)
 .ARM.attributes
                0x00000571       0x1d C:/ST/STM32CubeIDE_1.17.0/STM32CubeIDE/plugins/com.st.stm32cube.ide.mcu.externaltools.gnu-tools-for-stm32.12.3.rel1.win32_1.1.0.202410251130/tools/bin/../lib/gcc/arm-none-eabi/12.3.1/thumb/v7-m/nofp\libgcc.a(_arm_addsubsf3.o)
 .ARM.attributes
                0x0000058e       0x1d C:/ST/STM32CubeIDE_1.17.0/STM32CubeIDE/plugins/com.st.stm32cube.ide.mcu.externaltools.gnu-tools-for-stm32.12.3.rel1.win32_1.1.0.202410251130/tools/bin/../lib/gcc/arm-none-eabi/12.3.1/thumb/v7-m/nofp\libgcc.a(_arm_cmpsf2.o)
 .ARM.attributes
                0x000005ab       0x1d C:/ST/STM32CubeIDE_1.17.0/STM32CubeIDE/plugins/com.st.stm32cube.ide.mcu.externaltools.gnu-tools-for-stm32.12.3.rel1.win32_1.1.0.202410251130/tools/bin/../lib/gcc/arm-none-eabi/12.3.1/thumb/v7-m/nofp\libgcc.a(_arm_fixsfsi.o)
 .ARM.attributes
                0x000005c8       0x1d C:/ST/STM32CubeIDE_1.17.0/STM32CubeIDE/plugins/com.st.stm32cube.ide.mcu.externaltools.gnu-tools-for-stm32.12.3.rel1.win32_1.1.0.202410251130/tools/bin/../lib/gcc/arm-none-eabi/12.3.1/thumb/v7-m/nofp\libgcc.a(_arm_fixunssfsi.o)
 .ARM.attributes
                0x000005e5       0x1d C:/ST/STM32CubeIDE_1.17.0/STM32CubeIDE/plugins/com.st.stm32cube.ide.mcu.externaltools.gnu-tools-for-stm32.12.3.rel1.win32_1.1.0.202410251130/tools/bin/../lib/gcc/arm-none-eabi/12.3.1/thumb/v7-m/nofp/crtn.o
OUTPUT(Bootloader_stm32f103x.elf elf32-littlearm)
LOAD linker stubs
LOAD C:/ST/STM32CubeIDE_1.17.0/STM32CubeIDE/plugins/com.st.stm32cube.ide.mcu.externaltools.gnu-tools-for-stm32.12.3.rel1.win32_1.1.0.202410251130/tools/bin/../lib/gcc/arm-none-eabi/12.3.1/../../../../arm-none-eabi/lib/thumb/v7-m/nofp\libc.a
LOAD C:/ST/STM32CubeIDE_1.17.0/STM32CubeIDE/plugins/com.st.stm32cube.ide.mcu.externaltools.gnu-tools-for-stm32.12.3.rel1.win32_1.1.0.202410251130/tools/bin/../lib/gcc/arm-none-eabi/12.3.1/../../../../arm-none-eabi/lib/thumb/v7-m/nofp\libm.a
LOAD C:/ST/STM32CubeIDE_1.17.0/STM32CubeIDE/plugins/com.st.stm32cube.ide.mcu.externaltools.gnu-tools-for-stm32.12.3.rel1.win32_1.1.0.202410251130/tools/bin/../lib/gcc/arm-none-eabi/12.3.1/thumb/v7-m/nofp\libgcc.a

.debug_info     0x00000000     0x2edf
 .debug_info    0x00000000      0x711 ./Drivers/Src/Clk.o
 .debug_info    0x00000711      0x8c0 ./Drivers/Src/GPIO.o
 .debug_info    0x00000fd1      0x3d2 ./Drivers/Src/System.o
 .debug_info    0x000013a3      0xc12 ./Drivers/Src/UART.o
 .debug_info    0x00001fb5      0x470 ./Drivers/Src/common.o
 .debug_info    0x00002425      0x6d4 ./Src/app.o
 .debug_info    0x00002af9      0x24e ./Src/main.o
 .debug_info    0x00002d47      0x168 ./Src/sysmem.o
 .debug_info    0x00002eaf       0x30 ./Startup/startup_stm32f103c8tx.o

.debug_abbrev   0x00000000      0xde7
 .debug_abbrev  0x00000000      0x1e5 ./Drivers/Src/Clk.o
 .debug_abbrev  0x000001e5      0x1f1 ./Drivers/Src/GPIO.o
 .debug_abbrev  0x000003d6      0x179 ./Drivers/Src/System.o
 .debug_abbrev  0x0000054f      0x2bb ./Drivers/Src/UART.o
 .debug_abbrev  0x0000080a      0x1ef ./Drivers/Src/common.o
 .debug_abbrev  0x000009f9      0x22d ./Src/app.o
 .debug_abbrev  0x00000c26       0xe1 ./Src/main.o
 .debug_abbrev  0x00000d07       0xbc ./Src/sysmem.o
 .debug_abbrev  0x00000dc3       0x24 ./Startup/startup_stm32f103c8tx.o

.debug_aranges  0x00000000      0x320
 .debug_aranges
                0x00000000       0x80 ./Drivers/Src/Clk.o
 .debug_aranges
                0x00000080       0x70 ./Drivers/Src/GPIO.o
 .debug_aranges
                0x000000f0       0x38 ./Drivers/Src/System.o
 .debug_aranges
                0x00000128       0xf0 ./Drivers/Src/UART.o
 .debug_aranges
                0x00000218       0x48 ./Drivers/Src/common.o
 .debug_aranges
                0x00000260       0x58 ./Src/app.o
 .debug_aranges
                0x000002b8       0x20 ./Src/main.o
 .debug_aranges
                0x000002d8       0x20 ./Src/sysmem.o
 .debug_aranges
                0x000002f8       0x28 ./Startup/startup_stm32f103c8tx.o

.debug_rnglists
                0x00000000      0x235
 .debug_rnglists
                0x00000000       0x5e ./Drivers/Src/Clk.o
 .debug_rnglists
                0x0000005e       0x51 ./Drivers/Src/GPIO.o
 .debug_rnglists
                0x000000af       0x25 ./Drivers/Src/System.o
 .debug_rnglists
                0x000000d4       0xb4 ./Drivers/Src/UART.o
 .debug_rnglists
                0x00000188       0x31 ./Drivers/Src/common.o
 .debug_rnglists
                0x000001b9       0x3d ./Src/app.o
 .debug_rnglists
                0x000001f6       0x13 ./Src/main.o
 .debug_rnglists
                0x00000209       0x13 ./Src/sysmem.o
 .debug_rnglists
                0x0000021c       0x19 ./Startup/startup_stm32f103c8tx.o

.debug_macro    0x00000000     0x2059
 .debug_macro   0x00000000       0xd8 ./Drivers/Src/Clk.o
 .debug_macro   0x000000d8      0xaae ./Drivers/Src/Clk.o
 .debug_macro   0x00000b86       0x22 ./Drivers/Src/Clk.o
 .debug_macro   0x00000ba8       0x8e ./Drivers/Src/Clk.o
 .debug_macro   0x00000c36       0x51 ./Drivers/Src/Clk.o
 .debug_macro   0x00000c87      0x103 ./Drivers/Src/Clk.o
 .debug_macro   0x00000d8a       0x6a ./Drivers/Src/Clk.o
 .debug_macro   0x00000df4      0x1df ./Drivers/Src/Clk.o
 .debug_macro   0x00000fd3       0x58 ./Drivers/Src/Clk.o
 .debug_macro   0x0000102b      0x1df ./Drivers/Src/Clk.o
 .debug_macro   0x0000120a       0x3a ./Drivers/Src/Clk.o
 .debug_macro   0x00001244       0x2e ./Drivers/Src/Clk.o
 .debug_macro   0x00001272      0x16c ./Drivers/Src/Clk.o
 .debug_macro   0x000013de       0xf3 ./Drivers/Src/Clk.o
 .debug_macro   0x000014d1      0x114 ./Drivers/Src/GPIO.o
 .debug_macro   0x000015e5       0xf9 ./Drivers/Src/GPIO.o
 .debug_macro   0x000016de       0x28 ./Drivers/Src/GPIO.o
 .debug_macro   0x00001706       0xd2 ./Drivers/Src/System.o
 .debug_macro   0x000017d8       0xd2 ./Drivers/Src/UART.o
 .debug_macro   0x000018aa      0x166 ./Drivers/Src/UART.o
 .debug_macro   0x00001a10       0xcc ./Drivers/Src/common.o
 .debug_macro   0x00001adc       0xd7 ./Src/app.o
 .debug_macro   0x00001bb3       0x6a ./Src/app.o
 .debug_macro   0x00001c1d      0x101 ./Src/main.o
 .debug_macro   0x00001d1e       0xff ./Src/sysmem.o
 .debug_macro   0x00001e1d      0x23c ./Src/sysmem.o

.debug_line     0x00000000     0x34d3
 .debug_line    0x00000000      0x7ac ./Drivers/Src/Clk.o
 .debug_line    0x000007ac      0x727 ./Drivers/Src/GPIO.o
 .debug_line    0x00000ed3      0x52d ./Drivers/Src/System.o
 .debug_line    0x00001400      0xa90 ./Drivers/Src/UART.o
 .debug_line    0x00001e90      0x59e ./Drivers/Src/common.o
 .debug_line    0x0000242e      0x5cb ./Src/app.o
 .debug_line    0x000029f9      0x4eb ./Src/main.o
 .debug_line    0x00002ee4      0x574 ./Src/sysmem.o
 .debug_line    0x00003458       0x7b ./Startup/startup_stm32f103c8tx.o

.debug_str      0x00000000     0x8c06
 .debug_str     0x00000000     0x5665 ./Drivers/Src/Clk.o
                               0x5862 (size before relaxing)
 .debug_str     0x00005665      0x91f ./Drivers/Src/GPIO.o
                               0x5d11 (size before relaxing)
 .debug_str     0x00005f84       0xd8 ./Drivers/Src/System.o
                               0x564c (size before relaxing)
 .debug_str     0x0000605c      0x4cc ./Drivers/Src/UART.o
                               0x5ac4 (size before relaxing)
 .debug_str     0x00006528       0x80 ./Drivers/Src/common.o
                               0x54e8 (size before relaxing)
 .debug_str     0x000065a8      0x2de ./Src/app.o
                               0x57ef (size before relaxing)
 .debug_str     0x00006886       0x40 ./Src/main.o
                               0x5725 (size before relaxing)
 .debug_str     0x000068c6     0x2301 ./Src/sysmem.o
                               0x6080 (size before relaxing)
 .debug_str     0x00008bc7       0x3f ./Startup/startup_stm32f103c8tx.o
                                 0x88 (size before relaxing)

.comment        0x00000000       0x43
 .comment       0x00000000       0x43 ./Drivers/Src/Clk.o
                                 0x44 (size before relaxing)
 .comment       0x00000043       0x44 ./Drivers/Src/GPIO.o
 .comment       0x00000043       0x44 ./Drivers/Src/System.o
 .comment       0x00000043       0x44 ./Drivers/Src/UART.o
 .comment       0x00000043       0x44 ./Drivers/Src/common.o
 .comment       0x00000043       0x44 ./Src/app.o
 .comment       0x00000043       0x44 ./Src/main.o
 .comment       0x00000043       0x44 ./Src/sysmem.o

.debug_frame    0x00000000     0x12fc
 .debug_frame   0x00000000      0x200 ./Drivers/Src/Clk.o
 .debug_frame   0x00000200      0x1a8 ./Drivers/Src/GPIO.o
 .debug_frame   0x000003a8       0x98 ./Drivers/Src/System.o
 .debug_frame   0x00000440      0x3fc ./Drivers/Src/UART.o
 .debug_frame   0x0000083c      0x128 ./Drivers/Src/common.o
 .debug_frame   0x00000964      0x138 ./Src/app.o
 .debug_frame   0x00000a9c       0x30 ./Src/main.o
 .debug_frame   0x00000acc       0x34 ./Src/sysmem.o
 .debug_frame   0x00000b00      0x144 C:/ST/STM32CubeIDE_1.17.0/STM32CubeIDE/plugins/com.st.stm32cube.ide.mcu.externaltools.gnu-tools-for-stm32.12.3.rel1.win32_1.1.0.202410251130/tools/bin/../lib/gcc/arm-none-eabi/12.3.1/../../../../arm-none-eabi/lib/thumb/v7-m/nofp\libc_nano.a(libc_a-findfp.o)
 .debug_frame   0x00000c44       0x3c C:/ST/STM32CubeIDE_1.17.0/STM32CubeIDE/plugins/com.st.stm32cube.ide.mcu.externaltools.gnu-tools-for-stm32.12.3.rel1.win32_1.1.0.202410251130/tools/bin/../lib/gcc/arm-none-eabi/12.3.1/../../../../arm-none-eabi/lib/thumb/v7-m/nofp\libc_nano.a(libc_a-vsprintf.o)
 .debug_frame   0x00000c80       0x38 C:/ST/STM32CubeIDE_1.17.0/STM32CubeIDE/plugins/com.st.stm32cube.ide.mcu.externaltools.gnu-tools-for-stm32.12.3.rel1.win32_1.1.0.202410251130/tools/bin/../lib/gcc/arm-none-eabi/12.3.1/../../../../arm-none-eabi/lib/thumb/v7-m/nofp\libc_nano.a(libc_a-reent.o)
 .debug_frame   0x00000cb8       0x20 C:/ST/STM32CubeIDE_1.17.0/STM32CubeIDE/plugins/com.st.stm32cube.ide.mcu.externaltools.gnu-tools-for-stm32.12.3.rel1.win32_1.1.0.202410251130/tools/bin/../lib/gcc/arm-none-eabi/12.3.1/../../../../arm-none-eabi/lib/thumb/v7-m/nofp\libc_nano.a(libc_a-errno.o)
 .debug_frame   0x00000cd8       0x2c C:/ST/STM32CubeIDE_1.17.0/STM32CubeIDE/plugins/com.st.stm32cube.ide.mcu.externaltools.gnu-tools-for-stm32.12.3.rel1.win32_1.1.0.202410251130/tools/bin/../lib/gcc/arm-none-eabi/12.3.1/../../../../arm-none-eabi/lib/thumb/v7-m/nofp\libc_nano.a(libc_a-init.o)
 .debug_frame   0x00000d04       0xb0 C:/ST/STM32CubeIDE_1.17.0/STM32CubeIDE/plugins/com.st.stm32cube.ide.mcu.externaltools.gnu-tools-for-stm32.12.3.rel1.win32_1.1.0.202410251130/tools/bin/../lib/gcc/arm-none-eabi/12.3.1/../../../../arm-none-eabi/lib/thumb/v7-m/nofp\libc_nano.a(libc_a-lock.o)
 .debug_frame   0x00000db4       0x38 C:/ST/STM32CubeIDE_1.17.0/STM32CubeIDE/plugins/com.st.stm32cube.ide.mcu.externaltools.gnu-tools-for-stm32.12.3.rel1.win32_1.1.0.202410251130/tools/bin/../lib/gcc/arm-none-eabi/12.3.1/../../../../arm-none-eabi/lib/thumb/v7-m/nofp\libc_nano.a(libc_a-freer.o)
 .debug_frame   0x00000dec       0x50 C:/ST/STM32CubeIDE_1.17.0/STM32CubeIDE/plugins/com.st.stm32cube.ide.mcu.externaltools.gnu-tools-for-stm32.12.3.rel1.win32_1.1.0.202410251130/tools/bin/../lib/gcc/arm-none-eabi/12.3.1/../../../../arm-none-eabi/lib/thumb/v7-m/nofp\libc_nano.a(libc_a-mallocr.o)
 .debug_frame   0x00000e3c       0x30 C:/ST/STM32CubeIDE_1.17.0/STM32CubeIDE/plugins/com.st.stm32cube.ide.mcu.externaltools.gnu-tools-for-stm32.12.3.rel1.win32_1.1.0.202410251130/tools/bin/../lib/gcc/arm-none-eabi/12.3.1/../../../../arm-none-eabi/lib/thumb/v7-m/nofp\libc_nano.a(libc_a-mlock.o)
 .debug_frame   0x00000e6c       0x90 C:/ST/STM32CubeIDE_1.17.0/STM32CubeIDE/plugins/com.st.stm32cube.ide.mcu.externaltools.gnu-tools-for-stm32.12.3.rel1.win32_1.1.0.202410251130/tools/bin/../lib/gcc/arm-none-eabi/12.3.1/../../../../arm-none-eabi/lib/thumb/v7-m/nofp\libc_nano.a(libc_a-nano-svfprintf.o)
 .debug_frame   0x00000efc       0x60 C:/ST/STM32CubeIDE_1.17.0/STM32CubeIDE/plugins/com.st.stm32cube.ide.mcu.externaltools.gnu-tools-for-stm32.12.3.rel1.win32_1.1.0.202410251130/tools/bin/../lib/gcc/arm-none-eabi/12.3.1/../../../../arm-none-eabi/lib/thumb/v7-m/nofp\libc_nano.a(libc_a-nano-vfprintf_i.o)
 .debug_frame   0x00000f5c       0x28 C:/ST/STM32CubeIDE_1.17.0/STM32CubeIDE/plugins/com.st.stm32cube.ide.mcu.externaltools.gnu-tools-for-stm32.12.3.rel1.win32_1.1.0.202410251130/tools/bin/../lib/gcc/arm-none-eabi/12.3.1/../../../../arm-none-eabi/lib/thumb/v7-m/nofp\libc_nano.a(libc_a-memmove.o)
 .debug_frame   0x00000f84       0x2c C:/ST/STM32CubeIDE_1.17.0/STM32CubeIDE/plugins/com.st.stm32cube.ide.mcu.externaltools.gnu-tools-for-stm32.12.3.rel1.win32_1.1.0.202410251130/tools/bin/../lib/gcc/arm-none-eabi/12.3.1/../../../../arm-none-eabi/lib/thumb/v7-m/nofp\libc_nano.a(libc_a-sbrkr.o)
 .debug_frame   0x00000fb0       0x28 C:/ST/STM32CubeIDE_1.17.0/STM32CubeIDE/plugins/com.st.stm32cube.ide.mcu.externaltools.gnu-tools-for-stm32.12.3.rel1.win32_1.1.0.202410251130/tools/bin/../lib/gcc/arm-none-eabi/12.3.1/../../../../arm-none-eabi/lib/thumb/v7-m/nofp\libc_nano.a(libc_a-memchr-stub.o)
 .debug_frame   0x00000fd8       0x28 C:/ST/STM32CubeIDE_1.17.0/STM32CubeIDE/plugins/com.st.stm32cube.ide.mcu.externaltools.gnu-tools-for-stm32.12.3.rel1.win32_1.1.0.202410251130/tools/bin/../lib/gcc/arm-none-eabi/12.3.1/../../../../arm-none-eabi/lib/thumb/v7-m/nofp\libc_nano.a(libc_a-memcpy-stub.o)
 .debug_frame   0x00001000       0x3c C:/ST/STM32CubeIDE_1.17.0/STM32CubeIDE/plugins/com.st.stm32cube.ide.mcu.externaltools.gnu-tools-for-stm32.12.3.rel1.win32_1.1.0.202410251130/tools/bin/../lib/gcc/arm-none-eabi/12.3.1/../../../../arm-none-eabi/lib/thumb/v7-m/nofp\libc_nano.a(libc_a-reallocr.o)
 .debug_frame   0x0000103c       0x20 C:/ST/STM32CubeIDE_1.17.0/STM32CubeIDE/plugins/com.st.stm32cube.ide.mcu.externaltools.gnu-tools-for-stm32.12.3.rel1.win32_1.1.0.202410251130/tools/bin/../lib/gcc/arm-none-eabi/12.3.1/../../../../arm-none-eabi/lib/thumb/v7-m/nofp\libc_nano.a(libc_a-msizer.o)
 .debug_frame   0x0000105c       0x24 C:/ST/STM32CubeIDE_1.17.0/STM32CubeIDE/plugins/com.st.stm32cube.ide.mcu.externaltools.gnu-tools-for-stm32.12.3.rel1.win32_1.1.0.202410251130/tools/bin/../lib/gcc/arm-none-eabi/12.3.1/thumb/v7-m/nofp\libgcc.a(_arm_mulsf3.o)
 .debug_frame   0x00001080       0xac C:/ST/STM32CubeIDE_1.17.0/STM32CubeIDE/plugins/com.st.stm32cube.ide.mcu.externaltools.gnu-tools-for-stm32.12.3.rel1.win32_1.1.0.202410251130/tools/bin/../lib/gcc/arm-none-eabi/12.3.1/thumb/v7-m/nofp\libgcc.a(_arm_addsubdf3.o)
 .debug_frame   0x0000112c       0x50 C:/ST/STM32CubeIDE_1.17.0/STM32CubeIDE/plugins/com.st.stm32cube.ide.mcu.externaltools.gnu-tools-for-stm32.12.3.rel1.win32_1.1.0.202410251130/tools/bin/../lib/gcc/arm-none-eabi/12.3.1/thumb/v7-m/nofp\libgcc.a(_arm_muldivdf3.o)
 .debug_frame   0x0000117c       0x24 C:/ST/STM32CubeIDE_1.17.0/STM32CubeIDE/plugins/com.st.stm32cube.ide.mcu.externaltools.gnu-tools-for-stm32.12.3.rel1.win32_1.1.0.202410251130/tools/bin/../lib/gcc/arm-none-eabi/12.3.1/thumb/v7-m/nofp\libgcc.a(_arm_truncdfsf2.o)
 .debug_frame   0x000011a0       0x4c C:/ST/STM32CubeIDE_1.17.0/STM32CubeIDE/plugins/com.st.stm32cube.ide.mcu.externaltools.gnu-tools-for-stm32.12.3.rel1.win32_1.1.0.202410251130/tools/bin/../lib/gcc/arm-none-eabi/12.3.1/thumb/v7-m/nofp\libgcc.a(_arm_addsubsf3.o)
 .debug_frame   0x000011ec       0xc8 C:/ST/STM32CubeIDE_1.17.0/STM32CubeIDE/plugins/com.st.stm32cube.ide.mcu.externaltools.gnu-tools-for-stm32.12.3.rel1.win32_1.1.0.202410251130/tools/bin/../lib/gcc/arm-none-eabi/12.3.1/thumb/v7-m/nofp\libgcc.a(_arm_cmpsf2.o)
 .debug_frame   0x000012b4       0x24 C:/ST/STM32CubeIDE_1.17.0/STM32CubeIDE/plugins/com.st.stm32cube.ide.mcu.externaltools.gnu-tools-for-stm32.12.3.rel1.win32_1.1.0.202410251130/tools/bin/../lib/gcc/arm-none-eabi/12.3.1/thumb/v7-m/nofp\libgcc.a(_arm_fixsfsi.o)
 .debug_frame   0x000012d8       0x24 C:/ST/STM32CubeIDE_1.17.0/STM32CubeIDE/plugins/com.st.stm32cube.ide.mcu.externaltools.gnu-tools-for-stm32.12.3.rel1.win32_1.1.0.202410251130/tools/bin/../lib/gcc/arm-none-eabi/12.3.1/thumb/v7-m/nofp\libgcc.a(_arm_fixunssfsi.o)

.debug_line_str
                0x00000000       0x6c
 .debug_line_str
                0x00000000       0x6c ./Startup/startup_stm32f103c8tx.o
