../Drivers/Src/UART.c:32:6:uart_2_configure_parameter	8	static
../Drivers/Src/UART.c:48:6:uart_3_configure_parameter	8	static
../Drivers/Src/UART.c:64:6:usart_init	16	static
../Drivers/Src/UART.c:87:6:usart_set_baudrate	48	static
../Drivers/Src/UART.c:117:6:uart_transmit	24	static
../Drivers/Src/UART.c:123:6:uart_send_string	16	static
../Drivers/Src/UART.c:129:6:uart_sent_uint	16	static
../Drivers/Src/UART.c:134:6:usart_write_polling	16	static
../Drivers/Src/UART.c:181:6:usart_read	32	static
../Drivers/Src/UART.c:228:6:usart_en	16	static
../Drivers/Src/UART.c:233:6:config_stop_bit	16	static
../Drivers/Src/UART.c:239:6:config_data_word_len	16	static
../Drivers/Src/UART.c:244:6:config_parity	16	static
../Drivers/Src/UART.c:256:6:config_mode	16	static
../Drivers/Src/UART.c:271:9:get_flag_status	16	static
../Drivers/Src/UART.c:283:6:usart_interrupt_based_transmit	16	static
../Drivers/Src/UART.c:289:6:usart_write_interrupt	16	static
../Drivers/Src/UART.c:295:6:usart_read_interrupt	24	static
../Drivers/Src/UART.c:306:6:register_uart_callback	16	static
../Drivers/Src/UART.c:311:6:usart_interrupt_handling	24	static
../Drivers/Src/UART.c:408:6:usart_tx_en	16	static
../Drivers/Src/UART.c:413:6:usart_rx_en	16	static
../Drivers/Src/UART.c:418:6:usart_tx_di	16	static
../Drivers/Src/UART.c:423:6:usart_rx_di	16	static
../Drivers/Src/UART.c:428:6:usart_dma_mode_en_di	16	static
../Drivers/Src/UART.c:446:6:dma_based_usart_transmission	24	static
../Drivers/Src/UART.c:457:6:USART2_IRQHandler	8	static
