../Src/app.c:38:6:jump_to_user_app	32	static
../Src/app.c:72:6:set_msp	16	static,ignoring_inline_asm
../Src/app.c:87:6:bl_read_uart_data	8	static
../Src/app.c:133:9:execute_flash_mem_write	32	static
../Src/app.c:166:9:execute_ram_mem_write	32	static
../Src/app.c:196:6:execute_option_byte_write	16	static
../Src/app.c:221:9:is_valid_cmd	16	static
../Src/app.c:244:9:is_protection_active	8	static
../Src/app.c:259:9:is_supported_memory	16	static
../Src/app.c:288:9:is_option_byte_address	16	static
../Src/app.c:307:13:bl_mem_write	24	static
../Src/app.c:406:13:bl_verify_checksum	24	static
../Src/app.c:440:13:bl_get_ver_cmd	24	static
../Src/app.c:469:13:bl_get	24	static
../Src/app.c:505:13:bl_get_cid_cmd	24	static
../Src/app.c:537:13:bl_go_to_addr	24	static
../Src/app.c:581:13:bl_flash_erase	24	static
../Src/app.c:637:6:bl_send_ack	24	static
../Src/app.c:655:6:bl_send_nack	16	static
../Src/app.c:672:9:get_bl_version	4	static
